Archive member included to satisfy reference by file (symbol)

c:/st/stm32cubeide_1.4.0/stm32cubeide/plugins/com.st.stm32cube.ide.mcu.externaltools.gnu-tools-for-stm32.9-2020-q2-update.win32_2.0.0.202105311346/tools/bin/../lib/gcc/arm-none-eabi/9.3.1/../../../../arm-none-eabi/lib/thumb/v7e-m+fp/hard\libc_nano.a(lib_a-errno.o)
                              ./Core/Src/syscalls.o (__errno)
c:/st/stm32cubeide_1.4.0/stm32cubeide/plugins/com.st.stm32cube.ide.mcu.externaltools.gnu-tools-for-stm32.9-2020-q2-update.win32_2.0.0.202105311346/tools/bin/../lib/gcc/arm-none-eabi/9.3.1/../../../../arm-none-eabi/lib/thumb/v7e-m+fp/hard\libc_nano.a(lib_a-exit.o)
                              c:/st/stm32cubeide_1.4.0/stm32cubeide/plugins/com.st.stm32cube.ide.mcu.externaltools.gnu-tools-for-stm32.9-2020-q2-update.win32_2.0.0.202105311346/tools/bin/../lib/gcc/arm-none-eabi/9.3.1/../../../../arm-none-eabi/lib/thumb/v7e-m+fp/hard/crt0.o (exit)
c:/st/stm32cubeide_1.4.0/stm32cubeide/plugins/com.st.stm32cube.ide.mcu.externaltools.gnu-tools-for-stm32.9-2020-q2-update.win32_2.0.0.202105311346/tools/bin/../lib/gcc/arm-none-eabi/9.3.1/../../../../arm-none-eabi/lib/thumb/v7e-m+fp/hard\libc_nano.a(lib_a-impure.o)
                              c:/st/stm32cubeide_1.4.0/stm32cubeide/plugins/com.st.stm32cube.ide.mcu.externaltools.gnu-tools-for-stm32.9-2020-q2-update.win32_2.0.0.202105311346/tools/bin/../lib/gcc/arm-none-eabi/9.3.1/../../../../arm-none-eabi/lib/thumb/v7e-m+fp/hard\libc_nano.a(lib_a-exit.o) (_global_impure_ptr)
c:/st/stm32cubeide_1.4.0/stm32cubeide/plugins/com.st.stm32cube.ide.mcu.externaltools.gnu-tools-for-stm32.9-2020-q2-update.win32_2.0.0.202105311346/tools/bin/../lib/gcc/arm-none-eabi/9.3.1/../../../../arm-none-eabi/lib/thumb/v7e-m+fp/hard\libc_nano.a(lib_a-init.o)
                              c:/st/stm32cubeide_1.4.0/stm32cubeide/plugins/com.st.stm32cube.ide.mcu.externaltools.gnu-tools-for-stm32.9-2020-q2-update.win32_2.0.0.202105311346/tools/bin/../lib/gcc/arm-none-eabi/9.3.1/../../../../arm-none-eabi/lib/thumb/v7e-m+fp/hard/crt0.o (__libc_init_array)
c:/st/stm32cubeide_1.4.0/stm32cubeide/plugins/com.st.stm32cube.ide.mcu.externaltools.gnu-tools-for-stm32.9-2020-q2-update.win32_2.0.0.202105311346/tools/bin/../lib/gcc/arm-none-eabi/9.3.1/../../../../arm-none-eabi/lib/thumb/v7e-m+fp/hard\libc_nano.a(lib_a-memcpy-stub.o)
                              ./Core/Src/main.o (memcpy)
c:/st/stm32cubeide_1.4.0/stm32cubeide/plugins/com.st.stm32cube.ide.mcu.externaltools.gnu-tools-for-stm32.9-2020-q2-update.win32_2.0.0.202105311346/tools/bin/../lib/gcc/arm-none-eabi/9.3.1/../../../../arm-none-eabi/lib/thumb/v7e-m+fp/hard\libc_nano.a(lib_a-memset.o)
                              c:/st/stm32cubeide_1.4.0/stm32cubeide/plugins/com.st.stm32cube.ide.mcu.externaltools.gnu-tools-for-stm32.9-2020-q2-update.win32_2.0.0.202105311346/tools/bin/../lib/gcc/arm-none-eabi/9.3.1/../../../../arm-none-eabi/lib/thumb/v7e-m+fp/hard/crt0.o (memset)
c:/st/stm32cubeide_1.4.0/stm32cubeide/plugins/com.st.stm32cube.ide.mcu.externaltools.gnu-tools-for-stm32.9-2020-q2-update.win32_2.0.0.202105311346/tools/bin/../lib/gcc/arm-none-eabi/9.3.1/../../../../arm-none-eabi/lib/thumb/v7e-m+fp/hard\libm.a(lib_a-sf_ceil.o)
                              ./Core/Src/funksjoner.o (ceilf)
c:/st/stm32cubeide_1.4.0/stm32cubeide/plugins/com.st.stm32cube.ide.mcu.externaltools.gnu-tools-for-stm32.9-2020-q2-update.win32_2.0.0.202105311346/tools/bin/../lib/gcc/arm-none-eabi/9.3.1/../../../../arm-none-eabi/lib/thumb/v7e-m+fp/hard\libm.a(lib_a-w_atan2.o)
                              ./Core/Src/funksjoner.o (atan2)
c:/st/stm32cubeide_1.4.0/stm32cubeide/plugins/com.st.stm32cube.ide.mcu.externaltools.gnu-tools-for-stm32.9-2020-q2-update.win32_2.0.0.202105311346/tools/bin/../lib/gcc/arm-none-eabi/9.3.1/../../../../arm-none-eabi/lib/thumb/v7e-m+fp/hard\libm.a(lib_a-w_pow.o)
                              ./Core/Src/funksjoner.o (pow)
c:/st/stm32cubeide_1.4.0/stm32cubeide/plugins/com.st.stm32cube.ide.mcu.externaltools.gnu-tools-for-stm32.9-2020-q2-update.win32_2.0.0.202105311346/tools/bin/../lib/gcc/arm-none-eabi/9.3.1/../../../../arm-none-eabi/lib/thumb/v7e-m+fp/hard\libm.a(lib_a-w_sqrt.o)
                              ./Core/Src/funksjoner.o (sqrt)
c:/st/stm32cubeide_1.4.0/stm32cubeide/plugins/com.st.stm32cube.ide.mcu.externaltools.gnu-tools-for-stm32.9-2020-q2-update.win32_2.0.0.202105311346/tools/bin/../lib/gcc/arm-none-eabi/9.3.1/../../../../arm-none-eabi/lib/thumb/v7e-m+fp/hard\libm.a(lib_a-e_atan2.o)
                              c:/st/stm32cubeide_1.4.0/stm32cubeide/plugins/com.st.stm32cube.ide.mcu.externaltools.gnu-tools-for-stm32.9-2020-q2-update.win32_2.0.0.202105311346/tools/bin/../lib/gcc/arm-none-eabi/9.3.1/../../../../arm-none-eabi/lib/thumb/v7e-m+fp/hard\libm.a(lib_a-w_atan2.o) (__ieee754_atan2)
[...]
Memory Configuration

Name             Origin             Length             Attributes
CCMRAM           0x0000000010000000 0x0000000000010000 xrw
RAM              0x0000000020000000 0x0000000000020000 xrw
FLASH            0x0000000008000000 0x0000000000100000 xr
*default*        0x0000000000000000 0xffffffffffffffff

Linker script and memory map

LOAD c:/st/stm32cubeide_1.4.0/stm32cubeide/plugins/com.st.stm32cube.ide.mcu.externaltools.gnu-tools-for-stm32.9-2020-q2-update.win32_2.0.0.202105311346/tools/bin/../lib/gcc/arm-none-eabi/9.3.1/thumb/v7e-m+fp/hard/crti.o
LOAD c:/st/stm32cubeide_1.4.0/stm32cubeide/plugins/com.st.stm32cube.ide.mcu.externaltools.gnu-tools-for-stm32.9-2020-q2-update.win32_2.0.0.202105311346/tools/bin/../lib/gcc/arm-none-eabi/9.3.1/thumb/v7e-m+fp/hard/crtbegin.o
LOAD c:/st/stm32cubeide_1.4.0/stm32cubeide/plugins/com.st.stm32cube.ide.mcu.externaltools.gnu-tools-for-stm32.9-2020-q2-update.win32_2.0.0.202105311346/tools/bin/../lib/gcc/arm-none-eabi/9.3.1/../../../../arm-none-eabi/lib/thumb/v7e-m+fp/hard/crt0.o
LOAD ./Core/Src/can.o
LOAD ./Core/Src/funksjoner.o
LOAD ./Core/Src/gpio.o
LOAD ./Core/Src/i2c.o
LOAD ./Core/Src/icm20948.o
LOAD ./Core/Src/main.o
LOAD ./Core/Src/spi.o
LOAD ./Core/Src/stm32f4xx_hal_msp.o
LOAD ./Core/Src/stm32f4xx_it.o
LOAD ./Core/Src/stts75.o
LOAD ./Core/Src/syscalls.o
LOAD ./Core/Src/sysmem.o
LOAD ./Core/Src/system_stm32f4xx.o
LOAD ./Core/Src/trykk.o
LOAD ./Core/Startup/startup_stm32f415rgtx.o
LOAD ./Drivers/STM32F4xx_HAL_Driver/Src/stm32f4xx_hal.o
LOAD ./Drivers/STM32F4xx_HAL_Driver/Src/stm32f4xx_hal_can.o
LOAD ./Drivers/STM32F4xx_HAL_Driver/Src/stm32f4xx_hal_cortex.o
LOAD ./Drivers/STM32F4xx_HAL_Driver/Src/stm32f4xx_hal_dma.o
LOAD ./Drivers/STM32F4xx_HAL_Driver/Src/stm32f4xx_hal_dma_ex.o
LOAD ./Drivers/STM32F4xx_HAL_Driver/Src/stm32f4xx_hal_exti.o
LOAD ./Drivers/STM32F4xx_HAL_Driver/Src/stm32f4xx_hal_flash.o
LOAD ./Drivers/STM32F4xx_HAL_Driver/Src/stm32f4xx_hal_flash_ex.o
LOAD ./Drivers/STM32F4xx_HAL_Driver/Src/stm32f4xx_hal_flash_ramfunc.o
LOAD ./Drivers/STM32F4xx_HAL_Driver/Src/stm32f4xx_hal_gpio.o
LOAD ./Drivers/STM32F4xx_HAL_Driver/Src/stm32f4xx_hal_i2c.o
LOAD ./Drivers/STM32F4xx_HAL_Driver/Src/stm32f4xx_hal_i2c_ex.o
LOAD ./Drivers/STM32F4xx_HAL_Driver/Src/stm32f4xx_hal_pcd.o
LOAD ./Drivers/STM32F4xx_HAL_Driver/Src/stm32f4xx_hal_pcd_ex.o
LOAD ./Drivers/STM32F4xx_HAL_Driver/Src/stm32f4xx_hal_pwr.o
LOAD ./Drivers/STM32F4xx_HAL_Driver/Src/stm32f4xx_hal_pwr_ex.o
LOAD ./Drivers/STM32F4xx_HAL_Driver/Src/stm32f4xx_hal_rcc.o
LOAD ./Drivers/STM32F4xx_HAL_Driver/Src/stm32f4xx_hal_rcc_ex.o
LOAD ./Drivers/STM32F4xx_HAL_Driver/Src/stm32f4xx_hal_spi.o
LOAD ./Drivers/STM32F4xx_HAL_Driver/Src/stm32f4xx_hal_tim.o
LOAD ./Drivers/STM32F4xx_HAL_Driver/Src/stm32f4xx_hal_tim_ex.o
LOAD ./Drivers/STM32F4xx_HAL_Driver/Src/stm32f4xx_ll_usb.o
LOAD ./Middlewares/ST/STM32_USB_Device_Library/Class/CDC/Src/usbd_cdc.o
LOAD ./Middlewares/ST/STM32_USB_Device_Library/Core/Src/usbd_core.o
LOAD ./Middlewares/ST/STM32_USB_Device_Library/Core/Src/usbd_ctlreq.o
LOAD ./Middlewares/ST/STM32_USB_Device_Library/Core/Src/usbd_ioreq.o
LOAD ./USB_DEVICE/App/usb_device.o
LOAD ./USB_DEVICE/App/usbd_cdc_if.o
LOAD ./USB_DEVICE/App/usbd_desc.o
LOAD ./USB_DEVICE/Target/usbd_conf.o
START GROUP
LOAD c:/st/stm32cubeide_1.4.0/stm32cubeide/plugins/com.st.stm32cube.ide.mcu.externaltools.gnu-tools-for-stm32.9-2020-q2-update.win32_2.0.0.202105311346/tools/bin/../lib/gcc/arm-none-eabi/9.3.1/../../../../arm-none-eabi/lib/thumb/v7e-m+fp/hard\libc_nano.a
LOAD c:/st/stm32cubeide_1.4.0/stm32cubeide/plugins/com.st.stm32cube.ide.mcu.externaltools.gnu-tools-for-stm32.9-2020-q2-update.win32_2.0.0.202105311346/tools/bin/../lib/gcc/arm-none-eabi/9.3.1/../../../../arm-none-eabi/lib/thumb/v7e-m+fp/hard\libm.a
END GROUP
START GROUP
LOAD c:/st/stm32cubeide_1.4.0/stm32cubeide/plugins/com.st.stm32cube.ide.mcu.externaltools.gnu-tools-for-stm32.9-2020-q2-update.win32_2.0.0.202105311346/tools/bin/../lib/gcc/arm-none-eabi/9.3.1/thumb/v7e-m+fp/hard\libgcc.a
LOAD c:/st/stm32cubeide_1.4.0/stm32cubeide/plugins/com.st.stm32cube.ide.mcu.externaltools.gnu-tools-for-stm32.9-2020-q2-update.win32_2.0.0.202105311346/tools/bin/../lib/gcc/arm-none-eabi/9.3.1/../../../../arm-none-eabi/lib/thumb/v7e-m+fp/hard\libc_nano.a
END GROUP
START GROUP
LOAD c:/st/stm32cubeide_1.4.0/stm32cubeide/plugins/com.st.stm32cube.ide.mcu.externaltools.gnu-tools-for-stm32.9-2020-q2-update.win32_2.0.0.202105311346/tools/bin/../lib/gcc/arm-none-eabi/9.3.1/thumb/v7e-m+fp/hard\libgcc.a
LOAD c:/st/stm32cubeide_1.4.0/stm32cubeide/plugins/com.st.stm32cube.ide.mcu.externaltools.gnu-tools-for-stm32.9-2020-q2-update.win32_2.0.0.202105311346/tools/bin/../lib/gcc/arm-none-eabi/9.3.1/../../../../arm-none-eabi/lib/thumb/v7e-m+fp/hard\libc_nano.a
LOAD c:/st/stm32cubeide_1.4.0/stm32cubeide/plugins/com.st.stm32cube.ide.mcu.externaltools.gnu-tools-for-stm32.9-2020-q2-update.win32_2.0.0.202105311346/tools/bin/../lib/gcc/arm-none-eabi/9.3.1/../../../../arm-none-eabi/lib/thumb/v7e-m+fp/hard\libnosys.a
END GROUP
START GROUP
LOAD c:/st/stm32cubeide_1.4.0/stm32cubeide/plugins/com.st.stm32cube.ide.mcu.externaltools.gnu-tools-for-stm32.9-2020-q2-update.win32_2.0.0.202105311346/tools/bin/../lib/gcc/arm-none-eabi/9.3.1/thumb/v7e-m+fp/hard\libgcc.a
LOAD c:/st/stm32cubeide_1.4.0/stm32cubeide/plugins/com.st.stm32cube.ide.mcu.externaltools.gnu-tools-for-stm32.9-2020-q2-update.win32_2.0.0.202105311346/tools/bin/../lib/gcc/arm-none-eabi/9.3.1/../../../../arm-none-eabi/lib/thumb/v7e-m+fp/hard\libc_nano.a
LOAD c:/st/stm32cubeide_1.4.0/stm32cubeide/plugins/com.st.stm32cube.ide.mcu.externaltools.gnu-tools-for-stm32.9-2020-q2-update.win32_2.0.0.202105311346/tools/bin/../lib/gcc/arm-none-eabi/9.3.1/../../../../arm-none-eabi/lib/thumb/v7e-m+fp/hard\libnosys.a
END GROUP
LOAD c:/st/stm32cubeide_1.4.0/stm32cubeide/plugins/com.st.stm32cube.ide.mcu.externaltools.gnu-tools-for-stm32.9-2020-q2-update.win32_2.0.0.202105311346/tools/bin/../lib/gcc/arm-none-eabi/9.3.1/thumb/v7e-m+fp/hard/crtend.o
LOAD c:/st/stm32cubeide_1.4.0/stm32cubeide/plugins/com.st.stm32cube.ide.mcu.externaltools.gnu-tools-for-stm32.9-2020-q2-update.win32_2.0.0.202105311346/tools/bin/../lib/gcc/arm-none-eabi/9.3.1/thumb/v7e-m+fp/hard/crtn.o
                0x0000000020020000                _estack = (ORIGIN (RAM) + LENGTH (RAM))
                0x0000000000000200                _Min_Heap_Size = 0x200
                0x0000000000000400                _Min_Stack_Size = 0x400

.isr_vector     0x0000000008000000      0x188
                0x0000000008000000                . = ALIGN (0x4)
 *(.isr_vector)
 .isr_vector    0x0000000008000000      0x188 ./Core/Startup/startup_stm32f415rgtx.o
                0x0000000008000000                g_pfnVectors
                0x0000000008000188                . = ALIGN (0x4)

.text           0x0000000008000188     0xd784
                0x0000000008000188                . = ALIGN (0x4)
 *(.text)
 .text          0x0000000008000188       0x40 c:/st/stm32cubeide_1.4.0/stm32cubeide/plugins/com.st.stm32cube.ide.mcu.externaltools.gnu-tools-for-stm32.9-2020-q2-update.win32_2.0.0.202105311346/tools/bin/../lib/gcc/arm-none-eabi/9.3.1/thumb/v7e-m+fp/hard/crtbegin.o
 .text          0x00000000080001c8      0x378 c:/st/stm32cubeide_1.4.0/stm32cubeide/plugins/com.st.stm32cube.ide.mcu.externaltools.gnu-tools-for-stm32.9-2020-q2-update.win32_2.0.0.202105311346/tools/bin/../lib/gcc/arm-none-eabi/9.3.1/thumb/v7e-m+fp/hard\libgcc.a(_arm_addsubdf3.o)
                0x00000000080001c8                __aeabi_drsub
                0x00000000080001d0                __aeabi_dsub
                0x00000000080001d0                __subdf3
                0x00000000080001d4                __aeabi_dadd
                0x00000000080001d4                __adddf3
                0x000000000800044c                __floatunsidf
                0x000000000800044c                __aeabi_ui2d
                0x000000000800046c                __floatsidf
                0x000000000800046c                __aeabi_i2d
                0x0000000008000490                __aeabi_f2d
                0x0000000008000490                __extendsfdf2
                0x00000000080004d4                __floatundidf
                0x00000000080004d4                __aeabi_ul2d
                0x00000000080004e4                __floatdidf
                0x00000000080004e4                __aeabi_l2d
 .text          0x0000000008000540      0x424 c:/st/stm32cubeide_1.4.0/stm32cubeide/plugins/com.st.stm32cube.ide.mcu.externaltools.gnu-tools-for-stm32.9-2020-q2-update.win32_2.0.0.202105311346/tools/bin/../lib/gcc/arm-none-eabi/9.3.1/thumb/v7e-m+fp/hard\libgcc.a(_arm_muldivdf3.o)
                0x0000000008000540                __aeabi_dmul
                0x0000000008000540                __muldf3
                0x0000000008000794                __divdf3
                0x0000000008000794                __aeabi_ddiv
 .text          0x0000000008000964      0x110 c:/st/stm32cubeide_1.4.0/stm32cubeide/plugins/com.st.stm32cube.ide.mcu.externaltools.gnu-tools-for-stm32.9-2020-q2-update.win32_2.0.0.202105311346/tools/bin/../lib/gcc/arm-none-eabi/9.3.1/thumb/v7e-m+fp/hard\libgcc.a(_arm_cmpdf2.o)
                0x0000000008000964                __gtdf2
                0x0000000008000964                __gedf2
                0x000000000800096c                __ltdf2
                0x000000000800096c                __ledf2
                0x0000000008000974                __nedf2
                0x0000000008000974                __eqdf2
                0x0000000008000974                __cmpdf2
                0x00000000080009f0                __aeabi_cdrcmple
                0x0000000008000a00                __aeabi_cdcmpeq
                0x0000000008000a00                __aeabi_cdcmple
                0x0000000008000a10                __aeabi_dcmpeq
                0x0000000008000a24                __aeabi_dcmplt
                0x0000000008000a38                __aeabi_dcmple
                0x0000000008000a4c                __aeabi_dcmpge
                0x0000000008000a60                __aeabi_dcmpgt
 .text          0x0000000008000a74       0x2c c:/st/stm32cubeide_1.4.0/stm32cubeide/plugins/com.st.stm32cube.ide.mcu.externaltools.gnu-tools-for-stm32.9-2020-q2-update.win32_2.0.0.202105311346/tools/bin/../lib/gcc/arm-none-eabi/9.3.1/thumb/v7e-m+fp/hard\libgcc.a(_arm_unorddf2.o)
                0x0000000008000a74                __unorddf2
                0x0000000008000a74                __aeabi_dcmpun
 .text          0x0000000008000aa0       0x50 c:/st/stm32cubeide_1.4.0/stm32cubeide/plugins/com.st.stm32cube.ide.mcu.externaltools.gnu-tools-for-stm32.9-2020-q2-update.win32_2.0.0.202105311346/tools/bin/../lib/gcc/arm-none-eabi/9.3.1/thumb/v7e-m+fp/hard\libgcc.a(_arm_fixdfsi.o)
                0x0000000008000aa0                __aeabi_d2iz
                0x0000000008000aa0                __fixdfsi
 .text          0x0000000008000af0       0xa0 c:/st/stm32cubeide_1.4.0/stm32cubeide/plugins/com.st.stm32cube.ide.mcu.externaltools.gnu-tools-for-stm32.9-2020-q2-update.win32_2.0.0.202105311346/tools/bin/../lib/gcc/arm-none-eabi/9.3.1/thumb/v7e-m+fp/hard\libgcc.a(_arm_truncdfsf2.o)
                0x0000000008000af0                __truncdfsf2
                0x0000000008000af0                __aeabi_d2f
 .text          0x0000000008000b90      0x21c c:/st/stm32cubeide_1.4.0/stm32cubeide/plugins/com.st.stm32cube.ide.mcu.externaltools.gnu-tools-for-stm32.9-2020-q2-update.win32_2.0.0.202105311346/tools/bin/../lib/gcc/arm-none-eabi/9.3.1/thumb/v7e-m+fp/hard\libgcc.a(_arm_addsubsf3.o)
                0x0000000008000b90                __aeabi_frsub
                0x0000000008000b98                __subsf3
                0x0000000008000b98                __aeabi_fsub
                0x0000000008000b9c                __aeabi_fadd
                0x0000000008000b9c                __addsf3
                0x0000000008000cfc                __aeabi_ui2f
                0x0000000008000cfc                __floatunsisf
                0x0000000008000d04                __aeabi_i2f
                0x0000000008000d04                __floatsisf
                0x0000000008000d20                __aeabi_ul2f
                0x0000000008000d20                __floatundisf
                0x0000000008000d30                __aeabi_l2f
                0x0000000008000d30                __floatdisf
 .text          0x0000000008000dac       0x30 c:/st/stm32cubeide_1.4.0/stm32cubeide/plugins/com.st.stm32cube.ide.mcu.externaltools.gnu-tools-for-stm32.9-2020-q2-update.win32_2.0.0.202105311346/tools/bin/../lib/gcc/arm-none-eabi/9.3.1/thumb/v7e-m+fp/hard\libgcc.a(_aeabi_uldivmod.o)
                0x0000000008000dac                __aeabi_uldivmod
 .text          0x0000000008000ddc       0x28 c:/st/stm32cubeide_1.4.0/stm32cubeide/plugins/com.st.stm32cube.ide.mcu.externaltools.gnu-tools-for-stm32.9-2020-q2-update.win32_2.0.0.202105311346/tools/bin/../lib/gcc/arm-none-eabi/9.3.1/thumb/v7e-m+fp/hard\libgcc.a(_fixsfdi.o)
                0x0000000008000ddc                __fixsfdi
                0x0000000008000ddc                __aeabi_f2lz
 .text          0x0000000008000e04       0x30 c:/st/stm32cubeide_1.4.0/stm32cubeide/plugins/com.st.stm32cube.ide.mcu.externaltools.gnu-tools-for-stm32.9-2020-q2-update.win32_2.0.0.202105311346/tools/bin/../lib/gcc/arm-none-eabi/9.3.1/thumb/v7e-m+fp/hard\libgcc.a(_fixdfdi.o)
                0x0000000008000e04                __fixdfdi
                0x0000000008000e04                __aeabi_d2lz
 .text          0x0000000008000e34       0x40 c:/st/stm32cubeide_1.4.0/stm32cubeide/plugins/com.st.stm32cube.ide.mcu.externaltools.gnu-tools-for-stm32.9-2020-q2-update.win32_2.0.0.202105311346/tools/bin/../lib/gcc/arm-none-eabi/9.3.1/thumb/v7e-m+fp/hard\libgcc.a(_fixunssfdi.o)
                0x0000000008000e34                __fixunssfdi
                0x0000000008000e34                __aeabi_f2ulz
 .text          0x0000000008000e74       0x3c c:/st/stm32cubeide_1.4.0/stm32cubeide/plugins/com.st.stm32cube.ide.mcu.externaltools.gnu-tools-for-stm32.9-2020-q2-update.win32_2.0.0.202105311346/tools/bin/../lib/gcc/arm-none-eabi/9.3.1/thumb/v7e-m+fp/hard\libgcc.a(_fixunsdfdi.o)
                0x0000000008000e74                __fixunsdfdi
                0x0000000008000e74                __aeabi_d2ulz
 .text          0x0000000008000eb0      0x2c4 c:/st/stm32cubeide_1.4.0/stm32cubeide/plugins/com.st.stm32cube.ide.mcu.externaltools.gnu-tools-for-stm32.9-2020-q2-update.win32_2.0.0.202105311346/tools/bin/../lib/gcc/arm-none-eabi/9.3.1/thumb/v7e-m+fp/hard\libgcc.a(_udivmoddi4.o)
                0x0000000008000eb0                __udivmoddi4
 .text          0x0000000008001174        0x4 c:/st/stm32cubeide_1.4.0/stm32cubeide/plugins/com.st.stm32cube.ide.mcu.externaltools.gnu-tools-for-stm32.9-2020-q2-update.win32_2.0.0.202105311346/tools/bin/../lib/gcc/arm-none-eabi/9.3.1/thumb/v7e-m+fp/hard\libgcc.a(_dvmd_tls.o)
                0x0000000008001174                __aeabi_idiv0
                0x0000000008001174                __aeabi_ldiv0
 .text          0x0000000008001178       0x40 c:/st/stm32cubeide_1.4.0/stm32cubeide/plugins/com.st.stm32cube.ide.mcu.externaltools.gnu-tools-for-stm32.9-2020-q2-update.win32_2.0.0.202105311346/tools/bin/../lib/gcc/arm-none-eabi/9.3.1/thumb/v7e-m+fp/hard\libgcc.a(_arm_fixunsdfsi.o)
                0x0000000008001178                __aeabi_d2uiz
                0x0000000008001178                __fixunsdfsi
 *(.text*)
 .text.MX_CAN1_Init
                0x00000000080011b8       0x6c ./Core/Src/can.o
                0x00000000080011b8                MX_CAN1_Init
 .text.HAL_CAN_MspInit
                0x0000000008001224       0xa0 ./Core/Src/can.o
                0x0000000008001224                HAL_CAN_MspInit
 .text.sjekklekkasje
                0x00000000080012c4       0xd8 ./Core/Src/funksjoner.o
                0x00000000080012c4                sjekklekkasje
 .text.oppstartCAN
                0x000000000800139c       0xa0 ./Core/Src/funksjoner.o
                0x000000000800139c                oppstartCAN
 .text.sendDataCAN
                0x000000000800143c       0x34 ./Core/Src/funksjoner.o
                0x000000000800143c                sendDataCAN
 .text.init_usbbuf
                0x0000000008001470      0x108 ./Core/Src/funksjoner.o
                0x0000000008001470                init_usbbuf
 .text.les_og_behandle_temp
                0x0000000008001578      0x1dc ./Core/Src/funksjoner.o
                0x0000000008001578                les_og_behandle_temp
 *fill*         0x0000000008001754        0x4 
 .text.dybdeutregning
                0x0000000008001758       0xa0 ./Core/Src/funksjoner.o
                0x0000000008001758                dybdeutregning
 .text.les_og_beregne_vinkler
                0x00000000080017f8      0xa24 ./Core/Src/funksjoner.o
                0x00000000080017f8                les_og_beregne_vinkler
 .text.lag_datapakker_CAN
                0x000000000800221c       0x94 ./Core/Src/funksjoner.o
                0x000000000800221c                lag_datapakker_CAN
 .text.senddatapakkerCAN
                0x00000000080022b0       0x58 ./Core/Src/funksjoner.o
                0x00000000080022b0                senddatapakkerCAN
 .text.MX_GPIO_Init
                0x0000000008002308      0x12c ./Core/Src/gpio.o
                0x0000000008002308                MX_GPIO_Init
 .text.MX_I2C1_Init
                0x0000000008002434       0x5c ./Core/Src/i2c.o
                0x0000000008002434                MX_I2C1_Init
 .text.HAL_I2C_MspInit
                0x0000000008002490       0x90 ./Core/Src/i2c.o
                0x0000000008002490                HAL_I2C_MspInit
 .text.icm20948_init
                0x0000000008002520       0x5c ./Core/Src/icm20948.o
                0x0000000008002520                icm20948_init
 .text.icm20948_gyro_read
                0x000000000800257c       0x86 ./Core/Src/icm20948.o
                0x000000000800257c                icm20948_gyro_read
 *fill*         0x0000000008002602        0x2 
 .text.icm20948_accel_read
                0x0000000008002604       0x94 ./Core/Src/icm20948.o
                0x0000000008002604                icm20948_accel_read
 .text.icm20948_gyro_read_dps
                0x0000000008002698       0x5c ./Core/Src/icm20948.o
                0x0000000008002698                icm20948_gyro_read_dps
 .text.icm20948_accel_read_g
                0x00000000080026f4       0x5c ./Core/Src/icm20948.o
                0x00000000080026f4                icm20948_accel_read_g
 .text.icm20948_who_am_i
                0x0000000008002750       0x26 ./Core/Src/icm20948.o
                0x0000000008002750                icm20948_who_am_i
 .text.icm20948_device_reset
                0x0000000008002776       0x18 ./Core/Src/icm20948.o
                0x0000000008002776                icm20948_device_reset
 .text.icm20948_wakeup
                0x000000000800278e       0x34 ./Core/Src/icm20948.o
                0x000000000800278e                icm20948_wakeup
 .text.icm20948_spi_slave_enable
                0x00000000080027c2       0x2e ./Core/Src/icm20948.o
                0x00000000080027c2                icm20948_spi_slave_enable
 .text.icm20948_clock_source
                0x00000000080027f0       0x32 ./Core/Src/icm20948.o
                0x00000000080027f0                icm20948_clock_source
 .text.icm20948_odr_align_enable
                0x0000000008002822       0x12 ./Core/Src/icm20948.o
                0x0000000008002822                icm20948_odr_align_enable
 .text.icm20948_gyro_low_pass_filter
                0x0000000008002834       0x3a ./Core/Src/icm20948.o
                0x0000000008002834                icm20948_gyro_low_pass_filter
 .text.icm20948_accel_low_pass_filter
                0x000000000800286e       0x3a ./Core/Src/icm20948.o
                0x000000000800286e                icm20948_accel_low_pass_filter
 .text.icm20948_gyro_sample_rate_divider
                0x00000000080028a8       0x1e ./Core/Src/icm20948.o
                0x00000000080028a8                icm20948_gyro_sample_rate_divider
 .text.icm20948_accel_sample_rate_divider
                0x00000000080028c6       0x3c ./Core/Src/icm20948.o
                0x00000000080028c6                icm20948_accel_sample_rate_divider
 *fill*         0x0000000008002902        0x2 
 .text.icm20948_gyro_calibration
                0x0000000008002904      0x138 ./Core/Src/icm20948.o
                0x0000000008002904                icm20948_gyro_calibration
 .text.icm20948_accel_calibration
                0x0000000008002a3c      0x21c ./Core/Src/icm20948.o
                0x0000000008002a3c                icm20948_accel_calibration
 .text.icm20948_gyro_full_scale_select
                0x0000000008002c58       0x94 ./Core/Src/icm20948.o
                0x0000000008002c58                icm20948_gyro_full_scale_select
 .text.icm20948_accel_full_scale_select
                0x0000000008002cec       0x8c ./Core/Src/icm20948.o
                0x0000000008002cec                icm20948_accel_full_scale_select
 .text.cs_high  0x0000000008002d78       0x18 ./Core/Src/icm20948.o
 .text.cs_low   0x0000000008002d90       0x18 ./Core/Src/icm20948.o
 .text.select_user_bank
                0x0000000008002da8       0x34 ./Core/Src/icm20948.o
 .text.read_single_icm20948_reg
                0x0000000008002ddc       0x58 ./Core/Src/icm20948.o
 .text.write_single_icm20948_reg
                0x0000000008002e34       0x48 ./Core/Src/icm20948.o
 .text.read_multiple_icm20948_reg
                0x0000000008002e7c       0x60 ./Core/Src/icm20948.o
 .text.write_multiple_icm20948_reg
                0x0000000008002edc       0x58 ./Core/Src/icm20948.o
 .text.main     0x0000000008002f34      0x130 ./Core/Src/main.o
                0x0000000008002f34                main
 .text.SystemClock_Config
                0x0000000008003064       0xd4 ./Core/Src/main.o
                0x0000000008003064                SystemClock_Config
 .text.HAL_CAN_RxFifo0MsgPendingCallback
                0x0000000008003138       0x90 ./Core/Src/main.o
                0x0000000008003138                HAL_CAN_RxFifo0MsgPendingCallback
 .text.Error_Handler
                0x00000000080031c8        0xa ./Core/Src/main.o
                0x00000000080031c8                Error_Handler
 *fill*         0x00000000080031d2        0x2 
 .text.MX_SPI1_Init
                0x00000000080031d4       0x6c ./Core/Src/spi.o
                0x00000000080031d4                MX_SPI1_Init
 .text.HAL_SPI_MspInit
                0x0000000008003240       0x90 ./Core/Src/spi.o
                0x0000000008003240                HAL_SPI_MspInit
 .text.HAL_MspInit
                0x00000000080032d0       0x50 ./Core/Src/stm32f4xx_hal_msp.o
                0x00000000080032d0                HAL_MspInit
 .text.NMI_Handler
                0x0000000008003320        0x6 ./Core/Src/stm32f4xx_it.o
                0x0000000008003320                NMI_Handler
 .text.HardFault_Handler
                0x0000000008003326        0x6 ./Core/Src/stm32f4xx_it.o
                0x0000000008003326                HardFault_Handler
 .text.MemManage_Handler
                0x000000000800332c        0x6 ./Core/Src/stm32f4xx_it.o
                0x000000000800332c                MemManage_Handler
 .text.BusFault_Handler
                0x0000000008003332        0x6 ./Core/Src/stm32f4xx_it.o
                0x0000000008003332                BusFault_Handler
 .text.UsageFault_Handler
                0x0000000008003338        0x6 ./Core/Src/stm32f4xx_it.o
                0x0000000008003338                UsageFault_Handler
 .text.SVC_Handler
                0x000000000800333e        0xe ./Core/Src/stm32f4xx_it.o
                0x000000000800333e                SVC_Handler
 .text.DebugMon_Handler
                0x000000000800334c        0xe ./Core/Src/stm32f4xx_it.o
                0x000000000800334c                DebugMon_Handler
 .text.PendSV_Handler
                0x000000000800335a        0xe ./Core/Src/stm32f4xx_it.o
                0x000000000800335a                PendSV_Handler
 .text.SysTick_Handler
                0x0000000008003368        0xc ./Core/Src/stm32f4xx_it.o
                0x0000000008003368                SysTick_Handler
 .text.CAN1_RX0_IRQHandler
                0x0000000008003374       0x14 ./Core/Src/stm32f4xx_it.o
                0x0000000008003374                CAN1_RX0_IRQHandler
 .text.OTG_FS_IRQHandler
                0x0000000008003388       0x14 ./Core/Src/stm32f4xx_it.o
                0x0000000008003388                OTG_FS_IRQHandler
 .text.TEMP_sjekk
                0x000000000800339c       0x42 ./Core/Src/stts75.o
                0x000000000800339c                TEMP_sjekk
 *fill*         0x00000000080033de        0x2 
 .text.TEMP_les
                0x00000000080033e0       0xa4 ./Core/Src/stts75.o
                0x00000000080033e0                TEMP_les
 .text.SystemInit
                0x0000000008003484       0x24 ./Core/Src/system_stm32f4xx.o
                0x0000000008003484                SystemInit
 .text.TRYKKSENSOR_Initialiser
                0x00000000080034a8       0x82 ./Core/Src/trykk.o
                0x00000000080034a8                TRYKKSENSOR_Initialiser
 *fill*         0x000000000800352a        0x2 
 .text.TRYKKSENSOR_LesKalibrering
                0x000000000800352c      0x1c4 ./Core/Src/trykk.o
                0x000000000800352c                TRYKKSENSOR_LesKalibrering
 .text.TRYKKSENSOR_LesTrykk
                0x00000000080036f0      0x544 ./Core/Src/trykk.o
                0x00000000080036f0                TRYKKSENSOR_LesTrykk
 .text.TRYKKSENSOR_LesRegistrene
                0x0000000008003c34       0x4c ./Core/Src/trykk.o
                0x0000000008003c34                TRYKKSENSOR_LesRegistrene
 .text.TRYKKSENSOR_SkrivRegister
                0x0000000008003c80       0x36 ./Core/Src/trykk.o
                0x0000000008003c80                TRYKKSENSOR_SkrivRegister
 *fill*         0x0000000008003cb6        0x2 
 .text.Reset_Handler
                0x0000000008003cb8       0x50 ./Core/Startup/startup_stm32f415rgtx.o
                0x0000000008003cb8                Reset_Handler
 .text.Default_Handler
                0x0000000008003d08        0x2 ./Core/Startup/startup_stm32f415rgtx.o
                0x0000000008003d08                RTC_Alarm_IRQHandler
                0x0000000008003d08                HASH_RNG_IRQHandler
                0x0000000008003d08                EXTI2_IRQHandler
                0x0000000008003d08                TIM8_CC_IRQHandler
                0x0000000008003d08                TIM1_CC_IRQHandler
                0x0000000008003d08                DMA2_Stream5_IRQHandler
                0x0000000008003d08                DMA1_Stream5_IRQHandler
                0x0000000008003d08                PVD_IRQHandler
                0x0000000008003d08                SDIO_IRQHandler
                0x0000000008003d08                TAMP_STAMP_IRQHandler
                0x0000000008003d08                CAN2_RX1_IRQHandler
                0x0000000008003d08                EXTI3_IRQHandler
                0x0000000008003d08                TIM8_TRG_COM_TIM14_IRQHandler
                0x0000000008003d08                TIM1_UP_TIM10_IRQHandler
                0x0000000008003d08                TIM8_UP_TIM13_IRQHandler
                0x0000000008003d08                I2C3_ER_IRQHandler
                0x0000000008003d08                EXTI0_IRQHandler
                0x0000000008003d08                I2C2_EV_IRQHandler
                0x0000000008003d08                DMA1_Stream2_IRQHandler
                0x0000000008003d08                FPU_IRQHandler
                0x0000000008003d08                OTG_HS_WKUP_IRQHandler
                0x0000000008003d08                CAN2_SCE_IRQHandler
                0x0000000008003d08                DMA2_Stream2_IRQHandler
                0x0000000008003d08                SPI1_IRQHandler
                0x0000000008003d08                TIM6_DAC_IRQHandler
                0x0000000008003d08                TIM1_BRK_TIM9_IRQHandler
                0x0000000008003d08                CAN2_RX0_IRQHandler
                0x0000000008003d08                DMA2_Stream3_IRQHandler
                0x0000000008003d08                USART6_IRQHandler
                0x0000000008003d08                USART3_IRQHandler
                0x0000000008003d08                CRYP_IRQHandler
                0x0000000008003d08                CAN1_RX1_IRQHandler
                0x0000000008003d08                UART5_IRQHandler
                0x0000000008003d08                DMA2_Stream0_IRQHandler
                0x0000000008003d08                TIM4_IRQHandler
                0x0000000008003d08                I2C1_EV_IRQHandler
                0x0000000008003d08                DMA1_Stream6_IRQHandler
                0x0000000008003d08                DMA1_Stream1_IRQHandler
                0x0000000008003d08                UART4_IRQHandler
                0x0000000008003d08                TIM3_IRQHandler
                0x0000000008003d08                RCC_IRQHandler
                0x0000000008003d08                TIM8_BRK_TIM12_IRQHandler
                0x0000000008003d08                Default_Handler
                0x0000000008003d08                EXTI15_10_IRQHandler
                0x0000000008003d08                ADC_IRQHandler
                0x0000000008003d08                DMA1_Stream7_IRQHandler
                0x0000000008003d08                TIM7_IRQHandler
                0x0000000008003d08                CAN2_TX_IRQHandler
                0x0000000008003d08                TIM5_IRQHandler
                0x0000000008003d08                DMA2_Stream7_IRQHandler
                0x0000000008003d08                I2C3_EV_IRQHandler
                0x0000000008003d08                EXTI9_5_IRQHandler
                0x0000000008003d08                RTC_WKUP_IRQHandler
                0x0000000008003d08                SPI2_IRQHandler
                0x0000000008003d08                OTG_HS_EP1_IN_IRQHandler
                0x0000000008003d08                DMA1_Stream0_IRQHandler
                0x0000000008003d08                CAN1_TX_IRQHandler
                0x0000000008003d08                EXTI4_IRQHandler
                0x0000000008003d08                FSMC_IRQHandler
                0x0000000008003d08                OTG_HS_EP1_OUT_IRQHandler
                0x0000000008003d08                WWDG_IRQHandler
                0x0000000008003d08                TIM2_IRQHandler
                0x0000000008003d08                OTG_FS_WKUP_IRQHandler
                0x0000000008003d08                TIM1_TRG_COM_TIM11_IRQHandler
                0x0000000008003d08                OTG_HS_IRQHandler
                0x0000000008003d08                EXTI1_IRQHandler
                0x0000000008003d08                USART2_IRQHandler
                0x0000000008003d08                I2C2_ER_IRQHandler
                0x0000000008003d08                DMA2_Stream1_IRQHandler
                0x0000000008003d08                CAN1_SCE_IRQHandler
                0x0000000008003d08                FLASH_IRQHandler
                0x0000000008003d08                DMA2_Stream4_IRQHandler
                0x0000000008003d08                USART1_IRQHandler
                0x0000000008003d08                SPI3_IRQHandler
                0x0000000008003d08                DMA1_Stream4_IRQHandler
                0x0000000008003d08                I2C1_ER_IRQHandler
                0x0000000008003d08                DMA2_Stream6_IRQHandler
                0x0000000008003d08                DMA1_Stream3_IRQHandler
 *fill*         0x0000000008003d0a        0x2 
 .text.HAL_Init
                0x0000000008003d0c       0x44 ./Drivers/STM32F4xx_HAL_Driver/Src/stm32f4xx_hal.o
                0x0000000008003d0c                HAL_Init
 .text.HAL_InitTick
                0x0000000008003d50       0x60 ./Drivers/STM32F4xx_HAL_Driver/Src/stm32f4xx_hal.o
                0x0000000008003d50                HAL_InitTick
 .text.HAL_IncTick
                0x0000000008003db0       0x28 ./Drivers/STM32F4xx_HAL_Driver/Src/stm32f4xx_hal.o
                0x0000000008003db0                HAL_IncTick
 .text.HAL_GetTick
                0x0000000008003dd8       0x18 ./Drivers/STM32F4xx_HAL_Driver/Src/stm32f4xx_hal.o
                0x0000000008003dd8                HAL_GetTick
 .text.HAL_Delay
                0x0000000008003df0       0x48 ./Drivers/STM32F4xx_HAL_Driver/Src/stm32f4xx_hal.o
                0x0000000008003df0                HAL_Delay
 .text.HAL_CAN_Init
                0x0000000008003e38      0x1f6 ./Drivers/STM32F4xx_HAL_Driver/Src/stm32f4xx_hal_can.o
                0x0000000008003e38                HAL_CAN_Init
 *fill*         0x000000000800402e        0x2 
 .text.HAL_CAN_ConfigFilter
                0x0000000008004030      0x1c0 ./Drivers/STM32F4xx_HAL_Driver/Src/stm32f4xx_hal_can.o
                0x0000000008004030                HAL_CAN_ConfigFilter
 .text.HAL_CAN_Start
                0x00000000080041f0       0x88 ./Drivers/STM32F4xx_HAL_Driver/Src/stm32f4xx_hal_can.o
                0x00000000080041f0                HAL_CAN_Start
 .text.HAL_CAN_AddTxMessage
                0x0000000008004278      0x1b6 ./Drivers/STM32F4xx_HAL_Driver/Src/stm32f4xx_hal_can.o
                0x0000000008004278                HAL_CAN_AddTxMessage
 .text.HAL_CAN_GetRxMessage
                0x000000000800442e      0x224 ./Drivers/STM32F4xx_HAL_Driver/Src/stm32f4xx_hal_can.o
                0x000000000800442e                HAL_CAN_GetRxMessage
 .text.HAL_CAN_ActivateNotification
                0x0000000008004652       0x4c ./Drivers/STM32F4xx_HAL_Driver/Src/stm32f4xx_hal_can.o
                0x0000000008004652                HAL_CAN_ActivateNotification
 .text.HAL_CAN_IRQHandler
                0x000000000800469e      0x36e ./Drivers/STM32F4xx_HAL_Driver/Src/stm32f4xx_hal_can.o
                0x000000000800469e                HAL_CAN_IRQHandler
 .text.HAL_CAN_TxMailbox0CompleteCallback
                0x0000000008004a0c       0x14 ./Drivers/STM32F4xx_HAL_Driver/Src/stm32f4xx_hal_can.o
                0x0000000008004a0c                HAL_CAN_TxMailbox0CompleteCallback
 .text.HAL_CAN_TxMailbox1CompleteCallback
                0x0000000008004a20       0x14 ./Drivers/STM32F4xx_HAL_Driver/Src/stm32f4xx_hal_can.o
                0x0000000008004a20                HAL_CAN_TxMailbox1CompleteCallback
 .text.HAL_CAN_TxMailbox2CompleteCallback
                0x0000000008004a34       0x14 ./Drivers/STM32F4xx_HAL_Driver/Src/stm32f4xx_hal_can.o
                0x0000000008004a34                HAL_CAN_TxMailbox2CompleteCallback
 .text.HAL_CAN_TxMailbox0AbortCallback
                0x0000000008004a48       0x14 ./Drivers/STM32F4xx_HAL_Driver/Src/stm32f4xx_hal_can.o
                0x0000000008004a48                HAL_CAN_TxMailbox0AbortCallback
 .text.HAL_CAN_TxMailbox1AbortCallback
                0x0000000008004a5c       0x14 ./Drivers/STM32F4xx_HAL_Driver/Src/stm32f4xx_hal_can.o
                0x0000000008004a5c                HAL_CAN_TxMailbox1AbortCallback
 .text.HAL_CAN_TxMailbox2AbortCallback
                0x0000000008004a70       0x14 ./Drivers/STM32F4xx_HAL_Driver/Src/stm32f4xx_hal_can.o
                0x0000000008004a70                HAL_CAN_TxMailbox2AbortCallback
 .text.HAL_CAN_RxFifo0FullCallback
                0x0000000008004a84       0x14 ./Drivers/STM32F4xx_HAL_Driver/Src/stm32f4xx_hal_can.o
                0x0000000008004a84                HAL_CAN_RxFifo0FullCallback
 .text.HAL_CAN_RxFifo1MsgPendingCallback
                0x0000000008004a98       0x14 ./Drivers/STM32F4xx_HAL_Driver/Src/stm32f4xx_hal_can.o
                0x0000000008004a98                HAL_CAN_RxFifo1MsgPendingCallback
 .text.HAL_CAN_RxFifo1FullCallback
                0x0000000008004aac       0x14 ./Drivers/STM32F4xx_HAL_Driver/Src/stm32f4xx_hal_can.o
                0x0000000008004aac                HAL_CAN_RxFifo1FullCallback
 .text.HAL_CAN_SleepCallback
                0x0000000008004ac0       0x14 ./Drivers/STM32F4xx_HAL_Driver/Src/stm32f4xx_hal_can.o
                0x0000000008004ac0                HAL_CAN_SleepCallback
 .text.HAL_CAN_WakeUpFromRxMsgCallback
                0x0000000008004ad4       0x14 ./Drivers/STM32F4xx_HAL_Driver/Src/stm32f4xx_hal_can.o
                0x0000000008004ad4                HAL_CAN_WakeUpFromRxMsgCallback
 .text.HAL_CAN_ErrorCallback
                0x0000000008004ae8       0x14 ./Drivers/STM32F4xx_HAL_Driver/Src/stm32f4xx_hal_can.o
                0x0000000008004ae8                HAL_CAN_ErrorCallback
 .text.__NVIC_SetPriorityGrouping
                0x0000000008004afc       0x48 ./Drivers/STM32F4xx_HAL_Driver/Src/stm32f4xx_hal_cortex.o
 .text.__NVIC_GetPriorityGrouping
                0x0000000008004b44       0x1c ./Drivers/STM32F4xx_HAL_Driver/Src/stm32f4xx_hal_cortex.o
 .text.__NVIC_EnableIRQ
                0x0000000008004b60       0x3c ./Drivers/STM32F4xx_HAL_Driver/Src/stm32f4xx_hal_cortex.o
 .text.__NVIC_SetPriority
                0x0000000008004b9c       0x54 ./Drivers/STM32F4xx_HAL_Driver/Src/stm32f4xx_hal_cortex.o
 .text.NVIC_EncodePriority
                0x0000000008004bf0       0x66 ./Drivers/STM32F4xx_HAL_Driver/Src/stm32f4xx_hal_cortex.o
 *fill*         0x0000000008004c56        0x2 
 .text.SysTick_Config
                0x0000000008004c58       0x44 ./Drivers/STM32F4xx_HAL_Driver/Src/stm32f4xx_hal_cortex.o
 .text.HAL_NVIC_SetPriorityGrouping
                0x0000000008004c9c       0x16 ./Drivers/STM32F4xx_HAL_Driver/Src/stm32f4xx_hal_cortex.o
                0x0000000008004c9c                HAL_NVIC_SetPriorityGrouping
 .text.HAL_NVIC_SetPriority
                0x0000000008004cb2       0x38 ./Drivers/STM32F4xx_HAL_Driver/Src/stm32f4xx_hal_cortex.o
                0x0000000008004cb2                HAL_NVIC_SetPriority
 .text.HAL_NVIC_EnableIRQ
                0x0000000008004cea       0x1c ./Drivers/STM32F4xx_HAL_Driver/Src/stm32f4xx_hal_cortex.o
                0x0000000008004cea                HAL_NVIC_EnableIRQ
 .text.HAL_SYSTICK_Config
                0x0000000008004d06       0x18 ./Drivers/STM32F4xx_HAL_Driver/Src/stm32f4xx_hal_cortex.o
                0x0000000008004d06                HAL_SYSTICK_Config
 *fill*         0x0000000008004d1e        0x2 
 .text.HAL_GPIO_Init
                0x0000000008004d20      0x338 ./Drivers/STM32F4xx_HAL_Driver/Src/stm32f4xx_hal_gpio.o
                0x0000000008004d20                HAL_GPIO_Init
 .text.HAL_GPIO_ReadPin
                0x0000000008005058       0x30 ./Drivers/STM32F4xx_HAL_Driver/Src/stm32f4xx_hal_gpio.o
                0x0000000008005058                HAL_GPIO_ReadPin
 .text.HAL_GPIO_WritePin
                0x0000000008005088       0x32 ./Drivers/STM32F4xx_HAL_Driver/Src/stm32f4xx_hal_gpio.o
                0x0000000008005088                HAL_GPIO_WritePin
 *fill*         0x00000000080050ba        0x2 
 .text.HAL_I2C_Init
                0x00000000080050bc      0x288 ./Drivers/STM32F4xx_HAL_Driver/Src/stm32f4xx_hal_i2c.o
                0x00000000080050bc                HAL_I2C_Init
 .text.HAL_I2C_Master_Transmit
                0x0000000008005344      0x1fc ./Drivers/STM32F4xx_HAL_Driver/Src/stm32f4xx_hal_i2c.o
                0x0000000008005344                HAL_I2C_Master_Transmit
 .text.HAL_I2C_Mem_Read
                0x0000000008005540      0x44c ./Drivers/STM32F4xx_HAL_Driver/Src/stm32f4xx_hal_i2c.o
                0x0000000008005540                HAL_I2C_Mem_Read
 .text.HAL_I2C_IsDeviceReady
                0x000000000800598c      0x25c ./Drivers/STM32F4xx_HAL_Driver/Src/stm32f4xx_hal_i2c.o
                0x000000000800598c                HAL_I2C_IsDeviceReady
 .text.I2C_MasterRequestWrite
                0x0000000008005be8      0x104 ./Drivers/STM32F4xx_HAL_Driver/Src/stm32f4xx_hal_i2c.o
 .text.I2C_RequestMemoryRead
                0x0000000008005cec      0x1d0 ./Drivers/STM32F4xx_HAL_Driver/Src/stm32f4xx_hal_i2c.o
 .text.I2C_WaitOnFlagUntilTimeout
                0x0000000008005ebc       0xae ./Drivers/STM32F4xx_HAL_Driver/Src/stm32f4xx_hal_i2c.o
 .text.I2C_WaitOnMasterAddressFlagUntilTimeout
                0x0000000008005f6a       0xfe ./Drivers/STM32F4xx_HAL_Driver/Src/stm32f4xx_hal_i2c.o
 .text.I2C_WaitOnTXEFlagUntilTimeout
                0x0000000008006068       0x82 ./Drivers/STM32F4xx_HAL_Driver/Src/stm32f4xx_hal_i2c.o
 .text.I2C_WaitOnBTFFlagUntilTimeout
                0x00000000080060ea       0x82 ./Drivers/STM32F4xx_HAL_Driver/Src/stm32f4xx_hal_i2c.o
 .text.I2C_WaitOnRXNEFlagUntilTimeout
                0x000000000800616c       0xac ./Drivers/STM32F4xx_HAL_Driver/Src/stm32f4xx_hal_i2c.o
 .text.I2C_IsAcknowledgeFailed
                0x0000000008006218       0x5e ./Drivers/STM32F4xx_HAL_Driver/Src/stm32f4xx_hal_i2c.o
 .text.HAL_PCD_Init
                0x0000000008006276      0x23a ./Drivers/STM32F4xx_HAL_Driver/Src/stm32f4xx_hal_pcd.o
                0x0000000008006276                HAL_PCD_Init
 .text.HAL_PCD_Start
                0x00000000080064b0       0x66 ./Drivers/STM32F4xx_HAL_Driver/Src/stm32f4xx_hal_pcd.o
                0x00000000080064b0                HAL_PCD_Start
 .text.HAL_PCD_IRQHandler
                0x0000000008006516      0x764 ./Drivers/STM32F4xx_HAL_Driver/Src/stm32f4xx_hal_pcd.o
                0x0000000008006516                HAL_PCD_IRQHandler
 .text.HAL_PCD_SetAddress
                0x0000000008006c7a       0x4a ./Drivers/STM32F4xx_HAL_Driver/Src/stm32f4xx_hal_pcd.o
                0x0000000008006c7a                HAL_PCD_SetAddress
 .text.HAL_PCD_EP_Open
                0x0000000008006cc4       0xd0 ./Drivers/STM32F4xx_HAL_Driver/Src/stm32f4xx_hal_pcd.o
                0x0000000008006cc4                HAL_PCD_EP_Open
 .text.HAL_PCD_EP_Close
                0x0000000008006d94       0x94 ./Drivers/STM32F4xx_HAL_Driver/Src/stm32f4xx_hal_pcd.o
                0x0000000008006d94                HAL_PCD_EP_Close
 .text.HAL_PCD_EP_Receive
                0x0000000008006e28       0x96 ./Drivers/STM32F4xx_HAL_Driver/Src/stm32f4xx_hal_pcd.o
                0x0000000008006e28                HAL_PCD_EP_Receive
 .text.HAL_PCD_EP_GetRxCount
                0x0000000008006ebe       0x30 ./Drivers/STM32F4xx_HAL_Driver/Src/stm32f4xx_hal_pcd.o
                0x0000000008006ebe                HAL_PCD_EP_GetRxCount
 .text.HAL_PCD_EP_Transmit
                0x0000000008006eee       0x94 ./Drivers/STM32F4xx_HAL_Driver/Src/stm32f4xx_hal_pcd.o
                0x0000000008006eee                HAL_PCD_EP_Transmit
 .text.HAL_PCD_EP_SetStall
                0x0000000008006f82       0xc8 ./Drivers/STM32F4xx_HAL_Driver/Src/stm32f4xx_hal_pcd.o
                0x0000000008006f82                HAL_PCD_EP_SetStall
 .text.HAL_PCD_EP_ClrStall
                0x000000000800704a       0xac ./Drivers/STM32F4xx_HAL_Driver/Src/stm32f4xx_hal_pcd.o
                0x000000000800704a                HAL_PCD_EP_ClrStall
 .text.PCD_WriteEmptyTxFifo
                0x00000000080070f6      0x11a ./Drivers/STM32F4xx_HAL_Driver/Src/stm32f4xx_hal_pcd.o
 .text.PCD_EP_OutXfrComplete_int
                0x0000000008007210      0x218 ./Drivers/STM32F4xx_HAL_Driver/Src/stm32f4xx_hal_pcd.o
 .text.PCD_EP_OutSetupPacket_int
                0x0000000008007428       0x8c ./Drivers/STM32F4xx_HAL_Driver/Src/stm32f4xx_hal_pcd.o
 .text.HAL_PCDEx_SetTxFiFo
                0x00000000080074b4       0x8e ./Drivers/STM32F4xx_HAL_Driver/Src/stm32f4xx_hal_pcd_ex.o
                0x00000000080074b4                HAL_PCDEx_SetTxFiFo
 .text.HAL_PCDEx_SetRxFiFo
                0x0000000008007542       0x22 ./Drivers/STM32F4xx_HAL_Driver/Src/stm32f4xx_hal_pcd_ex.o
                0x0000000008007542                HAL_PCDEx_SetRxFiFo
 .text.HAL_PCDEx_LPM_Callback
                0x0000000008007564       0x18 ./Drivers/STM32F4xx_HAL_Driver/Src/stm32f4xx_hal_pcd_ex.o
                0x0000000008007564                HAL_PCDEx_LPM_Callback
 .text.HAL_RCC_OscConfig
                0x000000000800757c      0x4f0 ./Drivers/STM32F4xx_HAL_Driver/Src/stm32f4xx_hal_rcc.o
                0x000000000800757c                HAL_RCC_OscConfig
 .text.HAL_RCC_ClockConfig
                0x0000000008007a6c      0x1cc ./Drivers/STM32F4xx_HAL_Driver/Src/stm32f4xx_hal_rcc.o
                0x0000000008007a6c                HAL_RCC_ClockConfig
 .text.HAL_RCC_GetSysClockFreq
                0x0000000008007c38      0x1c0 ./Drivers/STM32F4xx_HAL_Driver/Src/stm32f4xx_hal_rcc.o
                0x0000000008007c38                HAL_RCC_GetSysClockFreq
 .text.HAL_RCC_GetHCLKFreq
                0x0000000008007df8       0x18 ./Drivers/STM32F4xx_HAL_Driver/Src/stm32f4xx_hal_rcc.o
                0x0000000008007df8                HAL_RCC_GetHCLKFreq
 .text.HAL_RCC_GetPCLK1Freq
                0x0000000008007e10       0x28 ./Drivers/STM32F4xx_HAL_Driver/Src/stm32f4xx_hal_rcc.o
                0x0000000008007e10                HAL_RCC_GetPCLK1Freq
 .text.HAL_SPI_Init
                0x0000000008007e38      0x112 ./Drivers/STM32F4xx_HAL_Driver/Src/stm32f4xx_hal_spi.o
                0x0000000008007e38                HAL_SPI_Init
 .text.HAL_SPI_Transmit
                0x0000000008007f4a      0x278 ./Drivers/STM32F4xx_HAL_Driver/Src/stm32f4xx_hal_spi.o
                0x0000000008007f4a                HAL_SPI_Transmit
 .text.HAL_SPI_Receive
                0x00000000080081c2      0x222 ./Drivers/STM32F4xx_HAL_Driver/Src/stm32f4xx_hal_spi.o
                0x00000000080081c2                HAL_SPI_Receive
 .text.HAL_SPI_TransmitReceive
                0x00000000080083e4      0x344 ./Drivers/STM32F4xx_HAL_Driver/Src/stm32f4xx_hal_spi.o
                0x00000000080083e4                HAL_SPI_TransmitReceive
 .text.SPI_WaitFlagStateUntilTimeout
                0x0000000008008728      0x110 ./Drivers/STM32F4xx_HAL_Driver/Src/stm32f4xx_hal_spi.o
 .text.SPI_EndRxTransaction
                0x0000000008008838       0xca ./Drivers/STM32F4xx_HAL_Driver/Src/stm32f4xx_hal_spi.o
 *fill*         0x0000000008008902        0x2 
 .text.SPI_EndRxTxTransaction
                0x0000000008008904       0x84 ./Drivers/STM32F4xx_HAL_Driver/Src/stm32f4xx_hal_spi.o
 .text.USB_CoreInit
                0x0000000008008988       0xc2 ./Drivers/STM32F4xx_HAL_Driver/Src/stm32f4xx_ll_usb.o
                0x0000000008008988                USB_CoreInit
 *fill*         0x0000000008008a4a        0x2 
 .text.USB_SetTurnaroundTime
                0x0000000008008a4c      0x144 ./Drivers/STM32F4xx_HAL_Driver/Src/stm32f4xx_ll_usb.o
                0x0000000008008a4c                USB_SetTurnaroundTime
 .text.USB_EnableGlobalInt
                0x0000000008008b90       0x22 ./Drivers/STM32F4xx_HAL_Driver/Src/stm32f4xx_ll_usb.o
                0x0000000008008b90                USB_EnableGlobalInt
 .text.USB_DisableGlobalInt
                0x0000000008008bb2       0x22 ./Drivers/STM32F4xx_HAL_Driver/Src/stm32f4xx_ll_usb.o
                0x0000000008008bb2                USB_DisableGlobalInt
 .text.USB_SetCurrentMode
                0x0000000008008bd4       0x98 ./Drivers/STM32F4xx_HAL_Driver/Src/stm32f4xx_ll_usb.o
                0x0000000008008bd4                USB_SetCurrentMode
 .text.USB_DevInit
                0x0000000008008c6c      0x2c8 ./Drivers/STM32F4xx_HAL_Driver/Src/stm32f4xx_ll_usb.o
                0x0000000008008c6c                USB_DevInit
 .text.USB_FlushTxFifo
                0x0000000008008f34       0x48 ./Drivers/STM32F4xx_HAL_Driver/Src/stm32f4xx_ll_usb.o
                0x0000000008008f34                USB_FlushTxFifo
 .text.USB_FlushRxFifo
                0x0000000008008f7c       0x40 ./Drivers/STM32F4xx_HAL_Driver/Src/stm32f4xx_ll_usb.o
                0x0000000008008f7c                USB_FlushRxFifo
 .text.USB_SetDevSpeed
                0x0000000008008fbc       0x32 ./Drivers/STM32F4xx_HAL_Driver/Src/stm32f4xx_ll_usb.o
                0x0000000008008fbc                USB_SetDevSpeed
 .text.USB_GetDevSpeed
                0x0000000008008fee       0x4a ./Drivers/STM32F4xx_HAL_Driver/Src/stm32f4xx_ll_usb.o
                0x0000000008008fee                USB_GetDevSpeed
 .text.USB_ActivateEndpoint
                0x0000000008009038      0x10e ./Drivers/STM32F4xx_HAL_Driver/Src/stm32f4xx_ll_usb.o
                0x0000000008009038                USB_ActivateEndpoint
 *fill*         0x0000000008009146        0x2 
 .text.USB_DeactivateEndpoint
                0x0000000008009148      0x1b8 ./Drivers/STM32F4xx_HAL_Driver/Src/stm32f4xx_ll_usb.o
                0x0000000008009148                USB_DeactivateEndpoint
 .text.USB_EPStartXfer
                0x0000000008009300      0x488 ./Drivers/STM32F4xx_HAL_Driver/Src/stm32f4xx_ll_usb.o
                0x0000000008009300                USB_EPStartXfer
 .text.USB_EP0StartXfer
                0x0000000008009788      0x2a6 ./Drivers/STM32F4xx_HAL_Driver/Src/stm32f4xx_ll_usb.o
                0x0000000008009788                USB_EP0StartXfer
 .text.USB_WritePacket
                0x0000000008009a2e       0x7c ./Drivers/STM32F4xx_HAL_Driver/Src/stm32f4xx_ll_usb.o
                0x0000000008009a2e                USB_WritePacket
 .text.USB_ReadPacket
                0x0000000008009aaa       0xb0 ./Drivers/STM32F4xx_HAL_Driver/Src/stm32f4xx_ll_usb.o
                0x0000000008009aaa                USB_ReadPacket
 .text.USB_EPSetStall
                0x0000000008009b5a       0xdc ./Drivers/STM32F4xx_HAL_Driver/Src/stm32f4xx_ll_usb.o
                0x0000000008009b5a                USB_EPSetStall
 .text.USB_EPClearStall
                0x0000000008009c36       0xcc ./Drivers/STM32F4xx_HAL_Driver/Src/stm32f4xx_ll_usb.o
                0x0000000008009c36                USB_EPClearStall
 .text.USB_SetDevAddress
                0x0000000008009d02       0x4c ./Drivers/STM32F4xx_HAL_Driver/Src/stm32f4xx_ll_usb.o
                0x0000000008009d02                USB_SetDevAddress
 .text.USB_DevConnect
                0x0000000008009d4e       0x42 ./Drivers/STM32F4xx_HAL_Driver/Src/stm32f4xx_ll_usb.o
                0x0000000008009d4e                USB_DevConnect
 .text.USB_DevDisconnect
                0x0000000008009d90       0x42 ./Drivers/STM32F4xx_HAL_Driver/Src/stm32f4xx_ll_usb.o
                0x0000000008009d90                USB_DevDisconnect
 .text.USB_ReadInterrupts
                0x0000000008009dd2       0x26 ./Drivers/STM32F4xx_HAL_Driver/Src/stm32f4xx_ll_usb.o
                0x0000000008009dd2                USB_ReadInterrupts
 .text.USB_ReadDevAllOutEpInterrupt
                0x0000000008009df8       0x34 ./Drivers/STM32F4xx_HAL_Driver/Src/stm32f4xx_ll_usb.o
                0x0000000008009df8                USB_ReadDevAllOutEpInterrupt
 .text.USB_ReadDevAllInEpInterrupt
                0x0000000008009e2c       0x34 ./Drivers/STM32F4xx_HAL_Driver/Src/stm32f4xx_ll_usb.o
                0x0000000008009e2c                USB_ReadDevAllInEpInterrupt
 .text.USB_ReadDevOutEPInterrupt
                0x0000000008009e60       0x3c ./Drivers/STM32F4xx_HAL_Driver/Src/stm32f4xx_ll_usb.o
                0x0000000008009e60                USB_ReadDevOutEPInterrupt
 .text.USB_ReadDevInEPInterrupt
                0x0000000008009e9c       0x5c ./Drivers/STM32F4xx_HAL_Driver/Src/stm32f4xx_ll_usb.o
                0x0000000008009e9c                USB_ReadDevInEPInterrupt
 .text.USB_GetMode
                0x0000000008009ef8       0x1c ./Drivers/STM32F4xx_HAL_Driver/Src/stm32f4xx_ll_usb.o
                0x0000000008009ef8                USB_GetMode
 .text.USB_ActivateSetup
                0x0000000008009f14       0x46 ./Drivers/STM32F4xx_HAL_Driver/Src/stm32f4xx_ll_usb.o
                0x0000000008009f14                USB_ActivateSetup
 *fill*         0x0000000008009f5a        0x2 
 .text.USB_EP0_OutStart
                0x0000000008009f5c       0xbc ./Drivers/STM32F4xx_HAL_Driver/Src/stm32f4xx_ll_usb.o
                0x0000000008009f5c                USB_EP0_OutStart
 .text.USB_CoreReset
                0x000000000800a018       0x64 ./Drivers/STM32F4xx_HAL_Driver/Src/stm32f4xx_ll_usb.o
 .text.USBD_CDC_Init
                0x000000000800a07c       0xfe ./Middlewares/ST/STM32_USB_Device_Library/Class/CDC/Src/usbd_cdc.o
 .text.USBD_CDC_DeInit
                0x000000000800a17a       0x74 ./Middlewares/ST/STM32_USB_Device_Library/Class/CDC/Src/usbd_cdc.o
 *fill*         0x000000000800a1ee        0x2 
 .text.USBD_CDC_Setup
                0x000000000800a1f0      0x190 ./Middlewares/ST/STM32_USB_Device_Library/Class/CDC/Src/usbd_cdc.o
 .text.USBD_CDC_DataIn
                0x000000000800a380       0xca ./Middlewares/ST/STM32_USB_Device_Library/Class/CDC/Src/usbd_cdc.o
 .text.USBD_CDC_DataOut
                0x000000000800a44a       0x56 ./Middlewares/ST/STM32_USB_Device_Library/Class/CDC/Src/usbd_cdc.o
 .text.USBD_CDC_EP0_RxReady
                0x000000000800a4a0       0x5a ./Middlewares/ST/STM32_USB_Device_Library/Class/CDC/Src/usbd_cdc.o
 *fill*         0x000000000800a4fa        0x2 
 .text.USBD_CDC_GetFSCfgDesc
                0x000000000800a4fc       0x20 ./Middlewares/ST/STM32_USB_Device_Library/Class/CDC/Src/usbd_cdc.o
 .text.USBD_CDC_GetHSCfgDesc
                0x000000000800a51c       0x20 ./Middlewares/ST/STM32_USB_Device_Library/Class/CDC/Src/usbd_cdc.o
 .text.USBD_CDC_GetOtherSpeedCfgDesc
                0x000000000800a53c       0x20 ./Middlewares/ST/STM32_USB_Device_Library/Class/CDC/Src/usbd_cdc.o
 .text.USBD_CDC_GetDeviceQualifierDescriptor
                0x000000000800a55c       0x20 ./Middlewares/ST/STM32_USB_Device_Library/Class/CDC/Src/usbd_cdc.o
                0x000000000800a55c                USBD_CDC_GetDeviceQualifierDescriptor
 .text.USBD_CDC_RegisterInterface
                0x000000000800a57c       0x2a ./Middlewares/ST/STM32_USB_Device_Library/Class/CDC/Src/usbd_cdc.o
                0x000000000800a57c                USBD_CDC_RegisterInterface
 .text.USBD_CDC_SetTxBuffer
                0x000000000800a5a6       0x3c ./Middlewares/ST/STM32_USB_Device_Library/Class/CDC/Src/usbd_cdc.o
                0x000000000800a5a6                USBD_CDC_SetTxBuffer
 .text.USBD_CDC_SetRxBuffer
                0x000000000800a5e2       0x32 ./Middlewares/ST/STM32_USB_Device_Library/Class/CDC/Src/usbd_cdc.o
                0x000000000800a5e2                USBD_CDC_SetRxBuffer
 .text.USBD_CDC_ReceivePacket
                0x000000000800a614       0x54 ./Middlewares/ST/STM32_USB_Device_Library/Class/CDC/Src/usbd_cdc.o
                0x000000000800a614                USBD_CDC_ReceivePacket
 .text.USBD_Init
                0x000000000800a668       0x60 ./Middlewares/ST/STM32_USB_Device_Library/Core/Src/usbd_core.o
                0x000000000800a668                USBD_Init
 .text.USBD_RegisterClass
                0x000000000800a6c8       0x4e ./Middlewares/ST/STM32_USB_Device_Library/Core/Src/usbd_core.o
                0x000000000800a6c8                USBD_RegisterClass
 .text.USBD_Start
                0x000000000800a716       0x18 ./Middlewares/ST/STM32_USB_Device_Library/Core/Src/usbd_core.o
                0x000000000800a716                USBD_Start
 .text.USBD_RunTestMode
                0x000000000800a72e       0x16 ./Middlewares/ST/STM32_USB_Device_Library/Core/Src/usbd_core.o
                0x000000000800a72e                USBD_RunTestMode
 .text.USBD_SetClassConfig
                0x000000000800a744       0x38 ./Middlewares/ST/STM32_USB_Device_Library/Core/Src/usbd_core.o
                0x000000000800a744                USBD_SetClassConfig
 .text.USBD_ClrClassConfig
                0x000000000800a77c       0x30 ./Middlewares/ST/STM32_USB_Device_Library/Core/Src/usbd_core.o
                0x000000000800a77c                USBD_ClrClassConfig
 .text.USBD_LL_SetupStage
                0x000000000800a7ac       0xaa ./Middlewares/ST/STM32_USB_Device_Library/Core/Src/usbd_core.o
                0x000000000800a7ac                USBD_LL_SetupStage
 .text.USBD_LL_DataOutStage
                0x000000000800a856       0xc6 ./Middlewares/ST/STM32_USB_Device_Library/Core/Src/usbd_core.o
                0x000000000800a856                USBD_LL_DataOutStage
 .text.USBD_LL_DataInStage
                0x000000000800a91c      0x12c ./Middlewares/ST/STM32_USB_Device_Library/Core/Src/usbd_core.o
                0x000000000800a91c                USBD_LL_DataInStage
 .text.USBD_LL_Reset
                0x000000000800aa48       0x9c ./Middlewares/ST/STM32_USB_Device_Library/Core/Src/usbd_core.o
                0x000000000800aa48                USBD_LL_Reset
 .text.USBD_LL_SetSpeed
                0x000000000800aae4       0x20 ./Middlewares/ST/STM32_USB_Device_Library/Core/Src/usbd_core.o
                0x000000000800aae4                USBD_LL_SetSpeed
 .text.USBD_LL_Suspend
                0x000000000800ab04       0x2c ./Middlewares/ST/STM32_USB_Device_Library/Core/Src/usbd_core.o
                0x000000000800ab04                USBD_LL_Suspend
 .text.USBD_LL_Resume
                0x000000000800ab30       0x30 ./Middlewares/ST/STM32_USB_Device_Library/Core/Src/usbd_core.o
                0x000000000800ab30                USBD_LL_Resume
 .text.USBD_LL_SOF
                0x000000000800ab60       0x44 ./Middlewares/ST/STM32_USB_Device_Library/Core/Src/usbd_core.o
                0x000000000800ab60                USBD_LL_SOF
 .text.USBD_LL_IsoINIncomplete
                0x000000000800aba4       0x4c ./Middlewares/ST/STM32_USB_Device_Library/Core/Src/usbd_core.o
                0x000000000800aba4                USBD_LL_IsoINIncomplete
 .text.USBD_LL_IsoOUTIncomplete
                0x000000000800abf0       0x4c ./Middlewares/ST/STM32_USB_Device_Library/Core/Src/usbd_core.o
                0x000000000800abf0                USBD_LL_IsoOUTIncomplete
 .text.USBD_LL_DevConnected
                0x000000000800ac3c       0x16 ./Middlewares/ST/STM32_USB_Device_Library/Core/Src/usbd_core.o
                0x000000000800ac3c                USBD_LL_DevConnected
 .text.USBD_LL_DevDisconnected
                0x000000000800ac52       0x38 ./Middlewares/ST/STM32_USB_Device_Library/Core/Src/usbd_core.o
                0x000000000800ac52                USBD_LL_DevDisconnected
 .text.SWAPBYTE
                0x000000000800ac8a       0x3c ./Middlewares/ST/STM32_USB_Device_Library/Core/Src/usbd_ctlreq.o
 *fill*         0x000000000800acc6        0x2 
 .text.USBD_StdDevReq
                0x000000000800acc8       0xdc ./Middlewares/ST/STM32_USB_Device_Library/Core/Src/usbd_ctlreq.o
                0x000000000800acc8                USBD_StdDevReq
 .text.USBD_StdItfReq
                0x000000000800ada4       0x92 ./Middlewares/ST/STM32_USB_Device_Library/Core/Src/usbd_ctlreq.o
                0x000000000800ada4                USBD_StdItfReq
 .text.USBD_StdEPReq
                0x000000000800ae36      0x2c4 ./Middlewares/ST/STM32_USB_Device_Library/Core/Src/usbd_ctlreq.o
                0x000000000800ae36                USBD_StdEPReq
 *fill*         0x000000000800b0fa        0x2 
 .text.USBD_GetDescriptor
                0x000000000800b0fc      0x2d4 ./Middlewares/ST/STM32_USB_Device_Library/Core/Src/usbd_ctlreq.o
 .text.USBD_SetAddress
                0x000000000800b3d0       0x88 ./Middlewares/ST/STM32_USB_Device_Library/Core/Src/usbd_ctlreq.o
 .text.USBD_SetConfig
                0x000000000800b458      0x14c ./Middlewares/ST/STM32_USB_Device_Library/Core/Src/usbd_ctlreq.o
 .text.USBD_GetConfig
                0x000000000800b5a4       0x6c ./Middlewares/ST/STM32_USB_Device_Library/Core/Src/usbd_ctlreq.o
 .text.USBD_GetStatus
                0x000000000800b610       0x68 ./Middlewares/ST/STM32_USB_Device_Library/Core/Src/usbd_ctlreq.o
 .text.USBD_SetFeature
                0x000000000800b678       0x28 ./Middlewares/ST/STM32_USB_Device_Library/Core/Src/usbd_ctlreq.o
 .text.USBD_ClrFeature
                0x000000000800b6a0       0x44 ./Middlewares/ST/STM32_USB_Device_Library/Core/Src/usbd_ctlreq.o
 .text.USBD_ParseSetupRequest
                0x000000000800b6e4       0x74 ./Middlewares/ST/STM32_USB_Device_Library/Core/Src/usbd_ctlreq.o
                0x000000000800b6e4                USBD_ParseSetupRequest
 .text.USBD_CtlError
                0x000000000800b758       0x22 ./Middlewares/ST/STM32_USB_Device_Library/Core/Src/usbd_ctlreq.o
                0x000000000800b758                USBD_CtlError
 .text.USBD_GetString
                0x000000000800b77a       0x8c ./Middlewares/ST/STM32_USB_Device_Library/Core/Src/usbd_ctlreq.o
                0x000000000800b77a                USBD_GetString
 .text.USBD_GetLen
                0x000000000800b806       0x34 ./Middlewares/ST/STM32_USB_Device_Library/Core/Src/usbd_ctlreq.o
 .text.USBD_CtlSendData
                0x000000000800b83a       0x36 ./Middlewares/ST/STM32_USB_Device_Library/Core/Src/usbd_ioreq.o
                0x000000000800b83a                USBD_CtlSendData
 .text.USBD_CtlContinueSendData
                0x000000000800b870       0x22 ./Middlewares/ST/STM32_USB_Device_Library/Core/Src/usbd_ioreq.o
                0x000000000800b870                USBD_CtlContinueSendData
 .text.USBD_CtlPrepareRx
                0x000000000800b892       0x3a ./Middlewares/ST/STM32_USB_Device_Library/Core/Src/usbd_ioreq.o
                0x000000000800b892                USBD_CtlPrepareRx
 .text.USBD_CtlContinueRx
                0x000000000800b8cc       0x22 ./Middlewares/ST/STM32_USB_Device_Library/Core/Src/usbd_ioreq.o
                0x000000000800b8cc                USBD_CtlContinueRx
 .text.USBD_CtlSendStatus
                0x000000000800b8ee       0x26 ./Middlewares/ST/STM32_USB_Device_Library/Core/Src/usbd_ioreq.o
                0x000000000800b8ee                USBD_CtlSendStatus
 .text.USBD_CtlReceiveStatus
                0x000000000800b914       0x26 ./Middlewares/ST/STM32_USB_Device_Library/Core/Src/usbd_ioreq.o
                0x000000000800b914                USBD_CtlReceiveStatus
 *fill*         0x000000000800b93a        0x2 
 .text.MX_USB_DEVICE_Init
                0x000000000800b93c       0x60 ./USB_DEVICE/App/usb_device.o
                0x000000000800b93c                MX_USB_DEVICE_Init
 .text.CDC_Init_FS
                0x000000000800b99c       0x28 ./USB_DEVICE/App/usbd_cdc_if.o
 .text.CDC_DeInit_FS
                0x000000000800b9c4       0x10 ./USB_DEVICE/App/usbd_cdc_if.o
 .text.CDC_Control_FS
                0x000000000800b9d4       0xbc ./USB_DEVICE/App/usbd_cdc_if.o
 .text.CDC_Receive_FS
                0x000000000800ba90       0x28 ./USB_DEVICE/App/usbd_cdc_if.o
 .text.CDC_TransmitCplt_FS
                0x000000000800bab8       0x22 ./USB_DEVICE/App/usbd_cdc_if.o
 *fill*         0x000000000800bada        0x2 
 .text.USBD_FS_DeviceDescriptor
                0x000000000800badc       0x24 ./USB_DEVICE/App/usbd_desc.o
                0x000000000800badc                USBD_FS_DeviceDescriptor
 .text.USBD_FS_LangIDStrDescriptor
                0x000000000800bb00       0x24 ./USB_DEVICE/App/usbd_desc.o
                0x000000000800bb00                USBD_FS_LangIDStrDescriptor
 .text.USBD_FS_ProductStrDescriptor
                0x000000000800bb24       0x3c ./USB_DEVICE/App/usbd_desc.o
                0x000000000800bb24                USBD_FS_ProductStrDescriptor
 .text.USBD_FS_ManufacturerStrDescriptor
                0x000000000800bb60       0x28 ./USB_DEVICE/App/usbd_desc.o
                0x000000000800bb60                USBD_FS_ManufacturerStrDescriptor
 .text.USBD_FS_SerialStrDescriptor
                0x000000000800bb88       0x24 ./USB_DEVICE/App/usbd_desc.o
                0x000000000800bb88                USBD_FS_SerialStrDescriptor
 .text.USBD_FS_ConfigStrDescriptor
                0x000000000800bbac       0x3c ./USB_DEVICE/App/usbd_desc.o
                0x000000000800bbac                USBD_FS_ConfigStrDescriptor
 .text.USBD_FS_InterfaceStrDescriptor
                0x000000000800bbe8       0x3c ./USB_DEVICE/App/usbd_desc.o
                0x000000000800bbe8                USBD_FS_InterfaceStrDescriptor
 .text.Get_SerialNum
                0x000000000800bc24       0x58 ./USB_DEVICE/App/usbd_desc.o
 .text.IntToUnicode
                0x000000000800bc7c       0x7e ./USB_DEVICE/App/usbd_desc.o
 *fill*         0x000000000800bcfa        0x2 
 .text.HAL_PCD_MspInit
                0x000000000800bcfc       0xc4 ./USB_DEVICE/Target/usbd_conf.o
                0x000000000800bcfc                HAL_PCD_MspInit
 .text.HAL_PCD_SetupStageCallback
                0x000000000800bdc0       0x24 ./USB_DEVICE/Target/usbd_conf.o
                0x000000000800bdc0                HAL_PCD_SetupStageCallback
 .text.HAL_PCD_DataOutStageCallback
                0x000000000800bde4       0x36 ./USB_DEVICE/Target/usbd_conf.o
                0x000000000800bde4                HAL_PCD_DataOutStageCallback
 .text.HAL_PCD_DataInStageCallback
                0x000000000800be1a       0x34 ./USB_DEVICE/Target/usbd_conf.o
                0x000000000800be1a                HAL_PCD_DataInStageCallback
 .text.HAL_PCD_SOFCallback
                0x000000000800be4e       0x1c ./USB_DEVICE/Target/usbd_conf.o
                0x000000000800be4e                HAL_PCD_SOFCallback
 .text.HAL_PCD_ResetCallback
                0x000000000800be6a       0x50 ./USB_DEVICE/Target/usbd_conf.o
                0x000000000800be6a                HAL_PCD_ResetCallback
 *fill*         0x000000000800beba        0x2 
 .text.HAL_PCD_SuspendCallback
                0x000000000800bebc       0x4c ./USB_DEVICE/Target/usbd_conf.o
                0x000000000800bebc                HAL_PCD_SuspendCallback
 .text.HAL_PCD_ResumeCallback
                0x000000000800bf08       0x1c ./USB_DEVICE/Target/usbd_conf.o
                0x000000000800bf08                HAL_PCD_ResumeCallback
 .text.HAL_PCD_ISOOUTIncompleteCallback
                0x000000000800bf24       0x24 ./USB_DEVICE/Target/usbd_conf.o
                0x000000000800bf24                HAL_PCD_ISOOUTIncompleteCallback
 .text.HAL_PCD_ISOINIncompleteCallback
                0x000000000800bf48       0x24 ./USB_DEVICE/Target/usbd_conf.o
                0x000000000800bf48                HAL_PCD_ISOINIncompleteCallback
 .text.HAL_PCD_ConnectCallback
                0x000000000800bf6c       0x1c ./USB_DEVICE/Target/usbd_conf.o
                0x000000000800bf6c                HAL_PCD_ConnectCallback
 .text.HAL_PCD_DisconnectCallback
                0x000000000800bf88       0x1c ./USB_DEVICE/Target/usbd_conf.o
                0x000000000800bf88                HAL_PCD_DisconnectCallback
 .text.USBD_LL_Init
                0x000000000800bfa4       0x98 ./USB_DEVICE/Target/usbd_conf.o
                0x000000000800bfa4                USBD_LL_Init
 .text.USBD_LL_Start
                0x000000000800c03c       0x36 ./USB_DEVICE/Target/usbd_conf.o
                0x000000000800c03c                USBD_LL_Start
 .text.USBD_LL_OpenEP
                0x000000000800c072       0x4c ./USB_DEVICE/Target/usbd_conf.o
                0x000000000800c072                USBD_LL_OpenEP
 .text.USBD_LL_CloseEP
                0x000000000800c0be       0x3e ./USB_DEVICE/Target/usbd_conf.o
                0x000000000800c0be                USBD_LL_CloseEP
 .text.USBD_LL_StallEP
                0x000000000800c0fc       0x3e ./USB_DEVICE/Target/usbd_conf.o
                0x000000000800c0fc                USBD_LL_StallEP
 .text.USBD_LL_ClearStallEP
                0x000000000800c13a       0x3e ./USB_DEVICE/Target/usbd_conf.o
                0x000000000800c13a                USBD_LL_ClearStallEP
 .text.USBD_LL_IsStallEP
                0x000000000800c178       0x58 ./USB_DEVICE/Target/usbd_conf.o
                0x000000000800c178                USBD_LL_IsStallEP
 .text.USBD_LL_SetUSBAddress
                0x000000000800c1d0       0x3e ./USB_DEVICE/Target/usbd_conf.o
                0x000000000800c1d0                USBD_LL_SetUSBAddress
 .text.USBD_LL_Transmit
                0x000000000800c20e       0x42 ./USB_DEVICE/Target/usbd_conf.o
                0x000000000800c20e                USBD_LL_Transmit
 .text.USBD_LL_PrepareReceive
                0x000000000800c250       0x42 ./USB_DEVICE/Target/usbd_conf.o
                0x000000000800c250                USBD_LL_PrepareReceive
 .text.USBD_LL_GetRxDataSize
                0x000000000800c292       0x26 ./USB_DEVICE/Target/usbd_conf.o
                0x000000000800c292                USBD_LL_GetRxDataSize
 .text.USBD_static_malloc
                0x000000000800c2b8       0x1c ./USB_DEVICE/Target/usbd_conf.o
                0x000000000800c2b8                USBD_static_malloc
 .text.USBD_static_free
                0x000000000800c2d4       0x14 ./USB_DEVICE/Target/usbd_conf.o
                0x000000000800c2d4                USBD_static_free
 .text.USBD_Get_USB_Status
                0x000000000800c2e8       0x58 ./USB_DEVICE/Target/usbd_conf.o
                0x000000000800c2e8                USBD_Get_USB_Status
 .text.__errno  0x000000000800c340        0xc c:/st/stm32cubeide_1.4.0/stm32cubeide/plugins/com.st.stm32cube.ide.mcu.externaltools.gnu-tools-for-stm32.9-2020-q2-update.win32_2.0.0.202105311346/tools/bin/../lib/gcc/arm-none-eabi/9.3.1/../../../../arm-none-eabi/lib/thumb/v7e-m+fp/hard\libc_nano.a(lib_a-errno.o)
                0x000000000800c340                __errno
 .text.__libc_init_array
                0x000000000800c34c       0x48 c:/st/stm32cubeide_1.4.0/stm32cubeide/plugins/com.st.stm32cube.ide.mcu.externaltools.gnu-tools-for-stm32.9-2020-q2-update.win32_2.0.0.202105311346/tools/bin/../lib/gcc/arm-none-eabi/9.3.1/../../../../arm-none-eabi/lib/thumb/v7e-m+fp/hard\libc_nano.a(lib_a-init.o)
                0x000000000800c34c                __libc_init_array
 .text.memcpy   0x000000000800c394       0x1c c:/st/stm32cubeide_1.4.0/stm32cubeide/plugins/com.st.stm32cube.ide.mcu.externaltools.gnu-tools-for-stm32.9-2020-q2-update.win32_2.0.0.202105311346/tools/bin/../lib/gcc/arm-none-eabi/9.3.1/../../../../arm-none-eabi/lib/thumb/v7e-m+fp/hard\libc_nano.a(lib_a-memcpy-stub.o)
                0x000000000800c394                memcpy
 .text.memset   0x000000000800c3b0       0x10 c:/st/stm32cubeide_1.4.0/stm32cubeide/plugins/com.st.stm32cube.ide.mcu.externaltools.gnu-tools-for-stm32.9-2020-q2-update.win32_2.0.0.202105311346/tools/bin/../lib/gcc/arm-none-eabi/9.3.1/../../../../arm-none-eabi/lib/thumb/v7e-m+fp/hard\libc_nano.a(lib_a-memset.o)
                0x000000000800c3b0                memset
 .text.ceilf    0x000000000800c3c0       0x84 c:/st/stm32cubeide_1.4.0/stm32cubeide/plugins/com.st.stm32cube.ide.mcu.externaltools.gnu-tools-for-stm32.9-2020-q2-update.win32_2.0.0.202105311346/tools/bin/../lib/gcc/arm-none-eabi/9.3.1/../../../../arm-none-eabi/lib/thumb/v7e-m+fp/hard\libm.a(lib_a-sf_ceil.o)
                0x000000000800c3c0                ceilf
 .text.atan2    0x000000000800c444        0x4 c:/st/stm32cubeide_1.4.0/stm32cubeide/plugins/com.st.stm32cube.ide.mcu.externaltools.gnu-tools-for-stm32.9-2020-q2-update.win32_2.0.0.202105311346/tools/bin/../lib/gcc/arm-none-eabi/9.3.1/../../../../arm-none-eabi/lib/thumb/v7e-m+fp/hard\libm.a(lib_a-w_atan2.o)
                0x000000000800c444                atan2
 .text.pow      0x000000000800c448      0x15c c:/st/stm32cubeide_1.4.0/stm32cubeide/plugins/com.st.stm32cube.ide.mcu.externaltools.gnu-tools-for-stm32.9-2020-q2-update.win32_2.0.0.202105311346/tools/bin/../lib/gcc/arm-none-eabi/9.3.1/../../../../arm-none-eabi/lib/thumb/v7e-m+fp/hard\libm.a(lib_a-w_pow.o)
                0x000000000800c448                pow
 .text.sqrt     0x000000000800c5a4       0x68 c:/st/stm32cubeide_1.4.0/stm32cubeide/plugins/com.st.stm32cube.ide.mcu.externaltools.gnu-tools-for-stm32.9-2020-q2-update.win32_2.0.0.202105311346/tools/bin/../lib/gcc/arm-none-eabi/9.3.1/../../../../arm-none-eabi/lib/thumb/v7e-m+fp/hard\libm.a(lib_a-w_sqrt.o)
                0x000000000800c5a4                sqrt
 *fill*         0x000000000800c60c        0x4 
 .text.__ieee754_atan2
                0x000000000800c610      0x194 c:/st/stm32cubeide_1.4.0/stm32cubeide/plugins/com.st.stm32cube.ide.mcu.externaltools.gnu-tools-for-stm32.9-2020-q2-update.win32_2.0.0.202105311346/tools/bin/../lib/gcc/arm-none-eabi/9.3.1/../../../../arm-none-eabi/lib/thumb/v7e-m+fp/hard\libm.a(lib_a-e_atan2.o)
                0x000000000800c610                __ieee754_atan2
 *fill*         0x000000000800c7a4        0x4 
 .text.__ieee754_pow
                0x000000000800c7a8      0xa44 c:/st/stm32cubeide_1.4.0/stm32cubeide/plugins/com.st.stm32cube.ide.mcu.externaltools.gnu-tools-for-stm32.9-2020-q2-update.win32_2.0.0.202105311346/tools/bin/../lib/gcc/arm-none-eabi/9.3.1/../../../../arm-none-eabi/lib/thumb/v7e-m+fp/hard\libm.a(lib_a-e_pow.o)
                0x000000000800c7a8                __ieee754_pow
 .text.__ieee754_sqrt
                0x000000000800d1ec      0x168 c:/st/stm32cubeide_1.4.0/stm32cubeide/plugins/com.st.stm32cube.ide.mcu.externaltools.gnu-tools-for-stm32.9-2020-q2-update.win32_2.0.0.202105311346/tools/bin/../lib/gcc/arm-none-eabi/9.3.1/../../../../arm-none-eabi/lib/thumb/v7e-m+fp/hard\libm.a(lib_a-e_sqrt.o)
                0x000000000800d1ec                __ieee754_sqrt
 *fill*         0x000000000800d354        0x4 
 .text.atan     0x000000000800d358      0x340 c:/st/stm32cubeide_1.4.0/stm32cubeide/plugins/com.st.stm32cube.ide.mcu.externaltools.gnu-tools-for-stm32.9-2020-q2-update.win32_2.0.0.202105311346/tools/bin/../lib/gcc/arm-none-eabi/9.3.1/../../../../arm-none-eabi/lib/thumb/v7e-m+fp/hard\libm.a(lib_a-s_atan.o)
                0x000000000800d358                atan
 .text.fabs     0x000000000800d698       0x12 c:/st/stm32cubeide_1.4.0/stm32cubeide/plugins/com.st.stm32cube.ide.mcu.externaltools.gnu-tools-for-stm32.9-2020-q2-update.win32_2.0.0.202105311346/tools/bin/../lib/gcc/arm-none-eabi/9.3.1/../../../../arm-none-eabi/lib/thumb/v7e-m+fp/hard\libm.a(lib_a-s_fabs.o)
                0x000000000800d698                fabs
 .text.finite   0x000000000800d6aa       0x16 c:/st/stm32cubeide_1.4.0/stm32cubeide/plugins/com.st.stm32cube.ide.mcu.externaltools.gnu-tools-for-stm32.9-2020-q2-update.win32_2.0.0.202105311346/tools/bin/../lib/gcc/arm-none-eabi/9.3.1/../../../../arm-none-eabi/lib/thumb/v7e-m+fp/hard\libm.a(lib_a-s_finite.o)
                0x000000000800d6aa                finite
 .text.nan      0x000000000800d6c0       0x10 c:/st/stm32cubeide_1.4.0/stm32cubeide/plugins/com.st.stm32cube.ide.mcu.externaltools.gnu-tools-for-stm32.9-2020-q2-update.win32_2.0.0.202105311346/tools/bin/../lib/gcc/arm-none-eabi/9.3.1/../../../../arm-none-eabi/lib/thumb/v7e-m+fp/hard\libm.a(lib_a-s_nan.o)
                0x000000000800d6c0                nan
 .text.rint     0x000000000800d6d0      0x114 c:/st/stm32cubeide_1.4.0/stm32cubeide/plugins/com.st.stm32cube.ide.mcu.externaltools.gnu-tools-for-stm32.9-2020-q2-update.win32_2.0.0.202105311346/tools/bin/../lib/gcc/arm-none-eabi/9.3.1/../../../../arm-none-eabi/lib/thumb/v7e-m+fp/hard\libm.a(lib_a-s_rint.o)
                0x000000000800d6d0                rint
 *fill*         0x000000000800d7e4        0x4 
 .text.scalbn   0x000000000800d7e8      0x10c c:/st/stm32cubeide_1.4.0/stm32cubeide/plugins/com.st.stm32cube.ide.mcu.externaltools.gnu-tools-for-stm32.9-2020-q2-update.win32_2.0.0.202105311346/tools/bin/../lib/gcc/arm-none-eabi/9.3.1/../../../../arm-none-eabi/lib/thumb/v7e-m+fp/hard\libm.a(lib_a-s_scalbn.o)
                0x000000000800d7e8                scalbn
 *(.glue_7)
 .glue_7        0x000000000800d8f4        0x0 linker stubs
 *(.glue_7t)
 .glue_7t       0x000000000800d8f4        0x0 linker stubs
 *(.eh_frame)
 .eh_frame      0x000000000800d8f4        0x0 c:/st/stm32cubeide_1.4.0/stm32cubeide/plugins/com.st.stm32cube.ide.mcu.externaltools.gnu-tools-for-stm32.9-2020-q2-update.win32_2.0.0.202105311346/tools/bin/../lib/gcc/arm-none-eabi/9.3.1/thumb/v7e-m+fp/hard/crtbegin.o
 *(.init)
 .init          0x000000000800d8f4        0x4 c:/st/stm32cubeide_1.4.0/stm32cubeide/plugins/com.st.stm32cube.ide.mcu.externaltools.gnu-tools-for-stm32.9-2020-q2-update.win32_2.0.0.202105311346/tools/bin/../lib/gcc/arm-none-eabi/9.3.1/thumb/v7e-m+fp/hard/crti.o
                0x000000000800d8f4                _init
 .init          0x000000000800d8f8        0x8 c:/st/stm32cubeide_1.4.0/stm32cubeide/plugins/com.st.stm32cube.ide.mcu.externaltools.gnu-tools-for-stm32.9-2020-q2-update.win32_2.0.0.202105311346/tools/bin/../lib/gcc/arm-none-eabi/9.3.1/thumb/v7e-m+fp/hard/crtn.o
 *(.fini)
 .fini          0x000000000800d900        0x4 c:/st/stm32cubeide_1.4.0/stm32cubeide/plugins/com.st.stm32cube.ide.mcu.externaltools.gnu-tools-for-stm32.9-2020-q2-update.win32_2.0.0.202105311346/tools/bin/../lib/gcc/arm-none-eabi/9.3.1/thumb/v7e-m+fp/hard/crti.o
                0x000000000800d900                _fini
 .fini          0x000000000800d904        0x8 c:/st/stm32cubeide_1.4.0/stm32cubeide/plugins/com.st.stm32cube.ide.mcu.externaltools.gnu-tools-for-stm32.9-2020-q2-update.win32_2.0.0.202105311346/tools/bin/../lib/gcc/arm-none-eabi/9.3.1/thumb/v7e-m+fp/hard/crtn.o
                0x000000000800d90c                . = ALIGN (0x4)
                0x000000000800d90c                _etext = .

.vfp11_veneer   0x000000000800d90c        0x0
 .vfp11_veneer  0x000000000800d90c        0x0 linker stubs

.v4_bx          0x000000000800d90c        0x0
 .v4_bx         0x000000000800d90c        0x0 linker stubs

.iplt           0x000000000800d90c        0x0
 .iplt          0x000000000800d90c        0x0 c:/st/stm32cubeide_1.4.0/stm32cubeide/plugins/com.st.stm32cube.ide.mcu.externaltools.gnu-tools-for-stm32.9-2020-q2-update.win32_2.0.0.202105311346/tools/bin/../lib/gcc/arm-none-eabi/9.3.1/thumb/v7e-m+fp/hard/crtbegin.o

.rodata         0x000000000800d910      0x120
                0x000000000800d910                . = ALIGN (0x4)
 *(.rodata)
 .rodata        0x000000000800d910        0x3 ./Core/Src/icm20948.o
 *fill*         0x000000000800d913        0x1 
 .rodata        0x000000000800d914        0x7 ./Core/Src/main.o
 *fill*         0x000000000800d91b        0x1 
 .rodata        0x000000000800d91c       0x3e ./USB_DEVICE/App/usbd_desc.o
 *(.rodata*)
 *fill*         0x000000000800d95a        0x2 
 .rodata.AHBPrescTable
                0x000000000800d95c       0x10 ./Core/Src/system_stm32f4xx.o
                0x000000000800d95c                AHBPrescTable
 .rodata.APBPrescTable
                0x000000000800d96c        0x8 ./Core/Src/system_stm32f4xx.o
                0x000000000800d96c                APBPrescTable
 *fill*         0x000000000800d974        0x4 
 .rodata.CSWTCH.8
                0x000000000800d978       0x18 c:/st/stm32cubeide_1.4.0/stm32cubeide/plugins/com.st.stm32cube.ide.mcu.externaltools.gnu-tools-for-stm32.9-2020-q2-update.win32_2.0.0.202105311346/tools/bin/../lib/gcc/arm-none-eabi/9.3.1/../../../../arm-none-eabi/lib/thumb/v7e-m+fp/hard\libm.a(lib_a-e_atan2.o)
 .rodata.CSWTCH.9
                0x000000000800d990       0x18 c:/st/stm32cubeide_1.4.0/stm32cubeide/plugins/com.st.stm32cube.ide.mcu.externaltools.gnu-tools-for-stm32.9-2020-q2-update.win32_2.0.0.202105311346/tools/bin/../lib/gcc/arm-none-eabi/9.3.1/../../../../arm-none-eabi/lib/thumb/v7e-m+fp/hard\libm.a(lib_a-e_atan2.o)
 .rodata.__ieee754_pow.str1.1
                0x000000000800d9a8        0x1 c:/st/stm32cubeide_1.4.0/stm32cubeide/plugins/com.st.stm32cube.ide.mcu.externaltools.gnu-tools-for-stm32.9-2020-q2-update.win32_2.0.0.202105311346/tools/bin/../lib/gcc/arm-none-eabi/9.3.1/../../../../arm-none-eabi/lib/thumb/v7e-m+fp/hard\libm.a(lib_a-e_pow.o)
 *fill*         0x000000000800d9a9        0x7 
 .rodata.bp     0x000000000800d9b0       0x10 c:/st/stm32cubeide_1.4.0/stm32cubeide/plugins/com.st.stm32cube.ide.mcu.externaltools.gnu-tools-for-stm32.9-2020-q2-update.win32_2.0.0.202105311346/tools/bin/../lib/gcc/arm-none-eabi/9.3.1/../../../../arm-none-eabi/lib/thumb/v7e-m+fp/hard\libm.a(lib_a-e_pow.o)
 .rodata.dp_h   0x000000000800d9c0       0x10 c:/st/stm32cubeide_1.4.0/stm32cubeide/plugins/com.st.stm32cube.ide.mcu.externaltools.gnu-tools-for-stm32.9-2020-q2-update.win32_2.0.0.202105311346/tools/bin/../lib/gcc/arm-none-eabi/9.3.1/../../../../arm-none-eabi/lib/thumb/v7e-m+fp/hard\libm.a(lib_a-e_pow.o)
 .rodata.dp_l   0x000000000800d9d0       0x10 c:/st/stm32cubeide_1.4.0/stm32cubeide/plugins/com.st.stm32cube.ide.mcu.externaltools.gnu-tools-for-stm32.9-2020-q2-update.win32_2.0.0.202105311346/tools/bin/../lib/gcc/arm-none-eabi/9.3.1/../../../../arm-none-eabi/lib/thumb/v7e-m+fp/hard\libm.a(lib_a-e_pow.o)
 .rodata.atanhi
                0x000000000800d9e0       0x20 c:/st/stm32cubeide_1.4.0/stm32cubeide/plugins/com.st.stm32cube.ide.mcu.externaltools.gnu-tools-for-stm32.9-2020-q2-update.win32_2.0.0.202105311346/tools/bin/../lib/gcc/arm-none-eabi/9.3.1/../../../../arm-none-eabi/lib/thumb/v7e-m+fp/hard\libm.a(lib_a-s_atan.o)
 .rodata.atanlo
                0x000000000800da00       0x20 c:/st/stm32cubeide_1.4.0/stm32cubeide/plugins/com.st.stm32cube.ide.mcu.externaltools.gnu-tools-for-stm32.9-2020-q2-update.win32_2.0.0.202105311346/tools/bin/../lib/gcc/arm-none-eabi/9.3.1/../../../../arm-none-eabi/lib/thumb/v7e-m+fp/hard\libm.a(lib_a-s_atan.o)
 .rodata.TWO52  0x000000000800da20       0x10 c:/st/stm32cubeide_1.4.0/stm32cubeide/plugins/com.st.stm32cube.ide.mcu.externaltools.gnu-tools-for-stm32.9-2020-q2-update.win32_2.0.0.202105311346/tools/bin/../lib/gcc/arm-none-eabi/9.3.1/../../../../arm-none-eabi/lib/thumb/v7e-m+fp/hard\libm.a(lib_a-s_rint.o)
                0x000000000800da30                . = ALIGN (0x4)

.ARM.extab      0x000000000800da30        0x0
                0x000000000800da30                . = ALIGN (0x4)
 *(.ARM.extab* .gnu.linkonce.armextab.*)
                0x000000000800da30                . = ALIGN (0x4)

.ARM            0x000000000800da30        0x8
                0x000000000800da30                . = ALIGN (0x4)
                0x000000000800da30                __exidx_start = .
 *(.ARM.exidx*)
 .ARM.exidx     0x000000000800da30        0x8 c:/st/stm32cubeide_1.4.0/stm32cubeide/plugins/com.st.stm32cube.ide.mcu.externaltools.gnu-tools-for-stm32.9-2020-q2-update.win32_2.0.0.202105311346/tools/bin/../lib/gcc/arm-none-eabi/9.3.1/thumb/v7e-m+fp/hard\libgcc.a(_udivmoddi4.o)
                0x000000000800da38                __exidx_end = .
                0x000000000800da38                . = ALIGN (0x4)

.rel.dyn        0x000000000800da38        0x0
 .rel.iplt      0x000000000800da38        0x0 c:/st/stm32cubeide_1.4.0/stm32cubeide/plugins/com.st.stm32cube.ide.mcu.externaltools.gnu-tools-for-stm32.9-2020-q2-update.win32_2.0.0.202105311346/tools/bin/../lib/gcc/arm-none-eabi/9.3.1/thumb/v7e-m+fp/hard/crtbegin.o

.preinit_array  0x000000000800da38        0x0
                0x000000000800da38                . = ALIGN (0x4)
                0x000000000800da38                PROVIDE (__preinit_array_start = .)
 *(.preinit_array*)
                0x000000000800da38                PROVIDE (__preinit_array_end = .)
                0x000000000800da38                . = ALIGN (0x4)

.init_array     0x000000000800da38        0x4
                0x000000000800da38                . = ALIGN (0x4)
                0x000000000800da38                PROVIDE (__init_array_start = .)
 *(SORT_BY_NAME(.init_array.*))
 *(.init_array*)
 .init_array    0x000000000800da38        0x4 c:/st/stm32cubeide_1.4.0/stm32cubeide/plugins/com.st.stm32cube.ide.mcu.externaltools.gnu-tools-for-stm32.9-2020-q2-update.win32_2.0.0.202105311346/tools/bin/../lib/gcc/arm-none-eabi/9.3.1/thumb/v7e-m+fp/hard/crtbegin.o
                0x000000000800da3c                PROVIDE (__init_array_end = .)
                0x000000000800da3c                . = ALIGN (0x4)

.fini_array     0x000000000800da3c        0x4
                0x000000000800da3c                . = ALIGN (0x4)
                [!provide]                        PROVIDE (__fini_array_start = .)
 *(SORT_BY_NAME(.fini_array.*))
 *(.fini_array*)
 .fini_array    0x000000000800da3c        0x4 c:/st/stm32cubeide_1.4.0/stm32cubeide/plugins/com.st.stm32cube.ide.mcu.externaltools.gnu-tools-for-stm32.9-2020-q2-update.win32_2.0.0.202105311346/tools/bin/../lib/gcc/arm-none-eabi/9.3.1/thumb/v7e-m+fp/hard/crtbegin.o
                [!provide]                        PROVIDE (__fini_array_end = .)
                0x000000000800da40                . = ALIGN (0x4)
                0x000000000800da40                _sidata = LOADADDR (.data)

.data           0x0000000020000000      0x1f4 load address 0x000000000800da40
                0x0000000020000000                . = ALIGN (0x4)
                0x0000000020000000                _sdata = .
 *(.data)
 *(.data*)
 .data.csend    0x0000000020000000        0x8 ./Core/Src/main.o
                0x0000000020000000                csend
 .data.pi       0x0000000020000008        0x4 ./Core/Src/main.o
                0x0000000020000008                pi
 .data.SystemCoreClock
                0x000000002000000c        0x4 ./Core/Src/system_stm32f4xx.o
                0x000000002000000c                SystemCoreClock
 .data.uwTickPrio
                0x0000000020000010        0x4 ./Drivers/STM32F4xx_HAL_Driver/Src/stm32f4xx_hal.o
                0x0000000020000010                uwTickPrio
 .data.uwTickFreq
                0x0000000020000014        0x1 ./Drivers/STM32F4xx_HAL_Driver/Src/stm32f4xx_hal.o
                0x0000000020000014                uwTickFreq
 *fill*         0x0000000020000015        0x3 
 .data.USBD_CDC_DeviceQualifierDesc
                0x0000000020000018        0xa ./Middlewares/ST/STM32_USB_Device_Library/Class/CDC/Src/usbd_cdc.o
 *fill*         0x0000000020000022        0x2 
 .data.USBD_CDC
                0x0000000020000024       0x38 ./Middlewares/ST/STM32_USB_Device_Library/Class/CDC/Src/usbd_cdc.o
                0x0000000020000024                USBD_CDC
 .data.USBD_CDC_CfgHSDesc
                0x000000002000005c       0x43 ./Middlewares/ST/STM32_USB_Device_Library/Class/CDC/Src/usbd_cdc.o
 *fill*         0x000000002000009f        0x1 
 .data.USBD_CDC_CfgFSDesc
                0x00000000200000a0       0x43 ./Middlewares/ST/STM32_USB_Device_Library/Class/CDC/Src/usbd_cdc.o
 *fill*         0x00000000200000e3        0x1 
 .data.USBD_CDC_OtherSpeedCfgDesc
                0x00000000200000e4       0x43 ./Middlewares/ST/STM32_USB_Device_Library/Class/CDC/Src/usbd_cdc.o
 *fill*         0x0000000020000127        0x1 
 .data.USBD_Interface_fops_FS
                0x0000000020000128       0x14 ./USB_DEVICE/App/usbd_cdc_if.o
                0x0000000020000128                USBD_Interface_fops_FS
 .data.FS_Desc  0x000000002000013c       0x1c ./USB_DEVICE/App/usbd_desc.o
                0x000000002000013c                FS_Desc
 .data.USBD_FS_DeviceDesc
                0x0000000020000158       0x12 ./USB_DEVICE/App/usbd_desc.o
                0x0000000020000158                USBD_FS_DeviceDesc
 *fill*         0x000000002000016a        0x2 
 .data.USBD_LangIDDesc
                0x000000002000016c        0x4 ./USB_DEVICE/App/usbd_desc.o
                0x000000002000016c                USBD_LangIDDesc
 .data.USBD_StringSerial
                0x0000000020000170       0x1a ./USB_DEVICE/App/usbd_desc.o
                0x0000000020000170                USBD_StringSerial
 *fill*         0x000000002000018a        0x2 
 .data._impure_ptr
                0x000000002000018c        0x4 c:/st/stm32cubeide_1.4.0/stm32cubeide/plugins/com.st.stm32cube.ide.mcu.externaltools.gnu-tools-for-stm32.9-2020-q2-update.win32_2.0.0.202105311346/tools/bin/../lib/gcc/arm-none-eabi/9.3.1/../../../../arm-none-eabi/lib/thumb/v7e-m+fp/hard\libc_nano.a(lib_a-impure.o)
                0x000000002000018c                _impure_ptr
 .data.impure_data
                0x0000000020000190       0x60 c:/st/stm32cubeide_1.4.0/stm32cubeide/plugins/com.st.stm32cube.ide.mcu.externaltools.gnu-tools-for-stm32.9-2020-q2-update.win32_2.0.0.202105311346/tools/bin/../lib/gcc/arm-none-eabi/9.3.1/../../../../arm-none-eabi/lib/thumb/v7e-m+fp/hard\libc_nano.a(lib_a-impure.o)
 .data.__fdlib_version
                0x00000000200001f0        0x1 c:/st/stm32cubeide_1.4.0/stm32cubeide/plugins/com.st.stm32cube.ide.mcu.externaltools.gnu-tools-for-stm32.9-2020-q2-update.win32_2.0.0.202105311346/tools/bin/../lib/gcc/arm-none-eabi/9.3.1/../../../../arm-none-eabi/lib/thumb/v7e-m+fp/hard\libm.a(lib_a-s_lib_ver.o)
                0x00000000200001f0                __fdlib_version
 *(.RamFunc)
 *(.RamFunc*)
                0x00000000200001f4                . = ALIGN (0x4)
 *fill*         0x00000000200001f1        0x3 
                0x00000000200001f4                _edata = .
                0x000000000800dc34                _siccmram = LOADADDR (.ccmram)

.igot.plt       0x00000000200001f4        0x0 load address 0x000000000800dc34
 .igot.plt      0x00000000200001f4        0x0 c:/st/stm32cubeide_1.4.0/stm32cubeide/plugins/com.st.stm32cube.ide.mcu.externaltools.gnu-tools-for-stm32.9-2020-q2-update.win32_2.0.0.202105311346/tools/bin/../lib/gcc/arm-none-eabi/9.3.1/thumb/v7e-m+fp/hard/crtbegin.o

.ccmram         0x0000000010000000        0x0 load address 0x000000000800dc34
                0x0000000010000000                . = ALIGN (0x4)
                0x0000000010000000                _sccmram = .
 *(.ccmram)
 *(.ccmram*)
                0x0000000010000000                . = ALIGN (0x4)
                0x0000000010000000                _eccmram = .
                0x0000000010000000                . = ALIGN (0x4)

.bss            0x00000000200001f8     0x1de0
                0x00000000200001f8                _sbss = .
                0x00000000200001f8                __bss_start__ = _sbss
 *(.bss)
 .bss           0x00000000200001f8       0x1c c:/st/stm32cubeide_1.4.0/stm32cubeide/plugins/com.st.stm32cube.ide.mcu.externaltools.gnu-tools-for-stm32.9-2020-q2-update.win32_2.0.0.202105311346/tools/bin/../lib/gcc/arm-none-eabi/9.3.1/thumb/v7e-m+fp/hard/crtbegin.o
 *(.bss*)
 .bss.gyro_scale_factor
                0x0000000020000214        0x4 ./Core/Src/icm20948.o
 .bss.accel_scale_factor
                0x0000000020000218        0x4 ./Core/Src/icm20948.o
 .bss.reg_val.8605
                0x000000002000021c        0x6 ./Core/Src/icm20948.o
 *fill*         0x0000000020000222        0x2 
 .bss.canRX     0x0000000020000224        0x8 ./Core/Src/main.o
                0x0000000020000224                canRX
 .bss.trykktick
                0x000000002000022c        0x1 ./Core/Src/main.o
                0x000000002000022c                trykktick
 *fill*         0x000000002000022d        0x1 
 .bss.gyro_x    0x000000002000022e        0x2 ./Core/Src/main.o
                0x000000002000022e                gyro_x
 .bss.gyro_y    0x0000000020000230        0x2 ./Core/Src/main.o
                0x0000000020000230                gyro_y
 .bss.gyro_z    0x0000000020000232        0x2 ./Core/Src/main.o
                0x0000000020000232                gyro_z
 .bss.gyro_r    0x0000000020000234        0x2 ./Core/Src/main.o
                0x0000000020000234                gyro_r
 .bss.gyro_s    0x0000000020000236        0x2 ./Core/Src/main.o
                0x0000000020000236                gyro_s
 .bss.aks_x     0x0000000020000238        0x2 ./Core/Src/main.o
                0x0000000020000238                aks_x
 .bss.aks_y     0x000000002000023a        0x2 ./Core/Src/main.o
                0x000000002000023a                aks_y
 .bss.aks_z     0x000000002000023c        0x2 ./Core/Src/main.o
                0x000000002000023c                aks_z
 .bss.aks_r     0x000000002000023e        0x2 ./Core/Src/main.o
                0x000000002000023e                aks_r
 .bss.aks_s     0x0000000020000240        0x2 ./Core/Src/main.o
                0x0000000020000240                aks_s
 .bss.komp_r    0x0000000020000242        0x2 ./Core/Src/main.o
                0x0000000020000242                komp_r
 .bss.komp_s    0x0000000020000244        0x2 ./Core/Src/main.o
                0x0000000020000244                komp_s
 .bss.tempsens  0x0000000020000246        0x1 ./Core/Src/main.o
                0x0000000020000246                tempsens
 *fill*         0x0000000020000247        0x1 
 .bss.temp_f_hoved
                0x0000000020000248        0x4 ./Core/Src/main.o
                0x0000000020000248                temp_f_hoved
 .bss.temp_f_kraft
                0x000000002000024c        0x4 ./Core/Src/main.o
                0x000000002000024c                temp_f_kraft
 .bss.temp_f_sens
                0x0000000020000250        0x4 ./Core/Src/main.o
                0x0000000020000250                temp_f_sens
 .bss.feil_h    0x0000000020000254        0x1 ./Core/Src/main.o
                0x0000000020000254                feil_h
 .bss.feil_k    0x0000000020000255        0x1 ./Core/Src/main.o
                0x0000000020000255                feil_k
 .bss.feil_s    0x0000000020000256        0x1 ./Core/Src/main.o
                0x0000000020000256                feil_s
 .bss.tempsneg  0x0000000020000257        0x1 ./Core/Src/main.o
                0x0000000020000257                tempsneg
 .bss.c_aks_x   0x0000000020000258        0x2 ./Core/Src/main.o
                0x0000000020000258                c_aks_x
 .bss.c_aks_y   0x000000002000025a        0x2 ./Core/Src/main.o
                0x000000002000025a                c_aks_y
 .bss.c_aks_z   0x000000002000025c        0x2 ./Core/Src/main.o
                0x000000002000025c                c_aks_z
 .bss.c_rull    0x000000002000025e        0x2 ./Core/Src/main.o
                0x000000002000025e                c_rull
 .bss.c_stamp   0x0000000020000260        0x2 ./Core/Src/main.o
                0x0000000020000260                c_stamp
 .bss.c_hiv     0x0000000020000262        0x2 ./Core/Src/main.o
                0x0000000020000262                c_hiv
 .bss.c_thoved  0x0000000020000264        0x1 ./Core/Src/main.o
                0x0000000020000264                c_thoved
 .bss.c_tkraft  0x0000000020000265        0x1 ./Core/Src/main.o
                0x0000000020000265                c_tkraft
 .bss.c_tsens   0x0000000020000266        0x1 ./Core/Src/main.o
                0x0000000020000266                c_tsens
 .bss.startdata
                0x0000000020000267        0x1 ./Core/Src/main.o
                0x0000000020000267                startdata
 .bss.kalibrer  0x0000000020000268        0x1 ./Core/Src/main.o
                0x0000000020000268                kalibrer
 *fill*         0x0000000020000269        0x3 
 .bss.gyro_r_f  0x000000002000026c        0x4 ./Core/Src/main.o
                0x000000002000026c                gyro_r_f
 .bss.gyro_s_f  0x0000000020000270        0x4 ./Core/Src/main.o