20:29:25 **** Build of configuration Debug for project Hermes ****
make -j8 all 
arm-none-eabi-gcc "../USB_DEVICE/Target/usbd_conf.c" -mcpu=cortex-m4 -std=gnu11 -g3 -DDEBUG -DUSE_HAL_DRIVER -DSTM32F415xx -c -I../Core/Inc -I../Drivers/STM32F4xx_HAL_Driver/Inc -I../Drivers/STM32F4xx_HAL_Driver/Inc/Legacy -I../Drivers/CMSIS/Device/ST/STM32F4xx/Include -I../Drivers/CMSIS/Include -I../USB_DEVICE/App -I../USB_DEVICE/Target -I../Middlewares/ST/STM32_USB_Device_Library/Core/Inc -I../Middlewares/ST/STM32_USB_Device_Library/Class/CDC/Inc -O0 -ffunction-sections -fdata-sections -Wall -fstack-usage -MMD -MP -MF"USB_DEVICE/Target/usbd_conf.d" -MT"USB_DEVICE/Target/usbd_conf.o" --specs=nano.specs -mfpu=fpv4-sp-d16 -mfloat-abi=hard -mthumb -o "USB_DEVICE/Target/usbd_conf.o"
arm-none-eabi-gcc "../USB_DEVICE/App/usb_device.c" -mcpu=cortex-m4 -std=gnu11 -g3 -DDEBUG -DUSE_HAL_DRIVER -DSTM32F415xx -c -I../Core/Inc -I../Drivers/STM32F4xx_HAL_Driver/Inc -I../Drivers/STM32F4xx_HAL_Driver/Inc/Legacy -I../Drivers/CMSIS/Device/ST/STM32F4xx/Include -I../Drivers/CMSIS/Include -I../USB_DEVICE/App -I../USB_DEVICE/Target -I../Middlewares/ST/STM32_USB_Device_Library/Core/Inc -I../Middlewares/ST/STM32_USB_Device_Library/Class/CDC/Inc -O0 -ffunction-sections -fdata-sections -Wall -fstack-usage -MMD -MP -MF"USB_DEVICE/App/usb_device.d" -MT"USB_DEVICE/App/usb_device.o" --specs=nano.specs -mfpu=fpv4-sp-d16 -mfloat-abi=hard -mthumb -o "USB_DEVICE/App/usb_device.o"
arm-none-eabi-gcc "../USB_DEVICE/App/usbd_cdc_if.c" -mcpu=cortex-m4 -std=gnu11 -g3 -DDEBUG -DUSE_HAL_DRIVER -DSTM32F415xx -c -I../Core/Inc -I../Drivers/STM32F4xx_HAL_Driver/Inc -I../Drivers/STM32F4xx_HAL_Driver/Inc/Legacy -I../Drivers/CMSIS/Device/ST/STM32F4xx/Include -I../Drivers/CMSIS/Include -I../USB_DEVICE/App -I../USB_DEVICE/Target -I../Middlewares/ST/STM32_USB_Device_Library/Core/Inc -I../Middlewares/ST/STM32_USB_Device_Library/Class/CDC/Inc -O0 -ffunction-sections -fdata-sections -Wall -fstack-usage -MMD -MP -MF"USB_DEVICE/App/usbd_cdc_if.d" -MT"USB_DEVICE/App/usbd_cdc_if.o" --specs=nano.specs -mfpu=fpv4-sp-d16 -mfloat-abi=hard -mthumb -o "USB_DEVICE/App/usbd_cdc_if.o"
arm-none-eabi-gcc "../USB_DEVICE/App/usbd_desc.c" -mcpu=cortex-m4 -std=gnu11 -g3 -DDEBUG -DUSE_HAL_DRIVER -DSTM32F415xx -c -I../Core/Inc -I../Drivers/STM32F4xx_HAL_Driver/Inc -I../Drivers/STM32F4xx_HAL_Driver/Inc/Legacy -I../Drivers/CMSIS/Device/ST/STM32F4xx/Include -I../Drivers/CMSIS/Include -I../USB_DEVICE/App -I../USB_DEVICE/Target -I../Middlewares/ST/STM32_USB_Device_Library/Core/Inc -I../Middlewares/ST/STM32_USB_Device_Library/Class/CDC/Inc -O0 -ffunction-sections -fdata-sections -Wall -fstack-usage -MMD -MP -MF"USB_DEVICE/App/usbd_desc.d" -MT"USB_DEVICE/App/usbd_desc.o" --specs=nano.specs -mfpu=fpv4-sp-d16 -mfloat-abi=hard -mthumb -o "USB_DEVICE/App/usbd_desc.o"
arm-none-eabi-gcc "../Middlewares/ST/STM32_USB_Device_Library/Core/Src/usbd_core.c" -mcpu=cortex-m4 -std=gnu11 -g3 -DDEBUG -DUSE_HAL_DRIVER -DSTM32F415xx -c -I../Core/Inc -I../Drivers/STM32F4xx_HAL_Driver/Inc -I../Drivers/STM32F4xx_HAL_Driver/Inc/Legacy -I../Drivers/CMSIS/Device/ST/STM32F4xx/Include -I../Drivers/CMSIS/Include -I../USB_DEVICE/App -I../USB_DEVICE/Target -I../Middlewares/ST/STM32_USB_Device_Library/Core/Inc -I../Middlewares/ST/STM32_USB_Device_Library/Class/CDC/Inc -O0 -ffunction-sections -fdata-sections -Wall -fstack-usage -MMD -MP -MF"Middlewares/ST/STM32_USB_Device_Library/Core/Src/usbd_core.d" -MT"Middlewares/ST/STM32_USB_Device_Library/Core/Src/usbd_core.o" --specs=nano.specs -mfpu=fpv4-sp-d16 -mfloat-abi=hard -mthumb -o "Middlewares/ST/STM32_USB_Device_Library/Core/Src/usbd_core.o"
arm-none-eabi-gcc "../Middlewares/ST/STM32_USB_Device_Library/Core/Src/usbd_ctlreq.c" -mcpu=cortex-m4 -std=gnu11 -g3 -DDEBUG -DUSE_HAL_DRIVER -DSTM32F415xx -c -I../Core/Inc -I../Drivers/STM32F4xx_HAL_Driver/Inc -I../Drivers/STM32F4xx_HAL_Driver/Inc/Legacy -I../Drivers/CMSIS/Device/ST/STM32F4xx/Include -I../Drivers/CMSIS/Include -I../USB_DEVICE/App -I../USB_DEVICE/Target -I../Middlewares/ST/STM32_USB_Device_Library/Core/Inc -I../Middlewares/ST/STM32_USB_Device_Library/Class/CDC/Inc -O0 -ffunction-sections -fdata-sections -Wall -fstack-usage -MMD -MP -MF"Middlewares/ST/STM32_USB_Device_Library/Core/Src/usbd_ctlreq.d" -MT"Middlewares/ST/STM32_USB_Device_Library/Core/Src/usbd_ctlreq.o" --specs=nano.specs -mfpu=fpv4-sp-d16 -mfloat-abi=hard -mthumb -o "Middlewares/ST/STM32_USB_Device_Library/Core/Src/usbd_ctlreq.o"
arm-none-eabi-gcc "../Middlewares/ST/STM32_USB_Device_Library/Core/Src/usbd_ioreq.c" -mcpu=cortex-m4 -std=gnu11 -g3 -DDEBUG -DUSE_HAL_DRIVER -DSTM32F415xx -c -I../Core/Inc -I../Drivers/STM32F4xx_HAL_Driver/Inc -I../Drivers/STM32F4xx_HAL_Driver/Inc/Legacy -I../Drivers/CMSIS/Device/ST/STM32F4xx/Include -I../Drivers/CMSIS/Include -I../USB_DEVICE/App -I../USB_DEVICE/Target -I../Middlewares/ST/STM32_USB_Device_Library/Core/Inc -I../Middlewares/ST/STM32_USB_Device_Library/Class/CDC/Inc -O0 -ffunction-sections -fdata-sections -Wall -fstack-usage -MMD -MP -MF"Middlewares/ST/STM32_USB_Device_Library/Core/Src/usbd_ioreq.d" -MT"Middlewares/ST/STM32_USB_Device_Library/Core/Src/usbd_ioreq.o" --specs=nano.specs -mfpu=fpv4-sp-d16 -mfloat-abi=hard -mthumb -o "Middlewares/ST/STM32_USB_Device_Library/Core/Src/usbd_ioreq.o"
arm-none-eabi-gcc "../Middlewares/ST/STM32_USB_Device_Library/Class/CDC/Src/usbd_cdc.c" -mcpu=cortex-m4 -std=gnu11 -g3 -DDEBUG -DUSE_HAL_DRIVER -DSTM32F415xx -c -I../Core/Inc -I../Drivers/STM32F4xx_HAL_Driver/Inc -I../Drivers/STM32F4xx_HAL_Driver/Inc/Legacy -I../Drivers/CMSIS/Device/ST/STM32F4xx/Include -I../Drivers/CMSIS/Include -I../USB_DEVICE/App -I../USB_DEVICE/Target -I../Middlewares/ST/STM32_USB_Device_Library/Core/Inc -I../Middlewares/ST/STM32_USB_Device_Library/Class/CDC/Inc -O0 -ffunction-sections -fdata-sections -Wall -fstack-usage -MMD -MP -MF"Middlewares/ST/STM32_USB_Device_Library/Class/CDC/Src/usbd_cdc.d" -MT"Middlewares/ST/STM32_USB_Device_Library/Class/CDC/Src/usbd_cdc.o" --specs=nano.specs -mfpu=fpv4-sp-d16 -mfloat-abi=hard -mthumb -o "Middlewares/ST/STM32_USB_Device_Library/Class/CDC/Src/usbd_cdc.o"
arm-none-eabi-gcc "../Drivers/STM32F4xx_HAL_Driver/Src/stm32f4xx_hal.c" -mcpu=cortex-m4 -std=gnu11 -g3 -DDEBUG -DUSE_HAL_DRIVER -DSTM32F415xx -c -I../Core/Inc -I../Drivers/STM32F4xx_HAL_Driver/Inc -I../Drivers/STM32F4xx_HAL_Driver/Inc/Legacy -I../Drivers/CMSIS/Device/ST/STM32F4xx/Include -I../Drivers/CMSIS/Include -I../USB_DEVICE/App -I../USB_DEVICE/Target -I../Middlewares/ST/STM32_USB_Device_Library/Core/Inc -I../Middlewares/ST/STM32_USB_Device_Library/Class/CDC/Inc -O0 -ffunction-sections -fdata-sections -Wall -fstack-usage -MMD -MP -MF"Drivers/STM32F4xx_HAL_Driver/Src/stm32f4xx_hal.d" -MT"Drivers/STM32F4xx_HAL_Driver/Src/stm32f4xx_hal.o" --specs=nano.specs -mfpu=fpv4-sp-d16 -mfloat-abi=hard -mthumb -o "Drivers/STM32F4xx_HAL_Driver/Src/stm32f4xx_hal.o"
arm-none-eabi-gcc "../Drivers/STM32F4xx_HAL_Driver/Src/stm32f4xx_hal_adc.c" -mcpu=cortex-m4 -std=gnu11 -g3 -DDEBUG -DUSE_HAL_DRIVER -DSTM32F415xx -c -I../Core/Inc -I../Drivers/STM32F4xx_HAL_Driver/Inc -I../Drivers/STM32F4xx_HAL_Driver/Inc/Legacy -I../Drivers/CMSIS/Device/ST/STM32F4xx/Include -I../Drivers/CMSIS/Include -I../USB_DEVICE/App -I../USB_DEVICE/Target -I../Middlewares/ST/STM32_USB_Device_Library/Core/Inc -I../Middlewares/ST/STM32_USB_Device_Library/Class/CDC/Inc -O0 -ffunction-sections -fdata-sections -Wall -fstack-usage -MMD -MP -MF"Drivers/STM32F4xx_HAL_Driver/Src/stm32f4xx_hal_adc.d" -MT"Drivers/STM32F4xx_HAL_Driver/Src/stm32f4xx_hal_adc.o" --specs=nano.specs -mfpu=fpv4-sp-d16 -mfloat-abi=hard -mthumb -o "Drivers/STM32F4xx_HAL_Driver/Src/stm32f4xx_hal_adc.o"
arm-none-eabi-gcc "../Drivers/STM32F4xx_HAL_Driver/Src/stm32f4xx_hal_adc_ex.c" -mcpu=cortex-m4 -std=gnu11 -g3 -DDEBUG -DUSE_HAL_DRIVER -DSTM32F415xx -c -I../Core/Inc -I../Drivers/STM32F4xx_HAL_Driver/Inc -I../Drivers/STM32F4xx_HAL_Driver/Inc/Legacy -I../Drivers/CMSIS/Device/ST/STM32F4xx/Include -I../Drivers/CMSIS/Include -I../USB_DEVICE/App -I../USB_DEVICE/Target -I../Middlewares/ST/STM32_USB_Device_Library/Core/Inc -I../Middlewares/ST/STM32_USB_Device_Library/Class/CDC/Inc -O0 -ffunction-sections -fdata-sections -Wall -fstack-usage -MMD -MP -MF"Drivers/STM32F4xx_HAL_Driver/Src/stm32f4xx_hal_adc_ex.d" -MT"Drivers/STM32F4xx_HAL_Driver/Src/stm32f4xx_hal_adc_ex.o" --specs=nano.specs -mfpu=fpv4-sp-d16 -mfloat-abi=hard -mthumb -o "Drivers/STM32F4xx_HAL_Driver/Src/stm32f4xx_hal_adc_ex.o"
arm-none-eabi-gcc "../Drivers/STM32F4xx_HAL_Driver/Src/stm32f4xx_hal_can.c" -mcpu=cortex-m4 -std=gnu11 -g3 -DDEBUG -DUSE_HAL_DRIVER -DSTM32F415xx -c -I../Core/Inc -I../Drivers/STM32F4xx_HAL_Driver/Inc -I../Drivers/STM32F4xx_HAL_Driver/Inc/Legacy -I../Drivers/CMSIS/Device/ST/STM32F4xx/Include -I../Drivers/CMSIS/Include -I../USB_DEVICE/App -I../USB_DEVICE/Target -I../Middlewares/ST/STM32_USB_Device_Library/Core/Inc -I../Middlewares/ST/STM32_USB_Device_Library/Class/CDC/Inc -O0 -ffunction-sections -fdata-sections -Wall -fstack-usage -MMD -MP -MF"Drivers/STM32F4xx_HAL_Driver/Src/stm32f4xx_hal_can.d" -MT"Drivers/STM32F4xx_HAL_Driver/Src/stm32f4xx_hal_can.o" --specs=nano.specs -mfpu=fpv4-sp-d16 -mfloat-abi=hard -mthumb -o "Drivers/STM32F4xx_HAL_Driver/Src/stm32f4xx_hal_can.o"
arm-none-eabi-gcc "../Drivers/STM32F4xx_HAL_Driver/Src/stm32f4xx_hal_cortex.c" -mcpu=cortex-m4 -std=gnu11 -g3 -DDEBUG -DUSE_HAL_DRIVER -DSTM32F415xx -c -I../Core/Inc -I../Drivers/STM32F4xx_HAL_Driver/Inc -I../Drivers/STM32F4xx_HAL_Driver/Inc/Legacy -I../Drivers/CMSIS/Device/ST/STM32F4xx/Include -I../Drivers/CMSIS/Include -I../USB_DEVICE/App -I../USB_DEVICE/Target -I../Middlewares/ST/STM32_USB_Device_Library/Core/Inc -I../Middlewares/ST/STM32_USB_Device_Library/Class/CDC/Inc -O0 -ffunction-sections -fdata-sections -Wall -fstack-usage -MMD -MP -MF"Drivers/STM32F4xx_HAL_Driver/Src/stm32f4xx_hal_cortex.d" -MT"Drivers/STM32F4xx_HAL_Driver/Src/stm32f4xx_hal_cortex.o" --specs=nano.specs -mfpu=fpv4-sp-d16 -mfloat-abi=hard -mthumb -o "Drivers/STM32F4xx_HAL_Driver/Src/stm32f4xx_hal_cortex.o"
arm-none-eabi-gcc "../Drivers/STM32F4xx_HAL_Driver/Src/stm32f4xx_hal_dma.c" -mcpu=cortex-m4 -std=gnu11 -g3 -DDEBUG -DUSE_HAL_DRIVER -DSTM32F415xx -c -I../Core/Inc -I../Drivers/STM32F4xx_HAL_Driver/Inc -I../Drivers/STM32F4xx_HAL_Driver/Inc/Legacy -I../Drivers/CMSIS/Device/ST/STM32F4xx/Include -I../Drivers/CMSIS/Include -I../USB_DEVICE/App -I../USB_DEVICE/Target -I../Middlewares/ST/STM32_USB_Device_Library/Core/Inc -I../Middlewares/ST/STM32_USB_Device_Library/Class/CDC/Inc -O0 -ffunction-sections -fdata-sections -Wall -fstack-usage -MMD -MP -MF"Drivers/STM32F4xx_HAL_Driver/Src/stm32f4xx_hal_dma.d" -MT"Drivers/STM32F4xx_HAL_Driver/Src/stm32f4xx_hal_dma.o" --specs=nano.specs -mfpu=fpv4-sp-d16 -mfloat-abi=hard -mthumb -o "Drivers/STM32F4xx_HAL_Driver/Src/stm32f4xx_hal_dma.o"
arm-none-eabi-gcc "../Drivers/STM32F4xx_HAL_Driver/Src/stm32f4xx_hal_dma_ex.c" -mcpu=cortex-m4 -std=gnu11 -g3 -DDEBUG -DUSE_HAL_DRIVER -DSTM32F415xx -c -I../Core/Inc -I../Drivers/STM32F4xx_HAL_Driver/Inc -I../Drivers/STM32F4xx_HAL_Driver/Inc/Legacy -I../Drivers/CMSIS/Device/ST/STM32F4xx/Include -I../Drivers/CMSIS/Include -I../USB_DEVICE/App -I../USB_DEVICE/Target -I../Middlewares/ST/STM32_USB_Device_Library/Core/Inc -I../Middlewares/ST/STM32_USB_Device_Library/Class/CDC/Inc -O0 -ffunction-sections -fdata-sections -Wall -fstack-usage -MMD -MP -MF"Drivers/STM32F4xx_HAL_Driver/Src/stm32f4xx_hal_dma_ex.d" -MT"Drivers/STM32F4xx_HAL_Driver/Src/stm32f4xx_hal_dma_ex.o" --specs=nano.specs -mfpu=fpv4-sp-d16 -mfloat-abi=hard -mthumb -o "Drivers/STM32F4xx_HAL_Driver/Src/stm32f4xx_hal_dma_ex.o"
arm-none-eabi-gcc "../Drivers/STM32F4xx_HAL_Driver/Src/stm32f4xx_hal_exti.c" -mcpu=cortex-m4 -std=gnu11 -g3 -DDEBUG -DUSE_HAL_DRIVER -DSTM32F415xx -c -I../Core/Inc -I../Drivers/STM32F4xx_HAL_Driver/Inc -I../Drivers/STM32F4xx_HAL_Driver/Inc/Legacy -I../Drivers/CMSIS/Device/ST/STM32F4xx/Include -I../Drivers/CMSIS/Include -I../USB_DEVICE/App -I../USB_DEVICE/Target -I../Middlewares/ST/STM32_USB_Device_Library/Core/Inc -I../Middlewares/ST/STM32_USB_Device_Library/Class/CDC/Inc -O0 -ffunction-sections -fdata-sections -Wall -fstack-usage -MMD -MP -MF"Drivers/STM32F4xx_HAL_Driver/Src/stm32f4xx_hal_exti.d" -MT"Drivers/STM32F4xx_HAL_Driver/Src/stm32f4xx_hal_exti.o" --specs=nano.specs -mfpu=fpv4-sp-d16 -mfloat-abi=hard -mthumb -o "Drivers/STM32F4xx_HAL_Driver/Src/stm32f4xx_hal_exti.o"
arm-none-eabi-gcc "../Drivers/STM32F4xx_HAL_Driver/Src/stm32f4xx_hal_flash.c" -mcpu=cortex-m4 -std=gnu11 -g3 -DDEBUG -DUSE_HAL_DRIVER -DSTM32F415xx -c -I../Core/Inc -I../Drivers/STM32F4xx_HAL_Driver/Inc -I../Drivers/STM32F4xx_HAL_Driver/Inc/Legacy -I../Drivers/CMSIS/Device/ST/STM32F4xx/Include -I../Drivers/CMSIS/Include -I../USB_DEVICE/App -I../USB_DEVICE/Target -I../Middlewares/ST/STM32_USB_Device_Library/Core/Inc -I../Middlewares/ST/STM32_USB_Device_Library/Class/CDC/Inc -O0 -ffunction-sections -fdata-sections -Wall -fstack-usage -MMD -MP -MF"Drivers/STM32F4xx_HAL_Driver/Src/stm32f4xx_hal_flash.d" -MT"Drivers/STM32F4xx_HAL_Driver/Src/stm32f4xx_hal_flash.o" --specs=nano.specs -mfpu=fpv4-sp-d16 -mfloat-abi=hard -mthumb -o "Drivers/STM32F4xx_HAL_Driver/Src/stm32f4xx_hal_flash.o"
arm-none-eabi-gcc "../Drivers/STM32F4xx_HAL_Driver/Src/stm32f4xx_hal_flash_ex.c" -mcpu=cortex-m4 -std=gnu11 -g3 -DDEBUG -DUSE_HAL_DRIVER -DSTM32F415xx -c -I../Core/Inc -I../Drivers/STM32F4xx_HAL_Driver/Inc -I../Drivers/STM32F4xx_HAL_Driver/Inc/Legacy -I../Drivers/CMSIS/Device/ST/STM32F4xx/Include -I../Drivers/CMSIS/Include -I../USB_DEVICE/App -I../USB_DEVICE/Target -I../Middlewares/ST/STM32_USB_Device_Library/Core/Inc -I../Middlewares/ST/STM32_USB_Device_Library/Class/CDC/Inc -O0 -ffunction-sections -fdata-sections -Wall -fstack-usage -MMD -MP -MF"Drivers/STM32F4xx_HAL_Driver/Src/stm32f4xx_hal_flash_ex.d" -MT"Drivers/STM32F4xx_HAL_Driver/Src/stm32f4xx_hal_flash_ex.o" --specs=nano.specs -mfpu=fpv4-sp-d16 -mfloat-abi=hard -mthumb -o "Drivers/STM32F4xx_HAL_Driver/Src/stm32f4xx_hal_flash_ex.o"
arm-none-eabi-gcc "../Drivers/STM32F4xx_HAL_Driver/Src/stm32f4xx_hal_flash_ramfunc.c" -mcpu=cortex-m4 -std=gnu11 -g3 -DDEBUG -DUSE_HAL_DRIVER -DSTM32F415xx -c -I../Core/Inc -I../Drivers/STM32F4xx_HAL_Driver/Inc -I../Drivers/STM32F4xx_HAL_Driver/Inc/Legacy -I../Drivers/CMSIS/Device/ST/STM32F4xx/Include -I../Drivers/CMSIS/Include -I../USB_DEVICE/App -I../USB_DEVICE/Target -I../Middlewares/ST/STM32_USB_Device_Library/Core/Inc -I../Middlewares/ST/STM32_USB_Device_Library/Class/CDC/Inc -O0 -ffunction-sections -fdata-sections -Wall -fstack-usage -MMD -MP -MF"Drivers/STM32F4xx_HAL_Driver/Src/stm32f4xx_hal_flash_ramfunc.d" -MT"Drivers/STM32F4xx_HAL_Driver/Src/stm32f4xx_hal_flash_ramfunc.o" --specs=nano.specs -mfpu=fpv4-sp-d16 -mfloat-abi=hard -mthumb -o "Drivers/STM32F4xx_HAL_Driver/Src/stm32f4xx_hal_flash_ramfunc.o"
arm-none-eabi-gcc "../Drivers/STM32F4xx_HAL_Driver/Src/stm32f4xx_hal_gpio.c" -mcpu=cortex-m4 -std=gnu11 -g3 -DDEBUG -DUSE_HAL_DRIVER -DSTM32F415xx -c -I../Core/Inc -I../Drivers/STM32F4xx_HAL_Driver/Inc -I../Drivers/STM32F4xx_HAL_Driver/Inc/Legacy -I../Drivers/CMSIS/Device/ST/STM32F4xx/Include -I../Drivers/CMSIS/Include -I../USB_DEVICE/App -I../USB_DEVICE/Target -I../Middlewares/ST/STM32_USB_Device_Library/Core/Inc -I../Middlewares/ST/STM32_USB_Device_Library/Class/CDC/Inc -O0 -ffunction-sections -fdata-sections -Wall -fstack-usage -MMD -MP -MF"Drivers/STM32F4xx_HAL_Driver/Src/stm32f4xx_hal_gpio.d" -MT"Drivers/STM32F4xx_HAL_Driver/Src/stm32f4xx_hal_gpio.o" --specs=nano.specs -mfpu=fpv4-sp-d16 -mfloat-abi=hard -mthumb -o "Drivers/STM32F4xx_HAL_Driver/Src/stm32f4xx_hal_gpio.o"
arm-none-eabi-gcc "../Drivers/STM32F4xx_HAL_Driver/Src/stm32f4xx_hal_pcd.c" -mcpu=cortex-m4 -std=gnu11 -g3 -DDEBUG -DUSE_HAL_DRIVER -DSTM32F415xx -c -I../Core/Inc -I../Drivers/STM32F4xx_HAL_Driver/Inc -I../Drivers/STM32F4xx_HAL_Driver/Inc/Legacy -I../Drivers/CMSIS/Device/ST/STM32F4xx/Include -I../Drivers/CMSIS/Include -I../USB_DEVICE/App -I../USB_DEVICE/Target -I../Middlewares/ST/STM32_USB_Device_Library/Core/Inc -I../Middlewares/ST/STM32_USB_Device_Library/Class/CDC/Inc -O0 -ffunction-sections -fdata-sections -Wall -fstack-usage -MMD -MP -MF"Drivers/STM32F4xx_HAL_Driver/Src/stm32f4xx_hal_pcd.d" -MT"Drivers/STM32F4xx_HAL_Driver/Src/stm32f4xx_hal_pcd.o" --specs=nano.specs -mfpu=fpv4-sp-d16 -mfloat-abi=hard -mthumb -o "Drivers/STM32F4xx_HAL_Driver/Src/stm32f4xx_hal_pcd.o"
arm-none-eabi-gcc "../Drivers/STM32F4xx_HAL_Driver/Src/stm32f4xx_hal_pcd_ex.c" -mcpu=cortex-m4 -std=gnu11 -g3 -DDEBUG -DUSE_HAL_DRIVER -DSTM32F415xx -c -I../Core/Inc -I../Drivers/STM32F4xx_HAL_Driver/Inc -I../Drivers/STM32F4xx_HAL_Driver/Inc/Legacy -I../Drivers/CMSIS/Device/ST/STM32F4xx/Include -I../Drivers/CMSIS/Include -I../USB_DEVICE/App -I../USB_DEVICE/Target -I../Middlewares/ST/STM32_USB_Device_Library/Core/Inc -I../Middlewares/ST/STM32_USB_Device_Library/Class/CDC/Inc -O0 -ffunction-sections -fdata-sections -Wall -fstack-usage -MMD -MP -MF"Drivers/STM32F4xx_HAL_Driver/Src/stm32f4xx_hal_pcd_ex.d" -MT"Drivers/STM32F4xx_HAL_Driver/Src/stm32f4xx_hal_pcd_ex.o" --specs=nano.specs -mfpu=fpv4-sp-d16 -mfloat-abi=hard -mthumb -o "Drivers/STM32F4xx_HAL_Driver/Src/stm32f4xx_hal_pcd_ex.o"
arm-none-eabi-gcc "../Drivers/STM32F4xx_HAL_Driver/Src/stm32f4xx_hal_pwr.c" -mcpu=cortex-m4 -std=gnu11 -g3 -DDEBUG -DUSE_HAL_DRIVER -DSTM32F415xx -c -I../Core/Inc -I../Drivers/STM32F4xx_HAL_Driver/Inc -I../Drivers/STM32F4xx_HAL_Driver/Inc/Legacy -I../Drivers/CMSIS/Device/ST/STM32F4xx/Include -I../Drivers/CMSIS/Include -I../USB_DEVICE/App -I../USB_DEVICE/Target -I../Middlewares/ST/STM32_USB_Device_Library/Core/Inc -I../Middlewares/ST/STM32_USB_Device_Library/Class/CDC/Inc -O0 -ffunction-sections -fdata-sections -Wall -fstack-usage -MMD -MP -MF"Drivers/STM32F4xx_HAL_Driver/Src/stm32f4xx_hal_pwr.d" -MT"Drivers/STM32F4xx_HAL_Driver/Src/stm32f4xx_hal_pwr.o" --specs=nano.specs -mfpu=fpv4-sp-d16 -mfloat-abi=hard -mthumb -o "Drivers/STM32F4xx_HAL_Driver/Src/stm32f4xx_hal_pwr.o"
arm-none-eabi-gcc "../Drivers/STM32F4xx_HAL_Driver/Src/stm32f4xx_hal_pwr_ex.c" -mcpu=cortex-m4 -std=gnu11 -g3 -DDEBUG -DUSE_HAL_DRIVER -DSTM32F415xx -c -I../Core/Inc -I../Drivers/STM32F4xx_HAL_Driver/Inc -I../Drivers/STM32F4xx_HAL_Driver/Inc/Legacy -I../Drivers/CMSIS/Device/ST/STM32F4xx/Include -I../Drivers/CMSIS/Include -I../USB_DEVICE/App -I../USB_DEVICE/Target -I../Middlewares/ST/STM32_USB_Device_Library/Core/Inc -I../Middlewares/ST/STM32_USB_Device_Library/Class/CDC/Inc -O0 -ffunction-sections -fdata-sections -Wall -fstack-usage -MMD -MP -MF"Drivers/STM32F4xx_HAL_Driver/Src/stm32f4xx_hal_pwr_ex.d" -MT"Drivers/STM32F4xx_HAL_Driver/Src/stm32f4xx_hal_pwr_ex.o" --specs=nano.specs -mfpu=fpv4-sp-d16 -mfloat-abi=hard -mthumb -o "Drivers/STM32F4xx_HAL_Driver/Src/stm32f4xx_hal_pwr_ex.o"
arm-none-eabi-gcc "../Drivers/STM32F4xx_HAL_Driver/Src/stm32f4xx_hal_rcc.c" -mcpu=cortex-m4 -std=gnu11 -g3 -DDEBUG -DUSE_HAL_DRIVER -DSTM32F415xx -c -I../Core/Inc -I../Drivers/STM32F4xx_HAL_Driver/Inc -I../Drivers/STM32F4xx_HAL_Driver/Inc/Legacy -I../Drivers/CMSIS/Device/ST/STM32F4xx/Include -I../Drivers/CMSIS/Include -I../USB_DEVICE/App -I../USB_DEVICE/Target -I../Middlewares/ST/STM32_USB_Device_Library/Core/Inc -I../Middlewares/ST/STM32_USB_Device_Library/Class/CDC/Inc -O0 -ffunction-sections -fdata-sections -Wall -fstack-usage -MMD -MP -MF"Drivers/STM32F4xx_HAL_Driver/Src/stm32f4xx_hal_rcc.d" -MT"Drivers/STM32F4xx_HAL_Driver/Src/stm32f4xx_hal_rcc.o" --specs=nano.specs -mfpu=fpv4-sp-d16 -mfloat-abi=hard -mthumb -o "Drivers/STM32F4xx_HAL_Driver/Src/stm32f4xx_hal_rcc.o"
arm-none-eabi-gcc "../Drivers/STM32F4xx_HAL_Driver/Src/stm32f4xx_hal_rcc_ex.c" -mcpu=cortex-m4 -std=gnu11 -g3 -DDEBUG -DUSE_HAL_DRIVER -DSTM32F415xx -c -I../Core/Inc -I../Drivers/STM32F4xx_HAL_Driver/Inc -I../Drivers/STM32F4xx_HAL_Driver/Inc/Legacy -I../Drivers/CMSIS/Device/ST/STM32F4xx/Include -I../Drivers/CMSIS/Include -I../USB_DEVICE/App -I../USB_DEVICE/Target -I../Middlewares/ST/STM32_USB_Device_Library/Core/Inc -I../Middlewares/ST/STM32_USB_Device_Library/Class/CDC/Inc -O0 -ffunction-sections -fdata-sections -Wall -fstack-usage -MMD -MP -MF"Drivers/STM32F4xx_HAL_Driver/Src/stm32f4xx_hal_rcc_ex.d" -MT"Drivers/STM32F4xx_HAL_Driver/Src/stm32f4xx_hal_rcc_ex.o" --specs=nano.specs -mfpu=fpv4-sp-d16 -mfloat-abi=hard -mthumb -o "Drivers/STM32F4xx_HAL_Driver/Src/stm32f4xx_hal_rcc_ex.o"
arm-none-eabi-gcc "../Drivers/STM32F4xx_HAL_Driver/Src/stm32f4xx_hal_tim.c" -mcpu=cortex-m4 -std=gnu11 -g3 -DDEBUG -DUSE_HAL_DRIVER -DSTM32F415xx -c -I../Core/Inc -I../Drivers/STM32F4xx_HAL_Driver/Inc -I../Drivers/STM32F4xx_HAL_Driver/Inc/Legacy -I../Drivers/CMSIS/Device/ST/STM32F4xx/Include -I../Drivers/CMSIS/Include -I../USB_DEVICE/App -I../USB_DEVICE/Target -I../Middlewares/ST/STM32_USB_Device_Library/Core/Inc -I../Middlewares/ST/STM32_USB_Device_Library/Class/CDC/Inc -O0 -ffunction-sections -fdata-sections -Wall -fstack-usage -MMD -MP -MF"Drivers/STM32F4xx_HAL_Driver/Src/stm32f4xx_hal_tim.d" -MT"Drivers/STM32F4xx_HAL_Driver/Src/stm32f4xx_hal_tim.o" --specs=nano.specs -mfpu=fpv4-sp-d16 -mfloat-abi=hard -mthumb -o "Drivers/STM32F4xx_HAL_Driver/Src/stm32f4xx_hal_tim.o"
arm-none-eabi-gcc "../Drivers/STM32F4xx_HAL_Driver/Src/stm32f4xx_hal_tim_ex.c" -mcpu=cortex-m4 -std=gnu11 -g3 -DDEBUG -DUSE_HAL_DRIVER -DSTM32F415xx -c -I../Core/Inc -I../Drivers/STM32F4xx_HAL_Driver/Inc -I../Drivers/STM32F4xx_HAL_Driver/Inc/Legacy -I../Drivers/CMSIS/Device/ST/STM32F4xx/Include -I../Drivers/CMSIS/Include -I../USB_DEVICE/App -I../USB_DEVICE/Target -I../Middlewares/ST/STM32_USB_Device_Library/Core/Inc -I../Middlewares/ST/STM32_USB_Device_Library/Class/CDC/Inc -O0 -ffunction-sections -fdata-sections -Wall -fstack-usage -MMD -MP -MF"Drivers/STM32F4xx_HAL_Driver/Src/stm32f4xx_hal_tim_ex.d" -MT"Drivers/STM32F4xx_HAL_Driver/Src/stm32f4xx_hal_tim_ex.o" --specs=nano.specs -mfpu=fpv4-sp-d16 -mfloat-abi=hard -mthumb -o "Drivers/STM32F4xx_HAL_Driver/Src/stm32f4xx_hal_tim_ex.o"
arm-none-eabi-gcc "../Drivers/STM32F4xx_HAL_Driver/Src/stm32f4xx_ll_adc.c" -mcpu=cortex-m4 -std=gnu11 -g3 -DDEBUG -DUSE_HAL_DRIVER -DSTM32F415xx -c -I../Core/Inc -I../Drivers/STM32F4xx_HAL_Driver/Inc -I../Drivers/STM32F4xx_HAL_Driver/Inc/Legacy -I../Drivers/CMSIS/Device/ST/STM32F4xx/Include -I../Drivers/CMSIS/Include -I../USB_DEVICE/App -I../USB_DEVICE/Target -I../Middlewares/ST/STM32_USB_Device_Library/Core/Inc -I../Middlewares/ST/STM32_USB_Device_Library/Class/CDC/Inc -O0 -ffunction-sections -fdata-sections -Wall -fstack-usage -MMD -MP -MF"Drivers/STM32F4xx_HAL_Driver/Src/stm32f4xx_ll_adc.d" -MT"Drivers/STM32F4xx_HAL_Driver/Src/stm32f4xx_ll_adc.o" --specs=nano.specs -mfpu=fpv4-sp-d16 -mfloat-abi=hard -mthumb -o "Drivers/STM32F4xx_HAL_Driver/Src/stm32f4xx_ll_adc.o"
arm-none-eabi-gcc "../Drivers/STM32F4xx_HAL_Driver/Src/stm32f4xx_ll_usb.c" -mcpu=cortex-m4 -std=gnu11 -g3 -DDEBUG -DUSE_HAL_DRIVER -DSTM32F415xx -c -I../Core/Inc -I../Drivers/STM32F4xx_HAL_Driver/Inc -I../Drivers/STM32F4xx_HAL_Driver/Inc/Legacy -I../Drivers/CMSIS/Device/ST/STM32F4xx/Include -I../Drivers/CMSIS/Include -I../USB_DEVICE/App -I../USB_DEVICE/Target -I../Middlewares/ST/STM32_USB_Device_Library/Core/Inc -I../Middlewares/ST/STM32_USB_Device_Library/Class/CDC/Inc -O0 -ffunction-sections -fdata-sections -Wall -fstack-usage -MMD -MP -MF"Drivers/STM32F4xx_HAL_Driver/Src/stm32f4xx_ll_usb.d" -MT"Drivers/STM32F4xx_HAL_Driver/Src/stm32f4xx_ll_usb.o" --specs=nano.specs -mfpu=fpv4-sp-d16 -mfloat-abi=hard -mthumb -o "Drivers/STM32F4xx_HAL_Driver/Src/stm32f4xx_ll_usb.o"
arm-none-eabi-gcc -mcpu=cortex-m4 -g3 -DDEBUG -c -x assembler-with-cpp -MMD -MP -MF"Core/Startup/startup_stm32f415rgtx.d" -MT"Core/Startup/startup_stm32f415rgtx.o" --specs=nano.specs -mfpu=fpv4-sp-d16 -mfloat-abi=hard -mthumb -o "Core/Startup/startup_stm32f415rgtx.o" "../Core/Startup/startup_stm32f415rgtx.s"
arm-none-eabi-gcc "../Core/Src/main.c" -mcpu=cortex-m4 -std=gnu11 -g3 -DDEBUG -DUSE_HAL_DRIVER -DSTM32F415xx -c -I../Core/Inc -I../Drivers/STM32F4xx_HAL_Driver/Inc -I../Drivers/STM32F4xx_HAL_Driver/Inc/Legacy -I../Drivers/CMSIS/Device/ST/STM32F4xx/Include -I../Drivers/CMSIS/Include -I../USB_DEVICE/App -I../USB_DEVICE/Target -I../Middlewares/ST/STM32_USB_Device_Library/Core/Inc -I../Middlewares/ST/STM32_USB_Device_Library/Class/CDC/Inc -O0 -ffunction-sections -fdata-sections -Wall -fstack-usage -MMD -MP -MF"Core/Src/main.d" -MT"Core/Src/main.o" --specs=nano.specs -mfpu=fpv4-sp-d16 -mfloat-abi=hard -mthumb -o "Core/Src/main.o"
arm-none-eabi-gcc "../Core/Src/stm32f4xx_hal_msp.c" -mcpu=cortex-m4 -std=gnu11 -g3 -DDEBUG -DUSE_HAL_DRIVER -DSTM32F415xx -c -I../Core/Inc -I../Drivers/STM32F4xx_HAL_Driver/Inc -I../Drivers/STM32F4xx_HAL_Driver/Inc/Legacy -I../Drivers/CMSIS/Device/ST/STM32F4xx/Include -I../Drivers/CMSIS/Include -I../USB_DEVICE/App -I../USB_DEVICE/Target -I../Middlewares/ST/STM32_USB_Device_Library/Core/Inc -I../Middlewares/ST/STM32_USB_Device_Library/Class/CDC/Inc -O0 -ffunction-sections -fdata-sections -Wall -fstack-usage -MMD -MP -MF"Core/Src/stm32f4xx_hal_msp.d" -MT"Core/Src/stm32f4xx_hal_msp.o" --specs=nano.specs -mfpu=fpv4-sp-d16 -mfloat-abi=hard -mthumb -o "Core/Src/stm32f4xx_hal_msp.o"
arm-none-eabi-gcc "../Core/Src/stm32f4xx_it.c" -mcpu=cortex-m4 -std=gnu11 -g3 -DDEBUG -DUSE_HAL_DRIVER -DSTM32F415xx -c -I../Core/Inc -I../Drivers/STM32F4xx_HAL_Driver/Inc -I../Drivers/STM32F4xx_HAL_Driver/Inc/Legacy -I../Drivers/CMSIS/Device/ST/STM32F4xx/Include -I../Drivers/CMSIS/Include -I../USB_DEVICE/App -I../USB_DEVICE/Target -I../Middlewares/ST/STM32_USB_Device_Library/Core/Inc -I../Middlewares/ST/STM32_USB_Device_Library/Class/CDC/Inc -O0 -ffunction-sections -fdata-sections -Wall -fstack-usage -MMD -MP -MF"Core/Src/stm32f4xx_it.d" -MT"Core/Src/stm32f4xx_it.o" --specs=nano.specs -mfpu=fpv4-sp-d16 -mfloat-abi=hard -mthumb -o "Core/Src/stm32f4xx_it.o"
arm-none-eabi-gcc "../Core/Src/syscalls.c" -mcpu=cortex-m4 -std=gnu11 -g3 -DDEBUG -DUSE_HAL_DRIVER -DSTM32F415xx -c -I../Core/Inc -I../Drivers/STM32F4xx_HAL_Driver/Inc -I../Drivers/STM32F4xx_HAL_Driver/Inc/Legacy -I../Drivers/CMSIS/Device/ST/STM32F4xx/Include -I../Drivers/CMSIS/Include -I../USB_DEVICE/App -I../USB_DEVICE/Target -I../Middlewares/ST/STM32_USB_Device_Library/Core/Inc -I../Middlewares/ST/STM32_USB_Device_Library/Class/CDC/Inc -O0 -ffunction-sections -fdata-sections -Wall -fstack-usage -MMD -MP -MF"Core/Src/syscalls.d" -MT"Core/Src/syscalls.o" --specs=nano.specs -mfpu=fpv4-sp-d16 -mfloat-abi=hard -mthumb -o "Core/Src/syscalls.o"
arm-none-eabi-gcc "../Core/Src/sysmem.c" -mcpu=cortex-m4 -std=gnu11 -g3 -DDEBUG -DUSE_HAL_DRIVER -DSTM32F415xx -c -I../Core/Inc -I../Drivers/STM32F4xx_HAL_Driver/Inc -I../Drivers/STM32F4xx_HAL_Driver/Inc/Legacy -I../Drivers/CMSIS/Device/ST/STM32F4xx/Include -I../Drivers/CMSIS/Include -I../USB_DEVICE/App -I../USB_DEVICE/Target -I../Middlewares/ST/STM32_USB_Device_Library/Core/Inc -I../Middlewares/ST/STM32_USB_Device_Library/Class/CDC/Inc -O0 -ffunction-sections -fdata-sections -Wall -fstack-usage -MMD -MP -MF"Core/Src/sysmem.d" -MT"Core/Src/sysmem.o" --specs=nano.specs -mfpu=fpv4-sp-d16 -mfloat-abi=hard -mthumb -o "Core/Src/sysmem.o"
arm-none-eabi-gcc "../Core/Src/system_stm32f4xx.c" -mcpu=cortex-m4 -std=gnu11 -g3 -DDEBUG -DUSE_HAL_DRIVER -DSTM32F415xx -c -I../Core/Inc -I../Drivers/STM32F4xx_HAL_Driver/Inc -I../Drivers/STM32F4xx_HAL_Driver/Inc/Legacy -I../Drivers/CMSIS/Device/ST/STM32F4xx/Include -I../Drivers/CMSIS/Include -I../USB_DEVICE/App -I../USB_DEVICE/Target -I../Middlewares/ST/STM32_USB_Device_Library/Core/Inc -I../Middlewares/ST/STM32_USB_Device_Library/Class/CDC/Inc -O0 -ffunction-sections -fdata-sections -Wall -fstack-usage -MMD -MP -MF"Core/Src/system_stm32f4xx.d" -MT"Core/Src/system_stm32f4xx.o" --specs=nano.specs -mfpu=fpv4-sp-d16 -mfloat-abi=hard -mthumb -o "Core/Src/system_stm32f4xx.o"
arm-none-eabi-gcc "../Core/Inc/tm_lib/tm_stm32_delay.c" -mcpu=cortex-m4 -std=gnu11 -g3 -DDEBUG -DUSE_HAL_DRIVER -DSTM32F415xx -c -I../Core/Inc -I../Drivers/STM32F4xx_HAL_Driver/Inc -I../Drivers/STM32F4xx_HAL_Driver/Inc/Legacy -I../Drivers/CMSIS/Device/ST/STM32F4xx/Include -I../Drivers/CMSIS/Include -I../USB_DEVICE/App -I../USB_DEVICE/Target -I../Middlewares/ST/STM32_USB_Device_Library/Core/Inc -I../Middlewares/ST/STM32_USB_Device_Library/Class/CDC/Inc -O0 -ffunction-sections -fdata-sections -Wall -fstack-usage -MMD -MP -MF"Core/Inc/tm_lib/tm_stm32_delay.d" -MT"Core/Inc/tm_lib/tm_stm32_delay.o" --specs=nano.specs -mfpu=fpv4-sp-d16 -mfloat-abi=hard -mthumb -o "Core/Inc/tm_lib/tm_stm32_delay.o"
arm-none-eabi-gcc "../Core/Inc/tm_lib/tm_stm32_ds18b20.c" -mcpu=cortex-m4 -std=gnu11 -g3 -DDEBUG -DUSE_HAL_DRIVER -DSTM32F415xx -c -I../Core/Inc -I../Drivers/STM32F4xx_HAL_Driver/Inc -I../Drivers/STM32F4xx_HAL_Driver/Inc/Legacy -I../Drivers/CMSIS/Device/ST/STM32F4xx/Include -I../Drivers/CMSIS/Include -I../USB_DEVICE/App -I../USB_DEVICE/Target -I../Middlewares/ST/STM32_USB_Device_Library/Core/Inc -I../Middlewares/ST/STM32_USB_Device_Library/Class/CDC/Inc -O0 -ffunction-sections -fdata-sections -Wall -fstack-usage -MMD -MP -MF"Core/Inc/tm_lib/tm_stm32_ds18b20.d" -MT"Core/Inc/tm_lib/tm_stm32_ds18b20.o" --specs=nano.specs -mfpu=fpv4-sp-d16 -mfloat-abi=hard -mthumb -o "Core/Inc/tm_lib/tm_stm32_ds18b20.o"
arm-none-eabi-gcc "../Core/Inc/tm_lib/tm_stm32_gpio.c" -mcpu=cortex-m4 -std=gnu11 -g3 -DDEBUG -DUSE_HAL_DRIVER -DSTM32F415xx -c -I../Core/Inc -I../Drivers/STM32F4xx_HAL_Driver/Inc -I../Drivers/STM32F4xx_HAL_Driver/Inc/Legacy -I../Drivers/CMSIS/Device/ST/STM32F4xx/Include -I../Drivers/CMSIS/Include -I../USB_DEVICE/App -I../USB_DEVICE/Target -I../Middlewares/ST/STM32_USB_Device_Library/Core/Inc -I../Middlewares/ST/STM32_USB_Device_Library/Class/CDC/Inc -O0 -ffunction-sections -fdata-sections -Wall -fstack-usage -MMD -MP -MF"Core/Inc/tm_lib/tm_stm32_gpio.d" -MT"Core/Inc/tm_lib/tm_stm32_gpio.o" --specs=nano.specs -mfpu=fpv4-sp-d16 -mfloat-abi=hard -mthumb -o "Core/Inc/tm_lib/tm_stm32_gpio.o"
arm-none-eabi-gcc "../Core/Inc/tm_lib/tm_stm32_onewire.c" -mcpu=cortex-m4 -std=gnu11 -g3 -DDEBUG -DUSE_HAL_DRIVER -DSTM32F415xx -c -I../Core/Inc -I../Drivers/STM32F4xx_HAL_Driver/Inc -I../Drivers/STM32F4xx_HAL_Driver/Inc/Legacy -I../Drivers/CMSIS/Device/ST/STM32F4xx/Include -I../Drivers/CMSIS/Include -I../USB_DEVICE/App -I../USB_DEVICE/Target -I../Middlewares/ST/STM32_USB_Device_Library/Core/Inc -I../Middlewares/ST/STM32_USB_Device_Library/Class/CDC/Inc -O0 -ffunction-sections -fdata-sections -Wall -fstack-usage -MMD -MP -MF"Core/Inc/tm_lib/tm_stm32_onewire.d" -MT"Core/Inc/tm_lib/tm_stm32_onewire.o" --specs=nano.specs -mfpu=fpv4-sp-d16 -mfloat-abi=hard -mthumb -o "Core/Inc/tm_lib/tm_stm32_onewire.o"
arm-none-eabi-gcc "../Core/Inc/tm_lib/tm_stm32_rcc.c" -mcpu=cortex-m4 -std=gnu11 -g3 -DDEBUG -DUSE_HAL_DRIVER -DSTM32F415xx -c -I../Core/Inc -I../Drivers/STM32F4xx_HAL_Driver/Inc -I../Drivers/STM32F4xx_HAL_Driver/Inc/Legacy -I../Drivers/CMSIS/Device/ST/STM32F4xx/Include -I../Drivers/CMSIS/Include -I../USB_DEVICE/App -I../USB_DEVICE/Target -I../Middlewares/ST/STM32_USB_Device_Library/Core/Inc -I../Middlewares/ST/STM32_USB_Device_Library/Class/CDC/Inc -O0 -ffunction-sections -fdata-sections -Wall -fstack-usage -MMD -MP -MF"Core/Inc/tm_lib/tm_stm32_rcc.d" -MT"Core/Inc/tm_lib/tm_stm32_rcc.o" --specs=nano.specs -mfpu=fpv4-sp-d16 -mfloat-abi=hard -mthumb -o "Core/Inc/tm_lib/tm_stm32_rcc.o"
arm-none-eabi-gcc "../Core/Inc/metodar.c" -mcpu=cortex-m4 -std=gnu11 -g3 -DDEBUG -DUSE_HAL_DRIVER -DSTM32F415xx -c -I../Core/Inc -I../Drivers/STM32F4xx_HAL_Driver/Inc -I../Drivers/STM32F4xx_HAL_Driver/Inc/Legacy -I../Drivers/CMSIS/Device/ST/STM32F4xx/Include -I../Drivers/CMSIS/Include -I../USB_DEVICE/App -I../USB_DEVICE/Target -I../Middlewares/ST/STM32_USB_Device_Library/Core/Inc -I../Middlewares/ST/STM32_USB_Device_Library/Class/CDC/Inc -O0 -ffunction-sections -fdata-sections -Wall -fstack-usage -MMD -MP -MF"Core/Inc/metodar.d" -MT"Core/Inc/metodar.o" --specs=nano.specs -mfpu=fpv4-sp-d16 -mfloat-abi=hard -mthumb -o "Core/Inc/metodar.o"
arm-none-eabi-gcc "../Core/Inc/shift.c" -mcpu=cortex-m4 -std=gnu11 -g3 -DDEBUG -DUSE_HAL_DRIVER -DSTM32F415xx -c -I../Core/Inc -I../Drivers/STM32F4xx_HAL_Driver/Inc -I../Drivers/STM32F4xx_HAL_Driver/Inc/Legacy -I../Drivers/CMSIS/Device/ST/STM32F4xx/Include -I../Drivers/CMSIS/Include -I../USB_DEVICE/App -I../USB_DEVICE/Target -I../Middlewares/ST/STM32_USB_Device_Library/Core/Inc -I../Middlewares/ST/STM32_USB_Device_Library/Class/CDC/Inc -O0 -ffunction-sections -fdata-sections -Wall -fstack-usage -MMD -MP -MF"Core/Inc/shift.d" -MT"Core/Inc/shift.o" --specs=nano.specs -mfpu=fpv4-sp-d16 -mfloat-abi=hard -mthumb -o "Core/Inc/shift.o"
arm-none-eabi-gcc -o "Hermes.elf" @"objects.list"   -mcpu=cortex-m4 -T"C:\Users\Jurgi\Downloads\hermes-main\hermes-main\Hermes\STM32F415RGTX_FLASH.ld" --specs=nosys.specs -Wl,-Map="Hermes.map" -Wl,--gc-sections -static --specs=nano.specs -mfpu=fpv4-sp-d16 -mfloat-abi=hard -mthumb -u _printf_float -Wl,--start-group -lc -lm -Wl,--end-group
Finished building target: Hermes.elf
 
arm-none-eabi-size   Hermes.elf 
arm-none-eabi-objdump -h -S  Hermes.elf  > "Hermes.list"
arm-none-eabi-objcopy  -O binary  Hermes.elf  "Hermes.bin"
   text	   data	    bss	    dec	    hex	filename
  57016	    856	  15768	  73640	  11fa8	Hermes.elf
Finished building: default.size.stdout
 
Finished building: Hermes.bin
 
Finished building: Hermes.list
 
20:39:30 **** Incremental Build of configuration Debug for project Hermes ****
make -j8 all 
arm-none-eabi-size   Hermes.elf 
   text	   data	    bss	    dec	    hex	filename
  57016	    856	  15768	  73640	  11fa8	Hermes.elf
Finished building: default.size.stdout
 
20:40:47 **** Incremental Build of configuration Debug for project Hermes ****
make -j8 all 
arm-none-eabi-size   Hermes.elf 
   text	   data	    bss	    dec	    hex	filename
  57016	    856	  15768	  73640	  11fa8	Hermes.elf
Finished building: default.size.stdout
 
20:41:10 **** Incremental Build of configuration Debug for project Hermes ****
make -j8 all 
arm-none-eabi-size   Hermes.elf 
   text	   data	    bss	    dec	    hex	filename
  57016	    856	  15768	  73640	  11fa8	Hermes.elf
Finished building: default.size.stdout
 
20:42:36 **** Incremental Build of configuration Debug for project Hermes ****
make -j8 all 
arm-none-eabi-size   Hermes.elf 
   text	   data	    bss	    dec	    hex	filename
  57016	    856	  15768	  73640	  11fa8	Hermes.elf
Finished building: default.size.stdout
 
20:46:05 **** Incremental Build of configuration Debug for project Hermes ****
make -j8 all 
arm-none-eabi-size   Hermes.elf 
   text	   data	    bss	    dec	    hex	filename
  57016	    856	  15768	  73640	  11fa8	Hermes.elf
Finished building: default.size.stdout
 
20:56:13 **** Incremental Build of configuration Debug for project Sensorkort_Kode ****
make -j8 all 
arm-none-eabi-gcc "../Core/Src/main.c" -mcpu=cortex-m4 -std=gnu11 -g3 -DDEBUG -DUSE_HAL_DRIVER -DSTM32F415xx -c -I../Core/Inc -I../Drivers/STM32F4xx_HAL_Driver/Inc -I../Drivers/STM32F4xx_HAL_Driver/Inc/Legacy -I../Drivers/CMSIS/Device/ST/STM32F4xx/Include -I../Drivers/CMSIS/Include -I../USB_DEVICE/App -I../USB_DEVICE/Target -I../Middlewares/ST/STM32_USB_Device_Library/Core/Inc -I../Middlewares/ST/STM32_USB_Device_Library/Class/CDC/Inc -O0 -ffunction-sections -fdata-sections -Wall -fstack-usage -MMD -MP -MF"Core/Src/main.d" -MT"Core/Src/main.o" --specs=nano.specs -mfpu=fpv4-sp-d16 -mfloat-abi=hard -mthumb -o "Core/Src/main.o"
arm-none-eabi-gcc -o "Sensorkort_Kode.elf" @"objects.list"   -mcpu=cortex-m4 -T"C:\Users\Jurgi\Documents\STM_prosjekter\Sensorkort\Sensorkort_Kode\STM32F415RGTX_FLASH.ld" --specs=nosys.specs -Wl,-Map="Sensorkort_Kode.map" -Wl,--gc-sections -static --specs=nano.specs -mfpu=fpv4-sp-d16 -mfloat-abi=hard -mthumb -Wl,--start-group -lc -lm -Wl,--end-group
Finished building target: Sensorkort_Kode.elf
 
arm-none-eabi-size   Sensorkort_Kode.elf 
arm-none-eabi-objdump -h -S  Sensorkort_Kode.elf  > "Sensorkort_Kode.list"
   text	   data	    bss	    dec	    hex	filename
  55900	    508	   9176	  65584	  10030	Sensorkort_Kode.elf
arm-none-eabi-objcopy  -O binary  Sensorkort_Kode.elf  "Sensorkort_Kode.bin"
Finished building: default.size.stdout
 
Finished building: Sensorkort_Kode.bin
 
Finished building: Sensorkort_Kode.list
 
20:57:34 **** Incremental Build of configuration Debug for project Sensorkort_Kode ****
make -j8 all 
arm-none-eabi-size   Sensorkort_Kode.elf 
   text	   data	    bss	    dec	    hex	filename
  55900	    508	   9176	  65584	  10030	Sensorkort_Kode.elf
Finished building: default.size.stdout
 
20:57:58 **** Incremental Build of configuration Debug for project Sensorkort_Kode ****
make -j8 all 
arm-none-eabi-size   Sensorkort_Kode.elf 
   text	   data	    bss	    dec	    hex	filename
  55900	    508	   9176	  65584	  10030	Sensorkort_Kode.elf
Finished building: default.size.stdout
 
20:58:22 **** Incremental Build of configuration Debug for project Sensorkort_Kode ****
make -j8 all 
arm-none-eabi-size   Sensorkort_Kode.elf 
   text	   data	    bss	    dec	    hex	filename
  55900	    508	   9176	  65584	  10030	Sensorkort_Kode.elf
Finished building: default.size.stdout
 
21:06:56 **** Incremental Build of configuration Debug for project Sensorkort_Kode ****
make -j8 all 
arm-none-eabi-gcc "../Core/Src/main.c" -mcpu=cortex-m4 -std=gnu11 -g3 -DDEBUG -DUSE_HAL_DRIVER -DSTM32F415xx -c -I../Core/Inc -I../Drivers/STM32F4xx_HAL_Driver/Inc -I../Drivers/STM32F4xx_HAL_Driver/Inc/Legacy -I../Drivers/CMSIS/Device/ST/STM32F4xx/Include -I../Drivers/CMSIS/Include -I../USB_DEVICE/App -I../USB_DEVICE/Target -I../Middlewares/ST/STM32_USB_Device_Library/Core/Inc -I../Middlewares/ST/STM32_USB_Device_Library/Class/CDC/Inc -O0 -ffunction-sections -fdata-sections -Wall -fstack-usage -MMD -MP -MF"Core/Src/main.d" -MT"Core/Src/main.o" --specs=nano.specs -mfpu=fpv4-sp-d16 -mfloat-abi=hard -mthumb -o "Core/Src/main.o"
arm-none-eabi-gcc -o "Sensorkort_Kode.elf" @"objects.list"   -mcpu=cortex-m4 -T"C:\Users\Jurgi\Documents\STM_prosjekter\Sensorkort\Sensorkort_Kode\STM32F415RGTX_FLASH.ld" --specs=nosys.specs -Wl,-Map="Sensorkort_Kode.map" -Wl,--gc-sections -static --specs=nano.specs -mfpu=fpv4-sp-d16 -mfloat-abi=hard -mthumb -Wl,--start-group -lc -lm -Wl,--end-group
Finished building target: Sensorkort_Kode.elf
 
arm-none-eabi-size   Sensorkort_Kode.elf 
arm-none-eabi-objdump -h -S  Sensorkort_Kode.elf  > "Sensorkort_Kode.list"
arm-none-eabi-objcopy  -O binary  Sensorkort_Kode.elf  "Sensorkort_Kode.bin"
   text	   data	    bss	    dec	    hex	filename
  55940	    508	   9176	  65624	  10058	Sensorkort_Kode.elf
Finished building: default.size.stdout
 
Finished building: Sensorkort_Kode.bin
 
Finished building: Sensorkort_Kode.list
 
12:09:00 **** Incremental Build of configuration Debug for project Sensorkort_Kode ****
make -j8 all 
arm-none-eabi-gcc "../Core/Src/funksjoner.c" -mcpu=cortex-m4 -std=gnu11 -g3 -DDEBUG -DUSE_HAL_DRIVER -DSTM32F415xx -c -I../Core/Inc -I../Drivers/STM32F4xx_HAL_Driver/Inc -I../Drivers/STM32F4xx_HAL_Driver/Inc/Legacy -I../Drivers/CMSIS/Device/ST/STM32F4xx/Include -I../Drivers/CMSIS/Include -I../USB_DEVICE/App -I../USB_DEVICE/Target -I../Middlewares/ST/STM32_USB_Device_Library/Core/Inc -I../Middlewares/ST/STM32_USB_Device_Library/Class/CDC/Inc -O0 -ffunction-sections -fdata-sections -Wall -fstack-usage -MMD -MP -MF"Core/Src/funksjoner.d" -MT"Core/Src/funksjoner.o" --specs=nano.specs -mfpu=fpv4-sp-d16 -mfloat-abi=hard -mthumb -o "Core/Src/funksjoner.o"
../Core/Src/funksjoner.c: In function 'dybdeutregning':
../Core/Src/funksjoner.c:236:2: error: cannot convert to a pointer type
  236 |  dybde = (int16_t *)((P-P0)*10000/(rho*9.81));
      |  ^~~~~
../Core/Src/funksjoner.c:236:8: warning: assignment to 'int16_t' {aka 'short int'} from 'int16_t *' {aka 'short int *'} makes integer from pointer without a cast [-Wint-conversion]
  236 |  dybde = (int16_t *)((P-P0)*10000/(rho*9.81));
      |        ^
make: *** [Core/Src/subdir.mk:58: Core/Src/funksjoner.o] Error 1
"make -j8 all" terminated with exit code 2. Build might be incomplete.
12:10:05 **** Incremental Build of configuration Debug for project Sensorkort_Kode ****
make -j8 all 
arm-none-eabi-gcc "../Core/Src/funksjoner.c" -mcpu=cortex-m4 -std=gnu11 -g3 -DDEBUG -DUSE_HAL_DRIVER -DSTM32F415xx -c -I../Core/Inc -I../Drivers/STM32F4xx_HAL_Driver/Inc -I../Drivers/STM32F4xx_HAL_Driver/Inc/Legacy -I../Drivers/CMSIS/Device/ST/STM32F4xx/Include -I../Drivers/CMSIS/Include -I../USB_DEVICE/App -I../USB_DEVICE/Target -I../Middlewares/ST/STM32_USB_Device_Library/Core/Inc -I../Middlewares/ST/STM32_USB_Device_Library/Class/CDC/Inc -O0 -ffunction-sections -fdata-sections -Wall -fstack-usage -MMD -MP -MF"Core/Src/funksjoner.d" -MT"Core/Src/funksjoner.o" --specs=nano.specs -mfpu=fpv4-sp-d16 -mfloat-abi=hard -mthumb -o "Core/Src/funksjoner.o"
arm-none-eabi-gcc "../Core/Src/main.c" -mcpu=cortex-m4 -std=gnu11 -g3 -DDEBUG -DUSE_HAL_DRIVER -DSTM32F415xx -c -I../Core/Inc -I../Drivers/STM32F4xx_HAL_Driver/Inc -I../Drivers/STM32F4xx_HAL_Driver/Inc/Legacy -I../Drivers/CMSIS/Device/ST/STM32F4xx/Include -I../Drivers/CMSIS/Include -I../USB_DEVICE/App -I../USB_DEVICE/Target -I../Middlewares/ST/STM32_USB_Device_Library/Core/Inc -I../Middlewares/ST/STM32_USB_Device_Library/Class/CDC/Inc -O0 -ffunction-sections -fdata-sections -Wall -fstack-usage -MMD -MP -MF"Core/Src/main.d" -MT"Core/Src/main.o" --specs=nano.specs -mfpu=fpv4-sp-d16 -mfloat-abi=hard -mthumb -o "Core/Src/main.o"
arm-none-eabi-gcc -o "Sensorkort_Kode.elf" @"objects.list"   -mcpu=cortex-m4 -T"C:\Users\Jurgi\Documents\STM_prosjekter\Sensorkort\Sensorkort_Kode\STM32F415RGTX_FLASH.ld" --specs=nosys.specs -Wl,-Map="Sensorkort_Kode.map" -Wl,--gc-sections -static --specs=nano.specs -mfpu=fpv4-sp-d16 -mfloat-abi=hard -mthumb -Wl,--start-group -lc -lm -Wl,--end-group
Finished building target: Sensorkort_Kode.elf
 
arm-none-eabi-size   Sensorkort_Kode.elf 
arm-none-eabi-objdump -h -S  Sensorkort_Kode.elf  > "Sensorkort_Kode.list"
   text	   data	    bss	    dec	    hex	filename
  55892	    508	   9176	  65576	  10028	Sensorkort_Kode.elf
arm-none-eabi-objcopy  -O binary  Sensorkort_Kode.elf  "Sensorkort_Kode.bin"
Finished building: default.size.stdout
 
Finished building: Sensorkort_Kode.bin
 
Finished building: Sensorkort_Kode.list
 
14:36:54 **** Incremental Build of configuration Debug for project Sensorkort_Kode ****
make -j8 all 
arm-none-eabi-gcc "../Core/Src/funksjoner.c" -mcpu=cortex-m4 -std=gnu11 -g3 -DDEBUG -DUSE_HAL_DRIVER -DSTM32F415xx -c -I../Core/Inc -I../Drivers/STM32F4xx_HAL_Driver/Inc -I../Drivers/STM32F4xx_HAL_Driver/Inc/Legacy -I../Drivers/CMSIS/Device/ST/STM32F4xx/Include -I../Drivers/CMSIS/Include -I../USB_DEVICE/App -I../USB_DEVICE/Target -I../Middlewares/ST/STM32_USB_Device_Library/Core/Inc -I../Middlewares/ST/STM32_USB_Device_Library/Class/CDC/Inc -O0 -ffunction-sections -fdata-sections -Wall -fstack-usage -MMD -MP -MF"Core/Src/funksjoner.d" -MT"Core/Src/funksjoner.o" --specs=nano.specs -mfpu=fpv4-sp-d16 -mfloat-abi=hard -mthumb -o "Core/Src/funksjoner.o"
arm-none-eabi-gcc -o "Sensorkort_Kode.elf" @"objects.list"   -mcpu=cortex-m4 -T"C:\Users\Jurgi\Documents\STM_prosjekter\Sensorkort\Sensorkort_Kode\STM32F415RGTX_FLASH.ld" --specs=nosys.specs -Wl,-Map="Sensorkort_Kode.map" -Wl,--gc-sections -static --specs=nano.specs -mfpu=fpv4-sp-d16 -mfloat-abi=hard -mthumb -Wl,--start-group -lc -lm -Wl,--end-group
Finished building target: Sensorkort_Kode.elf
 
arm-none-eabi-size   Sensorkort_Kode.elf 
arm-none-eabi-objdump -h -S  Sensorkort_Kode.elf  > "Sensorkort_Kode.list"
   text	   data	    bss	    dec	    hex	filename
  55892	    508	   9176	  65576	  10028	Sensorkort_Kode.elf
arm-none-eabi-objcopy  -O binary  Sensorkort_Kode.elf  "Sensorkort_Kode.bin"
Finished building: default.size.stdout
 
Finished building: Sensorkort_Kode.bin
 
Finished building: Sensorkort_Kode.list
 
15:52:59 **** Incremental Build of configuration Debug for project Sensorkort_Kode ****
make -j8 all 
arm-none-eabi-size   Sensorkort_Kode.elf 
   text	   data	    bss	    dec	    hex	filename
  55892	    508	   9176	  65576	  10028	Sensorkort_Kode.elf
Finished building: default.size.stdout
 
15:53:08 **** Incremental Build of configuration Debug for project Sensorkort_Kode ****
make -j8 all 
arm-none-eabi-size   Sensorkort_Kode.elf 
   text	   data	    bss	    dec	    hex	filename
  55892	    508	   9176	  65576	  10028	Sensorkort_Kode.elf
Finished building: default.size.stdout
 
18:41:36 **** Build of configuration Debug for project Sensorkort_Kode ****
make -j8 all 
arm-none-eabi-gcc "../Core/Src/main.c" -mcpu=cortex-m4 -std=gnu11 -g3 -DDEBUG -DUSE_HAL_DRIVER -DSTM32F415xx -c -I../Core/Inc -I../Drivers/STM32F4xx_HAL_Driver/Inc -I../Drivers/STM32F4xx_HAL_Driver/Inc/Legacy -I../Drivers/CMSIS/Device/ST/STM32F4xx/Include -I../Drivers/CMSIS/Include -I../USB_DEVICE/App -I../USB_DEVICE/Target -I../Middlewares/ST/STM32_USB_Device_Library/Core/Inc -I../Middlewares/ST/STM32_USB_Device_Library/Class/CDC/Inc -O0 -ffunction-sections -fdata-sections -Wall -fstack-usage -MMD -MP -MF"Core/Src/main.d" -MT"Core/Src/main.o" --specs=nano.specs -mfpu=fpv4-sp-d16 -mfloat-abi=hard -mthumb -o "Core/Src/main.o"
arm-none-eabi-gcc -o "Sensorkort_Kode.elf" @"objects.list"   -mcpu=cortex-m4 -T"C:\Users\Jurgi\Documents\STM_prosjekter\Sensorkort\Sensorkort_Kode\STM32F415RGTX_FLASH.ld" --specs=nosys.specs -Wl,-Map="Sensorkort_Kode.map" -Wl,--gc-sections -static --specs=nano.specs -mfpu=fpv4-sp-d16 -mfloat-abi=hard -mthumb -Wl,--start-group -lc -lm -Wl,--end-group
Finished building target: Sensorkort_Kode.elf
 
arm-none-eabi-size   Sensorkort_Kode.elf 
arm-none-eabi-objdump -h -S  Sensorkort_Kode.elf  > "Sensorkort_Kode.list"
   text	   data	    bss	    dec	    hex	filename
  55916	    508	   9184	  65608	  10048	Sensorkort_Kode.elf
arm-none-eabi-objcopy  -O binary  Sensorkort_Kode.elf  "Sensorkort_Kode.bin"
Finished building: default.size.stdout
 
Finished building: Sensorkort_Kode.bin
 
Finished building: Sensorkort_Kode.list
 
18:43:50 **** Incremental Build of configuration Debug for project Sensorkort_Kode ****
make -j8 all 
arm-none-eabi-size   Sensorkort_Kode.elf 
   text	   data	    bss	    dec	    hex	filename
  55916	    508	   9184	  65608	  10048	Sensorkort_Kode.elf
Finished building: default.size.stdout
 
18:44:15 **** Incremental Build of configuration Debug for project Sensorkort_Kode ****
make -j8 all 
arm-none-eabi-size   Sensorkort_Kode.elf 
   text	   data	    bss	    dec	    hex	filename
  55916	    508	   9184	  65608	  10048	Sensorkort_Kode.elf
Finished building: default.size.stdout
 
18:46:53 **** Incremental Build of configuration Debug for project Sensorkort_Kode ****
make -j8 all 
arm-none-eabi-gcc "../Core/Src/main.c" -mcpu=cortex-m4 -std=gnu11 -g3 -DDEBUG -DUSE_HAL_DRIVER -DSTM32F415xx -c -I../Core/Inc -I../Drivers/STM32F4xx_HAL_Driver/Inc -I../Drivers/STM32F4xx_HAL_Driver/Inc/Legacy -I../Drivers/CMSIS/Device/ST/STM32F4xx/Include -I../Drivers/CMSIS/Include -I../USB_DEVICE/App -I../USB_DEVICE/Target -I../Middlewares/ST/STM32_USB_Device_Library/Core/Inc -I../Middlewares/ST/STM32_USB_Device_Library/Class/CDC/Inc -O0 -ffunction-sections -fdata-sections -Wall -fstack-usage -MMD -MP -MF"Core/Src/main.d" -MT"Core/Src/main.o" --specs=nano.specs -mfpu=fpv4-sp-d16 -mfloat-abi=hard -mthumb -o "Core/Src/main.o"
arm-none-eabi-gcc -o "Sensorkort_Kode.elf" @"objects.list"   -mcpu=cortex-m4 -T"C:\Users\Jurgi\Documents\STM_prosjekter\Sensorkort\Sensorkort_Kode\STM32F415RGTX_FLASH.ld" --specs=nosys.specs -Wl,-Map="Sensorkort_Kode.map" -Wl,--gc-sections -static --specs=nano.specs -mfpu=fpv4-sp-d16 -mfloat-abi=hard -mthumb -Wl,--start-group -lc -lm -Wl,--end-group
Finished building target: Sensorkort_Kode.elf
 
arm-none-eabi-size   Sensorkort_Kode.elf 
arm-none-eabi-objdump -h -S  Sensorkort_Kode.elf  > "Sensorkort_Kode.list"
arm-none-eabi-objcopy  -O binary  Sensorkort_Kode.elf  "Sensorkort_Kode.bin"
   text	   data	    bss	    dec	    hex	filename
  55916	    508	   9184	  65608	  10048	Sensorkort_Kode.elf
Finished building: default.size.stdout
 
Finished building: Sensorkort_Kode.bin
 
Finished building: Sensorkort_Kode.list
 
18:47:40 **** Incremental Build of configuration Debug for project Sensorkort_Kode ****
make -j8 all 
arm-none-eabi-gcc "../Core/Src/main.c" -mcpu=cortex-m4 -std=gnu11 -g3 -DDEBUG -DUSE_HAL_DRIVER -DSTM32F415xx -c -I../Core/Inc -I../Drivers/STM32F4xx_HAL_Driver/Inc -I../Drivers/STM32F4xx_HAL_Driver/Inc/Legacy -I../Drivers/CMSIS/Device/ST/STM32F4xx/Include -I../Drivers/CMSIS/Include -I../USB_DEVICE/App -I../USB_DEVICE/Target -I../Middlewares/ST/STM32_USB_Device_Library/Core/Inc -I../Middlewares/ST/STM32_USB_Device_Library/Class/CDC/Inc -O0 -ffunction-sections -fdata-sections -Wall -fstack-usage -MMD -MP -MF"Core/Src/main.d" -MT"Core/Src/main.o" --specs=nano.specs -mfpu=fpv4-sp-d16 -mfloat-abi=hard -mthumb -o "Core/Src/main.o"
arm-none-eabi-gcc -o "Sensorkort_Kode.elf" @"objects.list"   -mcpu=cortex-m4 -T"C:\Users\Jurgi\Documents\STM_prosjekter\Sensorkort\Sensorkort_Kode\STM32F415RGTX_FLASH.ld" --specs=nosys.specs -Wl,-Map="Sensorkort_Kode.map" -Wl,--gc-sections -static --specs=nano.specs -mfpu=fpv4-sp-d16 -mfloat-abi=hard -mthumb -Wl,--start-group -lc -lm -Wl,--end-group
Finished building target: Sensorkort_Kode.elf
 
arm-none-eabi-size   Sensorkort_Kode.elf 
arm-none-eabi-objdump -h -S  Sensorkort_Kode.elf  > "Sensorkort_Kode.list"
arm-none-eabi-objcopy  -O binary  Sensorkort_Kode.elf  "Sensorkort_Kode.bin"
   text	   data	    bss	    dec	    hex	filename
  55860	    508	   9184	  65552	  10010	Sensorkort_Kode.elf
Finished building: default.size.stdout
 
Finished building: Sensorkort_Kode.bin
 
Finished building: Sensorkort_Kode.list
 
18:54:42 **** Incremental Build of configuration Debug for project Sensorkort_Kode ****
make -j8 all 
arm-none-eabi-gcc "../Core/Src/funksjoner.c" -mcpu=cortex-m4 -std=gnu11 -g3 -DDEBUG -DUSE_HAL_DRIVER -DSTM32F415xx -c -I../Core/Inc -I../Drivers/STM32F4xx_HAL_Driver/Inc -I../Drivers/STM32F4xx_HAL_Driver/Inc/Legacy -I../Drivers/CMSIS/Device/ST/STM32F4xx/Include -I../Drivers/CMSIS/Include -I../USB_DEVICE/App -I../USB_DEVICE/Target -I../Middlewares/ST/STM32_USB_Device_Library/Core/Inc -I../Middlewares/ST/STM32_USB_Device_Library/Class/CDC/Inc -O0 -ffunction-sections -fdata-sections -Wall -fstack-usage -MMD -MP -MF"Core/Src/funksjoner.d" -MT"Core/Src/funksjoner.o" --specs=nano.specs -mfpu=fpv4-sp-d16 -mfloat-abi=hard -mthumb -o "Core/Src/funksjoner.o"
arm-none-eabi-gcc "../Core/Src/main.c" -mcpu=cortex-m4 -std=gnu11 -g3 -DDEBUG -DUSE_HAL_DRIVER -DSTM32F415xx -c -I../Core/Inc -I../Drivers/STM32F4xx_HAL_Driver/Inc -I../Drivers/STM32F4xx_HAL_Driver/Inc/Legacy -I../Drivers/CMSIS/Device/ST/STM32F4xx/Include -I../Drivers/CMSIS/Include -I../USB_DEVICE/App -I../USB_DEVICE/Target -I../Middlewares/ST/STM32_USB_Device_Library/Core/Inc -I../Middlewares/ST/STM32_USB_Device_Library/Class/CDC/Inc -O0 -ffunction-sections -fdata-sections -Wall -fstack-usage -MMD -MP -MF"Core/Src/main.d" -MT"Core/Src/main.o" --specs=nano.specs -mfpu=fpv4-sp-d16 -mfloat-abi=hard -mthumb -o "Core/Src/main.o"
arm-none-eabi-gcc "../Core/Src/stm32f4xx_it.c" -mcpu=cortex-m4 -std=gnu11 -g3 -DDEBUG -DUSE_HAL_DRIVER -DSTM32F415xx -c -I../Core/Inc -I../Drivers/STM32F4xx_HAL_Driver/Inc -I../Drivers/STM32F4xx_HAL_Driver/Inc/Legacy -I../Drivers/CMSIS/Device/ST/STM32F4xx/Include -I../Drivers/CMSIS/Include -I../USB_DEVICE/App -I../USB_DEVICE/Target -I../Middlewares/ST/STM32_USB_Device_Library/Core/Inc -I../Middlewares/ST/STM32_USB_Device_Library/Class/CDC/Inc -O0 -ffunction-sections -fdata-sections -Wall -fstack-usage -MMD -MP -MF"Core/Src/stm32f4xx_it.d" -MT"Core/Src/stm32f4xx_it.o" --specs=nano.specs -mfpu=fpv4-sp-d16 -mfloat-abi=hard -mthumb -o "Core/Src/stm32f4xx_it.o"
arm-none-eabi-gcc "../Core/Src/trykk.c" -mcpu=cortex-m4 -std=gnu11 -g3 -DDEBUG -DUSE_HAL_DRIVER -DSTM32F415xx -c -I../Core/Inc -I../Drivers/STM32F4xx_HAL_Driver/Inc -I../Drivers/STM32F4xx_HAL_Driver/Inc/Legacy -I../Drivers/CMSIS/Device/ST/STM32F4xx/Include -I../Drivers/CMSIS/Include -I../USB_DEVICE/App -I../USB_DEVICE/Target -I../Middlewares/ST/STM32_USB_Device_Library/Core/Inc -I../Middlewares/ST/STM32_USB_Device_Library/Class/CDC/Inc -O0 -ffunction-sections -fdata-sections -Wall -fstack-usage -MMD -MP -MF"Core/Src/trykk.d" -MT"Core/Src/trykk.o" --specs=nano.specs -mfpu=fpv4-sp-d16 -mfloat-abi=hard -mthumb -o "Core/Src/trykk.o"
arm-none-eabi-gcc -o "Sensorkort_Kode.elf" @"objects.list"   -mcpu=cortex-m4 -T"C:\Users\Jurgi\Documents\STM_prosjekter\Sensorkort\Sensorkort_Kode\STM32F415RGTX_FLASH.ld" --specs=nosys.specs -Wl,-Map="Sensorkort_Kode.map" -Wl,--gc-sections -static --specs=nano.specs -mfpu=fpv4-sp-d16 -mfloat-abi=hard -mthumb -Wl,--start-group -lc -lm -Wl,--end-group
Finished building target: Sensorkort_Kode.elf
 
arm-none-eabi-size   Sensorkort_Kode.elf 
arm-none-eabi-objdump -h -S  Sensorkort_Kode.elf  > "Sensorkort_Kode.list"
arm-none-eabi-objcopy  -O binary  Sensorkort_Kode.elf  "Sensorkort_Kode.bin"
   text	   data	    bss	    dec	    hex	filename
  55844	    508	   9184	  65536	  10000	Sensorkort_Kode.elf
Finished building: default.size.stdout
 
Finished building: Sensorkort_Kode.bin
 
Finished building: Sensorkort_Kode.list
 
18:54:50 **** Incremental Build of configuration Debug for project Sensorkort_Kode ****
make -j8 all 
arm-none-eabi-size   Sensorkort_Kode.elf 
   text	   data	    bss	    dec	    hex	filename
  55844	    508	   9184	  65536	  10000	Sensorkort_Kode.elf
Finished building: default.size.stdout
 
18:55:22 **** Incremental Build of configuration Debug for project Sensorkort_Kode ****
make -j8 all 
arm-none-eabi-gcc "../Core/Src/main.c" -mcpu=cortex-m4 -std=gnu11 -g3 -DDEBUG -DUSE_HAL_DRIVER -DSTM32F415xx -c -I../Core/Inc -I../Drivers/STM32F4xx_HAL_Driver/Inc -I../Drivers/STM32F4xx_HAL_Driver/Inc/Legacy -I../Drivers/CMSIS/Device/ST/STM32F4xx/Include -I../Drivers/CMSIS/Include -I../USB_DEVICE/App -I../USB_DEVICE/Target -I../Middlewares/ST/STM32_USB_Device_Library/Core/Inc -I../Middlewares/ST/STM32_USB_Device_Library/Class/CDC/Inc -O0 -ffunction-sections -fdata-sections -Wall -fstack-usage -MMD -MP -MF"Core/Src/main.d" -MT"Core/Src/main.o" --specs=nano.specs -mfpu=fpv4-sp-d16 -mfloat-abi=hard -mthumb -o "Core/Src/main.o"
arm-none-eabi-gcc -o "Sensorkort_Kode.elf" @"objects.list"   -mcpu=cortex-m4 -T"C:\Users\Jurgi\Documents\STM_prosjekter\Sensorkort\Sensorkort_Kode\STM32F415RGTX_FLASH.ld" --specs=nosys.specs -Wl,-Map="Sensorkort_Kode.map" -Wl,--gc-sections -static --specs=nano.specs -mfpu=fpv4-sp-d16 -mfloat-abi=hard -mthumb -Wl,--start-group -lc -lm -Wl,--end-group
Finished building target: Sensorkort_Kode.elf
 
arm-none-eabi-size   Sensorkort_Kode.elf 
arm-none-eabi-objdump -h -S  Sensorkort_Kode.elf  > "Sensorkort_Kode.list"
arm-none-eabi-objcopy  -O binary  Sensorkort_Kode.elf  "Sensorkort_Kode.bin"
   text	   data	    bss	    dec	    hex	filename
  55900	    508	   9184	  65592	  10038	Sensorkort_Kode.elf
Finished building: default.size.stdout
 
Finished building: Sensorkort_Kode.bin
 
Finished building: Sensorkort_Kode.list
 
18:56:01 **** Incremental Build of configuration Debug for project Sensorkort_Kode ****
make -j8 all 
arm-none-eabi-gcc "../Core/Src/funksjoner.c" -mcpu=cortex-m4 -std=gnu11 -g3 -DDEBUG -DUSE_HAL_DRIVER -DSTM32F415xx -c -I../Core/Inc -I../Drivers/STM32F4xx_HAL_Driver/Inc -I../Drivers/STM32F4xx_HAL_Driver/Inc/Legacy -I../Drivers/CMSIS/Device/ST/STM32F4xx/Include -I../Drivers/CMSIS/Include -I../USB_DEVICE/App -I../USB_DEVICE/Target -I../Middlewares/ST/STM32_USB_Device_Library/Core/Inc -I../Middlewares/ST/STM32_USB_Device_Library/Class/CDC/Inc -O0 -ffunction-sections -fdata-sections -Wall -fstack-usage -MMD -MP -MF"Core/Src/funksjoner.d" -MT"Core/Src/funksjoner.o" --specs=nano.specs -mfpu=fpv4-sp-d16 -mfloat-abi=hard -mthumb -o "Core/Src/funksjoner.o"
arm-none-eabi-gcc "../Core/Src/main.c" -mcpu=cortex-m4 -std=gnu11 -g3 -DDEBUG -DUSE_HAL_DRIVER -DSTM32F415xx -c -I../Core/Inc -I../Drivers/STM32F4xx_HAL_Driver/Inc -I../Drivers/STM32F4xx_HAL_Driver/Inc/Legacy -I../Drivers/CMSIS/Device/ST/STM32F4xx/Include -I../Drivers/CMSIS/Include -I../USB_DEVICE/App -I../USB_DEVICE/Target -I../Middlewares/ST/STM32_USB_Device_Library/Core/Inc -I../Middlewares/ST/STM32_USB_Device_Library/Class/CDC/Inc -O0 -ffunction-sections -fdata-sections -Wall -fstack-usage -MMD -MP -MF"Core/Src/main.d" -MT"Core/Src/main.o" --specs=nano.specs -mfpu=fpv4-sp-d16 -mfloat-abi=hard -mthumb -o "Core/Src/main.o"
arm-none-eabi-gcc "../Core/Src/stm32f4xx_it.c" -mcpu=cortex-m4 -std=gnu11 -g3 -DDEBUG -DUSE_HAL_DRIVER -DSTM32F415xx -c -I../Core/Inc -I../Drivers/STM32F4xx_HAL_Driver/Inc -I../Drivers/STM32F4xx_HAL_Driver/Inc/Legacy -I../Drivers/CMSIS/Device/ST/STM32F4xx/Include -I../Drivers/CMSIS/Include -I../USB_DEVICE/App -I../USB_DEVICE/Target -I../Middlewares/ST/STM32_USB_Device_Library/Core/Inc -I../Middlewares/ST/STM32_USB_Device_Library/Class/CDC/Inc -O0 -ffunction-sections -fdata-sections -Wall -fstack-usage -MMD -MP -MF"Core/Src/stm32f4xx_it.d" -MT"Core/Src/stm32f4xx_it.o" --specs=nano.specs -mfpu=fpv4-sp-d16 -mfloat-abi=hard -mthumb -o "Core/Src/stm32f4xx_it.o"
arm-none-eabi-gcc "../Core/Src/trykk.c" -mcpu=cortex-m4 -std=gnu11 -g3 -DDEBUG -DUSE_HAL_DRIVER -DSTM32F415xx -c -I../Core/Inc -I../Drivers/STM32F4xx_HAL_Driver/Inc -I../Drivers/STM32F4xx_HAL_Driver/Inc/Legacy -I../Drivers/CMSIS/Device/ST/STM32F4xx/Include -I../Drivers/CMSIS/Include -I../USB_DEVICE/App -I../USB_DEVICE/Target -I../Middlewares/ST/STM32_USB_Device_Library/Core/Inc -I../Middlewares/ST/STM32_USB_Device_Library/Class/CDC/Inc -O0 -ffunction-sections -fdata-sections -Wall -fstack-usage -MMD -MP -MF"Core/Src/trykk.d" -MT"Core/Src/trykk.o" --specs=nano.specs -mfpu=fpv4-sp-d16 -mfloat-abi=hard -mthumb -o "Core/Src/trykk.o"
arm-none-eabi-gcc -o "Sensorkort_Kode.elf" @"objects.list"   -mcpu=cortex-m4 -T"C:\Users\Jurgi\Documents\STM_prosjekter\Sensorkort\Sensorkort_Kode\STM32F415RGTX_FLASH.ld" --specs=nosys.specs -Wl,-Map="Sensorkort_Kode.map" -Wl,--gc-sections -static --specs=nano.specs -mfpu=fpv4-sp-d16 -mfloat-abi=hard -mthumb -Wl,--start-group -lc -lm -Wl,--end-group
Finished building target: Sensorkort_Kode.elf
 
arm-none-eabi-size   Sensorkort_Kode.elf 
arm-none-eabi-objdump -h -S  Sensorkort_Kode.elf  > "Sensorkort_Kode.list"
arm-none-eabi-objcopy  -O binary  Sensorkort_Kode.elf  "Sensorkort_Kode.bin"
   text	   data	    bss	    dec	    hex	filename
  55900	    508	   9184	  65592	  10038	Sensorkort_Kode.elf
Finished building: default.size.stdout
 
Finished building: Sensorkort_Kode.bin
 
Finished building: Sensorkort_Kode.list
 
18:56:08 **** Incremental Build of configuration Debug for project Sensorkort_Kode ****
make -j8 all 
arm-none-eabi-size   Sensorkort_Kode.elf 
   text	   data	    bss	    dec	    hex	filename
  55900	    508	   9184	  65592	  10038	Sensorkort_Kode.elf
Finished building: default.size.stdout
 
18:57:27 **** Incremental Build of configuration Debug for project Sensorkort_Kode ****
make -j8 all 
arm-none-eabi-size   Sensorkort_Kode.elf 
   text	   data	    bss	    dec	    hex	filename
  55900	    508	   9184	  65592	  10038	Sensorkort_Kode.elf
Finished building: default.size.stdout
 
18:57:28 **** Incremental Build of configuration Debug for project Sensorkort_Kode ****
make -j8 all 
arm-none-eabi-size   Sensorkort_Kode.elf 
   text	   data	    bss	    dec	    hex	filename
  55900	    508	   9184	  65592	  10038	Sensorkort_Kode.elf
Finished building: default.size.stdout
 
18:59:20 **** Incremental Build of configuration Debug for project Sensorkort_Kode ****
make -j8 all 
arm-none-eabi-gcc "../Core/Src/main.c" -mcpu=cortex-m4 -std=gnu11 -g3 -DDEBUG -DUSE_HAL_DRIVER -DSTM32F415xx -c -I../Core/Inc -I../Drivers/STM32F4xx_HAL_Driver/Inc -I../Drivers/STM32F4xx_HAL_Driver/Inc/Legacy -I../Drivers/CMSIS/Device/ST/STM32F4xx/Include -I../Drivers/CMSIS/Include -I../USB_DEVICE/App -I../USB_DEVICE/Target -I../Middlewares/ST/STM32_USB_Device_Library/Core/Inc -I../Middlewares/ST/STM32_USB_Device_Library/Class/CDC/Inc -O0 -ffunction-sections -fdata-sections -Wall -fstack-usage -MMD -MP -MF"Core/Src/main.d" -MT"Core/Src/main.o" --specs=nano.specs -mfpu=fpv4-sp-d16 -mfloat-abi=hard -mthumb -o "Core/Src/main.o"
arm-none-eabi-gcc -o "Sensorkort_Kode.elf" @"objects.list"   -mcpu=cortex-m4 -T"C:\Users\Jurgi\Documents\STM_prosjekter\Sensorkort\Sensorkort_Kode\STM32F415RGTX_FLASH.ld" --specs=nosys.specs -Wl,-Map="Sensorkort_Kode.map" -Wl,--gc-sections -static --specs=nano.specs -mfpu=fpv4-sp-d16 -mfloat-abi=hard -mthumb -Wl,--start-group -lc -lm -Wl,--end-group
Finished building target: Sensorkort_Kode.elf
 
arm-none-eabi-size   Sensorkort_Kode.elf 
arm-none-eabi-objdump -h -S  Sensorkort_Kode.elf  > "Sensorkort_Kode.list"
arm-none-eabi-objcopy  -O binary  Sensorkort_Kode.elf  "Sensorkort_Kode.bin"
   text	   data	    bss	    dec	    hex	filename
  55900	    508	   9184	  65592	  10038	Sensorkort_Kode.elf
Finished building: default.size.stdout
 
Finished building: Sensorkort_Kode.bin
 
Finished building: Sensorkort_Kode.list
 
18:59:40 **** Incremental Build of configuration Debug for project Sensorkort_Kode ****
make -j8 all 
arm-none-eabi-size   Sensorkort_Kode.elf 
   text	   data	    bss	    dec	    hex	filename
  55900	    508	   9184	  65592	  10038	Sensorkort_Kode.elf
Finished building: default.size.stdout
 
19:05:52 **** Incremental Build of configuration Debug for project Sensorkort_Kode ****
make -j8 all 
arm-none-eabi-gcc "../Core/Src/main.c" -mcpu=cortex-m4 -std=gnu11 -g3 -DDEBUG -DUSE_HAL_DRIVER -DSTM32F415xx -c -I../Core/Inc -I../Drivers/STM32F4xx_HAL_Driver/Inc -I../Drivers/STM32F4xx_HAL_Driver/Inc/Legacy -I../Drivers/CMSIS/Device/ST/STM32F4xx/Include -I../Drivers/CMSIS/Include -I../USB_DEVICE/App -I../USB_DEVICE/Target -I../Middlewares/ST/STM32_USB_Device_Library/Core/Inc -I../Middlewares/ST/STM32_USB_Device_Library/Class/CDC/Inc -O0 -ffunction-sections -fdata-sections -Wall -fstack-usage -MMD -MP -MF"Core/Src/main.d" -MT"Core/Src/main.o" --specs=nano.specs -mfpu=fpv4-sp-d16 -mfloat-abi=hard -mthumb -o "Core/Src/main.o"
arm-none-eabi-gcc -o "Sensorkort_Kode.elf" @"objects.list"   -mcpu=cortex-m4 -T"C:\Users\Jurgi\Documents\STM_prosjekter\Sensorkort\Sensorkort_Kode\STM32F415RGTX_FLASH.ld" --specs=nosys.specs -Wl,-Map="Sensorkort_Kode.map" -Wl,--gc-sections -static --specs=nano.specs -mfpu=fpv4-sp-d16 -mfloat-abi=hard -mthumb -Wl,--start-group -lc -lm -Wl,--end-group
Finished building target: Sensorkort_Kode.elf
 
arm-none-eabi-size   Sensorkort_Kode.elf 
arm-none-eabi-objdump -h -S  Sensorkort_Kode.elf  > "Sensorkort_Kode.list"
arm-none-eabi-objcopy  -O binary  Sensorkort_Kode.elf  "Sensorkort_Kode.bin"
   text	   data	    bss	    dec	    hex	filename
  55900	    508	   9184	  65592	  10038	Sensorkort_Kode.elf
Finished building: default.size.stdout
 
Finished building: Sensorkort_Kode.bin
 
Finished building: Sensorkort_Kode.list
 
19:08:24 **** Incremental Build of configuration Debug for project Sensorkort_Kode ****
make -j8 all 
arm-none-eabi-gcc "../Core/Src/main.c" -mcpu=cortex-m4 -std=gnu11 -g3 -DDEBUG -DUSE_HAL_DRIVER -DSTM32F415xx -c -I../Core/Inc -I../Drivers/STM32F4xx_HAL_Driver/Inc -I../Drivers/STM32F4xx_HAL_Driver/Inc/Legacy -I../Drivers/CMSIS/Device/ST/STM32F4xx/Include -I../Drivers/CMSIS/Include -I../USB_DEVICE/App -I../USB_DEVICE/Target -I../Middlewares/ST/STM32_USB_Device_Library/Core/Inc -I../Middlewares/ST/STM32_USB_Device_Library/Class/CDC/Inc -O0 -ffunction-sections -fdata-sections -Wall -fstack-usage -MMD -MP -MF"Core/Src/main.d" -MT"Core/Src/main.o" --specs=nano.specs -mfpu=fpv4-sp-d16 -mfloat-abi=hard -mthumb -o "Core/Src/main.o"
arm-none-eabi-gcc -o "Sensorkort_Kode.elf" @"objects.list"   -mcpu=cortex-m4 -T"C:\Users\Jurgi\Documents\STM_prosjekter\Sensorkort\Sensorkort_Kode\STM32F415RGTX_FLASH.ld" --specs=nosys.specs -Wl,-Map="Sensorkort_Kode.map" -Wl,--gc-sections -static --specs=nano.specs -mfpu=fpv4-sp-d16 -mfloat-abi=hard -mthumb -Wl,--start-group -lc -lm -Wl,--end-group
Finished building target: Sensorkort_Kode.elf
 
arm-none-eabi-size   Sensorkort_Kode.elf 
arm-none-eabi-objdump -h -S  Sensorkort_Kode.elf  > "Sensorkort_Kode.list"
arm-none-eabi-objcopy  -O binary  Sensorkort_Kode.elf  "Sensorkort_Kode.bin"
   text	   data	    bss	    dec	    hex	filename
  55884	    508	   9184	  65576	  10028	Sensorkort_Kode.elf
Finished building: default.size.stdout
 
Finished building: Sensorkort_Kode.bin
 
Finished building: Sensorkort_Kode.list
 
19:10:12 **** Incremental Build of configuration Debug for project Sensorkort_Kode ****
make -j8 all 
arm-none-eabi-size   Sensorkort_Kode.elf 
   text	   data	    bss	    dec	    hex	filename
  55884	    508	   9184	  65576	  10028	Sensorkort_Kode.elf
Finished building: default.size.stdout
 
19:13:04 **** Incremental Build of configuration Debug for project Sensorkort_Kode ****
make -j8 all 
arm-none-eabi-gcc "../Core/Src/funksjoner.c" -mcpu=cortex-m4 -std=gnu11 -g3 -DDEBUG -DUSE_HAL_DRIVER -DSTM32F415xx -c -I../Core/Inc -I../Drivers/STM32F4xx_HAL_Driver/Inc -I../Drivers/STM32F4xx_HAL_Driver/Inc/Legacy -I../Drivers/CMSIS/Device/ST/STM32F4xx/Include -I../Drivers/CMSIS/Include -I../USB_DEVICE/App -I../USB_DEVICE/Target -I../Middlewares/ST/STM32_USB_Device_Library/Core/Inc -I../Middlewares/ST/STM32_USB_Device_Library/Class/CDC/Inc -O0 -ffunction-sections -fdata-sections -Wall -fstack-usage -MMD -MP -MF"Core/Src/funksjoner.d" -MT"Core/Src/funksjoner.o" --specs=nano.specs -mfpu=fpv4-sp-d16 -mfloat-abi=hard -mthumb -o "Core/Src/funksjoner.o"
arm-none-eabi-gcc "../Core/Src/main.c" -mcpu=cortex-m4 -std=gnu11 -g3 -DDEBUG -DUSE_HAL_DRIVER -DSTM32F415xx -c -I../Core/Inc -I../Drivers/STM32F4xx_HAL_Driver/Inc -I../Drivers/STM32F4xx_HAL_Driver/Inc/Legacy -I../Drivers/CMSIS/Device/ST/STM32F4xx/Include -I../Drivers/CMSIS/Include -I../USB_DEVICE/App -I../USB_DEVICE/Target -I../Middlewares/ST/STM32_USB_Device_Library/Core/Inc -I../Middlewares/ST/STM32_USB_Device_Library/Class/CDC/Inc -O0 -ffunction-sections -fdata-sections -Wall -fstack-usage -MMD -MP -MF"Core/Src/main.d" -MT"Core/Src/main.o" --specs=nano.specs -mfpu=fpv4-sp-d16 -mfloat-abi=hard -mthumb -o "Core/Src/main.o"
arm-none-eabi-gcc "../Core/Src/stm32f4xx_it.c" -mcpu=cortex-m4 -std=gnu11 -g3 -DDEBUG -DUSE_HAL_DRIVER -DSTM32F415xx -c -I../Core/Inc -I../Drivers/STM32F4xx_HAL_Driver/Inc -I../Drivers/STM32F4xx_HAL_Driver/Inc/Legacy -I../Drivers/CMSIS/Device/ST/STM32F4xx/Include -I../Drivers/CMSIS/Include -I../USB_DEVICE/App -I../USB_DEVICE/Target -I../Middlewares/ST/STM32_USB_Device_Library/Core/Inc -I../Middlewares/ST/STM32_USB_Device_Library/Class/CDC/Inc -O0 -ffunction-sections -fdata-sections -Wall -fstack-usage -MMD -MP -MF"Core/Src/stm32f4xx_it.d" -MT"Core/Src/stm32f4xx_it.o" --specs=nano.specs -mfpu=fpv4-sp-d16 -mfloat-abi=hard -mthumb -o "Core/Src/stm32f4xx_it.o"
arm-none-eabi-gcc "../Core/Src/trykk.c" -mcpu=cortex-m4 -std=gnu11 -g3 -DDEBUG -DUSE_HAL_DRIVER -DSTM32F415xx -c -I../Core/Inc -I../Drivers/STM32F4xx_HAL_Driver/Inc -I../Drivers/STM32F4xx_HAL_Driver/Inc/Legacy -I../Drivers/CMSIS/Device/ST/STM32F4xx/Include -I../Drivers/CMSIS/Include -I../USB_DEVICE/App -I../USB_DEVICE/Target -I../Middlewares/ST/STM32_USB_Device_Library/Core/Inc -I../Middlewares/ST/STM32_USB_Device_Library/Class/CDC/Inc -O0 -ffunction-sections -fdata-sections -Wall -fstack-usage -MMD -MP -MF"Core/Src/trykk.d" -MT"Core/Src/trykk.o" --specs=nano.specs -mfpu=fpv4-sp-d16 -mfloat-abi=hard -mthumb -o "Core/Src/trykk.o"
In file included from ../Core/Src/main.c:36:
../Core/Inc/extern_variabler.h:210:7: error: redefinition of 'P'
  210 | float P = 0.0;
      |       ^
In file included from ../Core/Src/main.c:35:
../Core/Inc/variabler.h:193:7: note: previous definition of 'P' was here
  193 | float P = 0.0;
      |       ^
In file included from ../Core/Src/main.c:36:
../Core/Inc/extern_variabler.h:211:7: error: redefinition of 'P0'
  211 | float P0 = 0.0;
      |       ^~
In file included from ../Core/Src/main.c:35:
../Core/Inc/variabler.h:194:7: note: previous definition of 'P0' was here
  194 | float P0 = 0.0;
      |       ^~
make: *** [Core/Src/subdir.mk:58: Core/Src/main.o] Error 1
make: *** Waiting for unfinished jobs....
"make -j8 all" terminated with exit code 2. Build might be incomplete.
19:13:29 **** Incremental Build of configuration Debug for project Sensorkort_Kode ****
make -j8 all 
arm-none-eabi-gcc "../Core/Src/funksjoner.c" -mcpu=cortex-m4 -std=gnu11 -g3 -DDEBUG -DUSE_HAL_DRIVER -DSTM32F415xx -c -I../Core/Inc -I../Drivers/STM32F4xx_HAL_Driver/Inc -I../Drivers/STM32F4xx_HAL_Driver/Inc/Legacy -I../Drivers/CMSIS/Device/ST/STM32F4xx/Include -I../Drivers/CMSIS/Include -I../USB_DEVICE/App -I../USB_DEVICE/Target -I../Middlewares/ST/STM32_USB_Device_Library/Core/Inc -I../Middlewares/ST/STM32_USB_Device_Library/Class/CDC/Inc -O0 -ffunction-sections -fdata-sections -Wall -fstack-usage -MMD -MP -MF"Core/Src/funksjoner.d" -MT"Core/Src/funksjoner.o" --specs=nano.specs -mfpu=fpv4-sp-d16 -mfloat-abi=hard -mthumb -o "Core/Src/funksjoner.o"
arm-none-eabi-gcc "../Core/Src/main.c" -mcpu=cortex-m4 -std=gnu11 -g3 -DDEBUG -DUSE_HAL_DRIVER -DSTM32F415xx -c -I../Core/Inc -I../Drivers/STM32F4xx_HAL_Driver/Inc -I../Drivers/STM32F4xx_HAL_Driver/Inc/Legacy -I../Drivers/CMSIS/Device/ST/STM32F4xx/Include -I../Drivers/CMSIS/Include -I../USB_DEVICE/App -I../USB_DEVICE/Target -I../Middlewares/ST/STM32_USB_Device_Library/Core/Inc -I../Middlewares/ST/STM32_USB_Device_Library/Class/CDC/Inc -O0 -ffunction-sections -fdata-sections -Wall -fstack-usage -MMD -MP -MF"Core/Src/main.d" -MT"Core/Src/main.o" --specs=nano.specs -mfpu=fpv4-sp-d16 -mfloat-abi=hard -mthumb -o "Core/Src/main.o"
arm-none-eabi-gcc "../Core/Src/stm32f4xx_it.c" -mcpu=cortex-m4 -std=gnu11 -g3 -DDEBUG -DUSE_HAL_DRIVER -DSTM32F415xx -c -I../Core/Inc -I../Drivers/STM32F4xx_HAL_Driver/Inc -I../Drivers/STM32F4xx_HAL_Driver/Inc/Legacy -I../Drivers/CMSIS/Device/ST/STM32F4xx/Include -I../Drivers/CMSIS/Include -I../USB_DEVICE/App -I../USB_DEVICE/Target -I../Middlewares/ST/STM32_USB_Device_Library/Core/Inc -I../Middlewares/ST/STM32_USB_Device_Library/Class/CDC/Inc -O0 -ffunction-sections -fdata-sections -Wall -fstack-usage -MMD -MP -MF"Core/Src/stm32f4xx_it.d" -MT"Core/Src/stm32f4xx_it.o" --specs=nano.specs -mfpu=fpv4-sp-d16 -mfloat-abi=hard -mthumb -o "Core/Src/stm32f4xx_it.o"
arm-none-eabi-gcc "../Core/Src/trykk.c" -mcpu=cortex-m4 -std=gnu11 -g3 -DDEBUG -DUSE_HAL_DRIVER -DSTM32F415xx -c -I../Core/Inc -I../Drivers/STM32F4xx_HAL_Driver/Inc -I../Drivers/STM32F4xx_HAL_Driver/Inc/Legacy -I../Drivers/CMSIS/Device/ST/STM32F4xx/Include -I../Drivers/CMSIS/Include -I../USB_DEVICE/App -I../USB_DEVICE/Target -I../Middlewares/ST/STM32_USB_Device_Library/Core/Inc -I../Middlewares/ST/STM32_USB_Device_Library/Class/CDC/Inc -O0 -ffunction-sections -fdata-sections -Wall -fstack-usage -MMD -MP -MF"Core/Src/trykk.d" -MT"Core/Src/trykk.o" --specs=nano.specs -mfpu=fpv4-sp-d16 -mfloat-abi=hard -mthumb -o "Core/Src/trykk.o"
arm-none-eabi-gcc -o "Sensorkort_Kode.elf" @"objects.list"   -mcpu=cortex-m4 -T"C:\Users\Jurgi\Documents\STM_prosjekter\Sensorkort\Sensorkort_Kode\STM32F415RGTX_FLASH.ld" --specs=nosys.specs -Wl,-Map="Sensorkort_Kode.map" -Wl,--gc-sections -static --specs=nano.specs -mfpu=fpv4-sp-d16 -mfloat-abi=hard -mthumb -Wl,--start-group -lc -lm -Wl,--end-group
Finished building target: Sensorkort_Kode.elf
 
arm-none-eabi-size   Sensorkort_Kode.elf 
arm-none-eabi-objdump -h -S  Sensorkort_Kode.elf  > "Sensorkort_Kode.list"
arm-none-eabi-objcopy  -O binary  Sensorkort_Kode.elf  "Sensorkort_Kode.bin"
   text	   data	    bss	    dec	    hex	filename
  55884	    508	   9184	  65576	  10028	Sensorkort_Kode.elf
Finished building: default.size.stdout
 
Finished building: Sensorkort_Kode.bin
 
Finished building: Sensorkort_Kode.list
 
19:13:55 **** Incremental Build of configuration Debug for project Sensorkort_Kode ****
make -j8 all 
arm-none-eabi-size   Sensorkort_Kode.elf 
   text	   data	    bss	    dec	    hex	filename
  55884	    508	   9184	  65576	  10028	Sensorkort_Kode.elf
Finished building: default.size.stdout
 
19:14:48 **** Incremental Build of configuration Debug for project Sensorkort_Kode ****
make -j8 all 
arm-none-eabi-gcc "../Core/Src/main.c" -mcpu=cortex-m4 -std=gnu11 -g3 -DDEBUG -DUSE_HAL_DRIVER -DSTM32F415xx -c -I../Core/Inc -I../Drivers/STM32F4xx_HAL_Driver/Inc -I../Drivers/STM32F4xx_HAL_Driver/Inc/Legacy -I../Drivers/CMSIS/Device/ST/STM32F4xx/Include -I../Drivers/CMSIS/Include -I../USB_DEVICE/App -I../USB_DEVICE/Target -I../Middlewares/ST/STM32_USB_Device_Library/Core/Inc -I../Middlewares/ST/STM32_USB_Device_Library/Class/CDC/Inc -O0 -ffunction-sections -fdata-sections -Wall -fstack-usage -MMD -MP -MF"Core/Src/main.d" -MT"Core/Src/main.o" --specs=nano.specs -mfpu=fpv4-sp-d16 -mfloat-abi=hard -mthumb -o "Core/Src/main.o"
arm-none-eabi-gcc -o "Sensorkort_Kode.elf" @"objects.list"   -mcpu=cortex-m4 -T"C:\Users\Jurgi\Documents\STM_prosjekter\Sensorkort\Sensorkort_Kode\STM32F415RGTX_FLASH.ld" --specs=nosys.specs -Wl,-Map="Sensorkort_Kode.map" -Wl,--gc-sections -static --specs=nano.specs -mfpu=fpv4-sp-d16 -mfloat-abi=hard -mthumb -Wl,--start-group -lc -lm -Wl,--end-group
Finished building target: Sensorkort_Kode.elf
 
arm-none-eabi-size   Sensorkort_Kode.elf 
arm-none-eabi-objdump -h -S  Sensorkort_Kode.elf  > "Sensorkort_Kode.list"
arm-none-eabi-objcopy  -O binary  Sensorkort_Kode.elf  "Sensorkort_Kode.bin"
   text	   data	    bss	    dec	    hex	filename
  55892	    508	   9184	  65584	  10030	Sensorkort_Kode.elf
Finished building: default.size.stdout
 
Finished building: Sensorkort_Kode.bin
 
Finished building: Sensorkort_Kode.list
 
19:15:07 **** Incremental Build of configuration Debug for project Sensorkort_Kode ****
make -j8 all 
arm-none-eabi-gcc "../Core/Src/main.c" -mcpu=cortex-m4 -std=gnu11 -g3 -DDEBUG -DUSE_HAL_DRIVER -DSTM32F415xx -c -I../Core/Inc -I../Drivers/STM32F4xx_HAL_Driver/Inc -I../Drivers/STM32F4xx_HAL_Driver/Inc/Legacy -I../Drivers/CMSIS/Device/ST/STM32F4xx/Include -I../Drivers/CMSIS/Include -I../USB_DEVICE/App -I../USB_DEVICE/Target -I../Middlewares/ST/STM32_USB_Device_Library/Core/Inc -I../Middlewares/ST/STM32_USB_Device_Library/Class/CDC/Inc -O0 -ffunction-sections -fdata-sections -Wall -fstack-usage -MMD -MP -MF"Core/Src/main.d" -MT"Core/Src/main.o" --specs=nano.specs -mfpu=fpv4-sp-d16 -mfloat-abi=hard -mthumb -o "Core/Src/main.o"
arm-none-eabi-gcc -o "Sensorkort_Kode.elf" @"objects.list"   -mcpu=cortex-m4 -T"C:\Users\Jurgi\Documents\STM_prosjekter\Sensorkort\Sensorkort_Kode\STM32F415RGTX_FLASH.ld" --specs=nosys.specs -Wl,-Map="Sensorkort_Kode.map" -Wl,--gc-sections -static --specs=nano.specs -mfpu=fpv4-sp-d16 -mfloat-abi=hard -mthumb -Wl,--start-group -lc -lm -Wl,--end-group
Finished building target: Sensorkort_Kode.elf
 
arm-none-eabi-size   Sensorkort_Kode.elf 
arm-none-eabi-objdump -h -S  Sensorkort_Kode.elf  > "Sensorkort_Kode.list"
arm-none-eabi-objcopy  -O binary  Sensorkort_Kode.elf  "Sensorkort_Kode.bin"
   text	   data	    bss	    dec	    hex	filename
  55892	    508	   9184	  65584	  10030	Sensorkort_Kode.elf
Finished building: default.size.stdout
 
Finished building: Sensorkort_Kode.bin
 
Finished building: Sensorkort_Kode.list
 
19:15:19 **** Incremental Build of configuration Debug for project Sensorkort_Kode ****
make -j8 all 
arm-none-eabi-size   Sensorkort_Kode.elf 
   text	   data	    bss	    dec	    hex	filename
  55892	    508	   9184	  65584	  10030	Sensorkort_Kode.elf
Finished building: default.size.stdout
 
19:19:53 **** Incremental Build of configuration Debug for project Sensorkort_Kode ****
make -j8 all 
arm-none-eabi-gcc "../Core/Src/main.c" -mcpu=cortex-m4 -std=gnu11 -g3 -DDEBUG -DUSE_HAL_DRIVER -DSTM32F415xx -c -I../Core/Inc -I../Drivers/STM32F4xx_HAL_Driver/Inc -I../Drivers/STM32F4xx_HAL_Driver/Inc/Legacy -I../Drivers/CMSIS/Device/ST/STM32F4xx/Include -I../Drivers/CMSIS/Include -I../USB_DEVICE/App -I../USB_DEVICE/Target -I../Middlewares/ST/STM32_USB_Device_Library/Core/Inc -I../Middlewares/ST/STM32_USB_Device_Library/Class/CDC/Inc -O0 -ffunction-sections -fdata-sections -Wall -fstack-usage -MMD -MP -MF"Core/Src/main.d" -MT"Core/Src/main.o" --specs=nano.specs -mfpu=fpv4-sp-d16 -mfloat-abi=hard -mthumb -o "Core/Src/main.o"
arm-none-eabi-gcc -o "Sensorkort_Kode.elf" @"objects.list"   -mcpu=cortex-m4 -T"C:\Users\Jurgi\Documents\STM_prosjekter\Sensorkort\Sensorkort_Kode\STM32F415RGTX_FLASH.ld" --specs=nosys.specs -Wl,-Map="Sensorkort_Kode.map" -Wl,--gc-sections -static --specs=nano.specs -mfpu=fpv4-sp-d16 -mfloat-abi=hard -mthumb -Wl,--start-group -lc -lm -Wl,--end-group
Finished building target: Sensorkort_Kode.elf
 
arm-none-eabi-size   Sensorkort_Kode.elf 
arm-none-eabi-objdump -h -S  Sensorkort_Kode.elf  > "Sensorkort_Kode.list"
arm-none-eabi-objcopy  -O binary  Sensorkort_Kode.elf  "Sensorkort_Kode.bin"
   text	   data	    bss	    dec	    hex	filename
  55892	    508	   9184	  65584	  10030	Sensorkort_Kode.elf
Finished building: default.size.stdout
 
Finished building: Sensorkort_Kode.bin
 
Finished building: Sensorkort_Kode.list
 
19:20:03 **** Incremental Build of configuration Debug for project Sensorkort_Kode ****
make -j8 all 
arm-none-eabi-size   Sensorkort_Kode.elf 
   text	   data	    bss	    dec	    hex	filename
  55892	    508	   9184	  65584	  10030	Sensorkort_Kode.elf
Finished building: default.size.stdout
 
19:22:16 **** Incremental Build of configuration Debug for project Sensorkort_Kode ****
make -j8 all 
arm-none-eabi-size   Sensorkort_Kode.elf 
   text	   data	    bss	    dec	    hex	filename
  55892	    508	   9184	  65584	  10030	Sensorkort_Kode.elf
Finished building: default.size.stdout
 
19:57:53 **** Incremental Build of configuration Debug for project Sensorkort_Kode ****
make -j8 all 
arm-none-eabi-gcc "../Core/Src/main.c" -mcpu=cortex-m4 -std=gnu11 -g3 -DDEBUG -DUSE_HAL_DRIVER -DSTM32F415xx -c -I../Core/Inc -I../Drivers/STM32F4xx_HAL_Driver/Inc -I../Drivers/STM32F4xx_HAL_Driver/Inc/Legacy -I../Drivers/CMSIS/Device/ST/STM32F4xx/Include -I../Drivers/CMSIS/Include -I../USB_DEVICE/App -I../USB_DEVICE/Target -I../Middlewares/ST/STM32_USB_Device_Library/Core/Inc -I../Middlewares/ST/STM32_USB_Device_Library/Class/CDC/Inc -O0 -ffunction-sections -fdata-sections -Wall -fstack-usage -MMD -MP -MF"Core/Src/main.d" -MT"Core/Src/main.o" --specs=nano.specs -mfpu=fpv4-sp-d16 -mfloat-abi=hard -mthumb -o "Core/Src/main.o"
arm-none-eabi-gcc -o "Sensorkort_Kode.elf" @"objects.list"   -mcpu=cortex-m4 -T"C:\Users\Jurgi\Documents\STM_prosjekter\Sensorkort\Sensorkort_Kode\STM32F415RGTX_FLASH.ld" --specs=nosys.specs -Wl,-Map="Sensorkort_Kode.map" -Wl,--gc-sections -static --specs=nano.specs -mfpu=fpv4-sp-d16 -mfloat-abi=hard -mthumb -Wl,--start-group -lc -lm -Wl,--end-group
Finished building target: Sensorkort_Kode.elf
 
arm-none-eabi-size   Sensorkort_Kode.elf 
arm-none-eabi-objdump -h -S  Sensorkort_Kode.elf  > "Sensorkort_Kode.list"
arm-none-eabi-objcopy  -O binary  Sensorkort_Kode.elf  "Sensorkort_Kode.bin"
   text	   data	    bss	    dec	    hex	filename
  55876	    508	   9176	  65560	  10018	Sensorkort_Kode.elf
Finished building: default.size.stdout
 
Finished building: Sensorkort_Kode.bin
 
Finished building: Sensorkort_Kode.list
 
19:59:57 **** Incremental Build of configuration Debug for project Sensorkort_Kode ****
make -j8 all 
arm-none-eabi-gcc "../Core/Src/main.c" -mcpu=cortex-m4 -std=gnu11 -g3 -DDEBUG -DUSE_HAL_DRIVER -DSTM32F415xx -c -I../Core/Inc -I../Drivers/STM32F4xx_HAL_Driver/Inc -I../Drivers/STM32F4xx_HAL_Driver/Inc/Legacy -I../Drivers/CMSIS/Device/ST/STM32F4xx/Include -I../Drivers/CMSIS/Include -I../USB_DEVICE/App -I../USB_DEVICE/Target -I../Middlewares/ST/STM32_USB_Device_Library/Core/Inc -I../Middlewares/ST/STM32_USB_Device_Library/Class/CDC/Inc -O0 -ffunction-sections -fdata-sections -Wall -fstack-usage -MMD -MP -MF"Core/Src/main.d" -MT"Core/Src/main.o" --specs=nano.specs -mfpu=fpv4-sp-d16 -mfloat-abi=hard -mthumb -o "Core/Src/main.o"
[...]
make -j8 all 
arm-none-eabi-gcc "../Core/Src/icm20948.c" -mcpu=cortex-m4 -std=gnu11 -g3 -DDEBUG -DUSE_HAL_DRIVER -DSTM32F415xx -c -I../Core/Inc -I../Drivers/STM32F4xx_HAL_Driver/Inc -I../Drivers/STM32F4xx_HAL_Driver/Inc/Legacy -I../Drivers/CMSIS/Device/ST/STM32F4xx/Include -I../Drivers/CMSIS/Include -I../USB_DEVICE/App -I../USB_DEVICE/Target -I../Middlewares/ST/STM32_USB_Device_Library/Core/Inc -I../Middlewares/ST/STM32_USB_Device_Library/Class/CDC/Inc -O0 -ffunction-sections -fdata-sections -Wall -fstack-usage -MMD -MP -MF"Core/Src/icm20948.d" -MT"Core/Src/icm20948.o" --specs=nano.specs -mfpu=fpv4-sp-d16 -mfloat-abi=hard -mthumb -o "Core/Src/icm20948.o"
arm-none-eabi-gcc -o "Sensorkort_Kode.elf" @"objects.list"   -mcpu=cortex-m4 -T"C:\Users\Jurgi\Documents\STM_prosjekter\Sensorkort\Sensorkort_Kode\STM32F415RGTX_FLASH.ld" --specs=nosys.specs -Wl,-Map="Sensorkort_Kode.map" -Wl,--gc-sections -static --specs=nano.specs -mfpu=fpv4-sp-d16 -mfloat-abi=hard -mthumb -Wl,--start-group -lc -lm -Wl,--end-group
Finished building target: Sensorkort_Kode.elf
 
arm-none-eabi-size   Sensorkort_Kode.elf 
arm-none-eabi-objdump -h -S  Sensorkort_Kode.elf  > "Sensorkort_Kode.list"
arm-none-eabi-objcopy  -O binary  Sensorkort_Kode.elf  "Sensorkort_Kode.bin"
   text	   data	    bss	    dec	    hex	filename
  48380	    508	   9136	  58024	   e2a8	Sensorkort_Kode.elf
Finished building: default.size.stdout
 
Finished building: Sensorkort_Kode.bin
 
Finished building: Sensorkort_Kode.list
 
11:30:37 **** Incremental Build of configuration Debug for project Sensorkort_Kode ****
make -j8 all 
arm-none-eabi-gcc "../Core/Src/icm20948.c" -mcpu=cortex-m4 -std=gnu11 -g3 -DDEBUG -DUSE_HAL_DRIVER -DSTM32F415xx -c -I../Core/Inc -I../Drivers/STM32F4xx_HAL_Driver/Inc -I../Drivers/STM32F4xx_HAL_Driver/Inc/Legacy -I../Drivers/CMSIS/Device/ST/STM32F4xx/Include -I../Drivers/CMSIS/Include -I../USB_DEVICE/App -I../USB_DEVICE/Target -I../Middlewares/ST/STM32_USB_Device_Library/Core/Inc -I../Middlewares/ST/STM32_USB_Device_Library/Class/CDC/Inc -O0 -ffunction-sections -fdata-sections -Wall -fstack-usage -MMD -MP -MF"Core/Src/icm20948.d" -MT"Core/Src/icm20948.o" --specs=nano.specs -mfpu=fpv4-sp-d16 -mfloat-abi=hard -mthumb -o "Core/Src/icm20948.o"
arm-none-eabi-gcc -o "Sensorkort_Kode.elf" @"objects.list"   -mcpu=cortex-m4 -T"C:\Users\Jurgi\Documents\STM_prosjekter\Sensorkort\Sensorkort_Kode\STM32F415RGTX_FLASH.ld" --specs=nosys.specs -Wl,-Map="Sensorkort_Kode.map" -Wl,--gc-sections -static --specs=nano.specs -mfpu=fpv4-sp-d16 -mfloat-abi=hard -mthumb -Wl,--start-group -lc -lm -Wl,--end-group
Finished building target: Sensorkort_Kode.elf
 
arm-none-eabi-size   Sensorkort_Kode.elf 
arm-none-eabi-objdump -h -S  Sensorkort_Kode.elf  > "Sensorkort_Kode.list"
arm-none-eabi-objcopy  -O binary  Sensorkort_Kode.elf  "Sensorkort_Kode.bin"
   text	   data	    bss	    dec	    hex	filename
  48380	    508	   9136	  58024	   e2a8	Sensorkort_Kode.elf
Finished building: default.size.stdout
 
Finished building: Sensorkort_Kode.bin
 
Finished building: Sensorkort_Kode.list
 
11:30:54 **** Incremental Build of configuration Debug for project Sensorkort_Kode ****
make -j8 all 
arm-none-eabi-size   Sensorkort_Kode.elf 
   text	   data	    bss	    dec	    hex	filename
  48380	    508	   9136	  58024	   e2a8	Sensorkort_Kode.elf
Finished building: default.size.stdout
 
11:35:25 **** Incremental Build of configuration Debug for project Sensorkort_Kode ****
make -j8 all 
arm-none-eabi-gcc "../Core/Src/icm20948.c" -mcpu=cortex-m4 -std=gnu11 -g3 -DDEBUG -DUSE_HAL_DRIVER -DSTM32F415xx -c -I../Core/Inc -I../Drivers/STM32F4xx_HAL_Driver/Inc -I../Drivers/STM32F4xx_HAL_Driver/Inc/Legacy -I../Drivers/CMSIS/Device/ST/STM32F4xx/Include -I../Drivers/CMSIS/Include -I../USB_DEVICE/App -I../USB_DEVICE/Target -I../Middlewares/ST/STM32_USB_Device_Library/Core/Inc -I../Middlewares/ST/STM32_USB_Device_Library/Class/CDC/Inc -O0 -ffunction-sections -fdata-sections -Wall -fstack-usage -MMD -MP -MF"Core/Src/icm20948.d" -MT"Core/Src/icm20948.o" --specs=nano.specs -mfpu=fpv4-sp-d16 -mfloat-abi=hard -mthumb -o "Core/Src/icm20948.o"
arm-none-eabi-gcc -o "Sensorkort_Kode.elf" @"objects.list"   -mcpu=cortex-m4 -T"C:\Users\Jurgi\Documents\STM_prosjekter\Sensorkort\Sensorkort_Kode\STM32F415RGTX_FLASH.ld" --specs=nosys.specs -Wl,-Map="Sensorkort_Kode.map" -Wl,--gc-sections -static --specs=nano.specs -mfpu=fpv4-sp-d16 -mfloat-abi=hard -mthumb -Wl,--start-group -lc -lm -Wl,--end-group
Finished building target: Sensorkort_Kode.elf
 
arm-none-eabi-size   Sensorkort_Kode.elf 
arm-none-eabi-objdump -h -S  Sensorkort_Kode.elf  > "Sensorkort_Kode.list"
arm-none-eabi-objcopy  -O binary  Sensorkort_Kode.elf  "Sensorkort_Kode.bin"
   text	   data	    bss	    dec	    hex	filename
  48380	    508	   9136	  58024	   e2a8	Sensorkort_Kode.elf
Finished building: default.size.stdout
 
Finished building: Sensorkort_Kode.bin
 
Finished building: Sensorkort_Kode.list
 
11:36:18 **** Incremental Build of configuration Debug for project Sensorkort_Kode ****
make -j8 all 
arm-none-eabi-size   Sensorkort_Kode.elf 
   text	   data	    bss	    dec	    hex	filename
  48380	    508	   9136	  58024	   e2a8	Sensorkort_Kode.elf
Finished building: default.size.stdout
 
11:38:18 **** Incremental Build of configuration Debug for project Sensorkort_Kode ****
make -j8 all 
arm-none-eabi-size   Sensorkort_Kode.elf 
   text	   data	    bss	    dec	    hex	filename
  48380	    508	   9136	  58024	   e2a8	Sensorkort_Kode.elf
Finished building: default.size.stdout
 
11:38:27 **** Incremental Build of configuration Debug for project Sensorkort_Kode ****
make -j8 all 
arm-none-eabi-size   Sensorkort_Kode.elf 
   text	   data	    bss	    dec	    hex	filename
  48380	    508	   9136	  58024	   e2a8	Sensorkort_Kode.elf
Finished building: default.size.stdout
 
11:43:47 **** Incremental Build of configuration Debug for project Sensorkort_Kode ****
make -j8 all 
arm-none-eabi-gcc "../Core/Src/icm20948.c" -mcpu=cortex-m4 -std=gnu11 -g3 -DDEBUG -DUSE_HAL_DRIVER -DSTM32F415xx -c -I../Core/Inc -I../Drivers/STM32F4xx_HAL_Driver/Inc -I../Drivers/STM32F4xx_HAL_Driver/Inc/Legacy -I../Drivers/CMSIS/Device/ST/STM32F4xx/Include -I../Drivers/CMSIS/Include -I../USB_DEVICE/App -I../USB_DEVICE/Target -I../Middlewares/ST/STM32_USB_Device_Library/Core/Inc -I../Middlewares/ST/STM32_USB_Device_Library/Class/CDC/Inc -O0 -ffunction-sections -fdata-sections -Wall -fstack-usage -MMD -MP -MF"Core/Src/icm20948.d" -MT"Core/Src/icm20948.o" --specs=nano.specs -mfpu=fpv4-sp-d16 -mfloat-abi=hard -mthumb -o "Core/Src/icm20948.o"
arm-none-eabi-gcc -o "Sensorkort_Kode.elf" @"objects.list"   -mcpu=cortex-m4 -T"C:\Users\Jurgi\Documents\STM_prosjekter\Sensorkort\Sensorkort_Kode\STM32F415RGTX_FLASH.ld" --specs=nosys.specs -Wl,-Map="Sensorkort_Kode.map" -Wl,--gc-sections -static --specs=nano.specs -mfpu=fpv4-sp-d16 -mfloat-abi=hard -mthumb -Wl,--start-group -lc -lm -Wl,--end-group
Finished building target: Sensorkort_Kode.elf
 
arm-none-eabi-size   Sensorkort_Kode.elf 
arm-none-eabi-objdump -h -S  Sensorkort_Kode.elf  > "Sensorkort_Kode.list"
arm-none-eabi-objcopy  -O binary  Sensorkort_Kode.elf  "Sensorkort_Kode.bin"
   text	   data	    bss	    dec	    hex	filename
  48380	    508	   9136	  58024	   e2a8	Sensorkort_Kode.elf
Finished building: default.size.stdout
 
Finished building: Sensorkort_Kode.bin
 
Finished building: Sensorkort_Kode.list
 
11:43:54 **** Incremental Build of configuration Debug for project Sensorkort_Kode ****
make -j8 all 
arm-none-eabi-size   Sensorkort_Kode.elf 
   text	   data	    bss	    dec	    hex	filename
  48380	    508	   9136	  58024	   e2a8	Sensorkort_Kode.elf
Finished building: default.size.stdout
 
11:47:24 **** Incremental Build of configuration Debug for project Sensorkort_Kode ****
make -j8 all 
arm-none-eabi-gcc "../Core/Src/icm20948.c" -mcpu=cortex-m4 -std=gnu11 -g3 -DDEBUG -DUSE_HAL_DRIVER -DSTM32F415xx -c -I../Core/Inc -I../Drivers/STM32F4xx_HAL_Driver/Inc -I../Drivers/STM32F4xx_HAL_Driver/Inc/Legacy -I../Drivers/CMSIS/Device/ST/STM32F4xx/Include -I../Drivers/CMSIS/Include -I../USB_DEVICE/App -I../USB_DEVICE/Target -I../Middlewares/ST/STM32_USB_Device_Library/Core/Inc -I../Middlewares/ST/STM32_USB_Device_Library/Class/CDC/Inc -O0 -ffunction-sections -fdata-sections -Wall -fstack-usage -MMD -MP -MF"Core/Src/icm20948.d" -MT"Core/Src/icm20948.o" --specs=nano.specs -mfpu=fpv4-sp-d16 -mfloat-abi=hard -mthumb -o "Core/Src/icm20948.o"
arm-none-eabi-gcc -o "Sensorkort_Kode.elf" @"objects.list"   -mcpu=cortex-m4 -T"C:\Users\Jurgi\Documents\STM_prosjekter\Sensorkort\Sensorkort_Kode\STM32F415RGTX_FLASH.ld" --specs=nosys.specs -Wl,-Map="Sensorkort_Kode.map" -Wl,--gc-sections -static --specs=nano.specs -mfpu=fpv4-sp-d16 -mfloat-abi=hard -mthumb -Wl,--start-group -lc -lm -Wl,--end-group
Finished building target: Sensorkort_Kode.elf
 
arm-none-eabi-size   Sensorkort_Kode.elf 
arm-none-eabi-objdump -h -S  Sensorkort_Kode.elf  > "Sensorkort_Kode.list"
arm-none-eabi-objcopy  -O binary  Sensorkort_Kode.elf  "Sensorkort_Kode.bin"
   text	   data	    bss	    dec	    hex	filename
  48380	    508	   9136	  58024	   e2a8	Sensorkort_Kode.elf
Finished building: default.size.stdout
 
Finished building: Sensorkort_Kode.bin
 
Finished building: Sensorkort_Kode.list
 
11:47:34 **** Incremental Build of configuration Debug for project Sensorkort_Kode ****
make -j8 all 
arm-none-eabi-size   Sensorkort_Kode.elf 
   text	   data	    bss	    dec	    hex	filename
  48380	    508	   9136	  58024	   e2a8	Sensorkort_Kode.elf
Finished building: default.size.stdout
 
11:48:25 **** Incremental Build of configuration Debug for project Sensorkort_Kode ****
make -j8 all 
arm-none-eabi-size   Sensorkort_Kode.elf 
   text	   data	    bss	    dec	    hex	filename
  48380	    508	   9136	  58024	   e2a8	Sensorkort_Kode.elf
Finished building: default.size.stdout
 
14:37:36 **** Incremental Build of configuration Debug for project Sensorkort_Kode ****
make -j8 all 
arm-none-eabi-gcc "../Core/Src/icm20948.c" -mcpu=cortex-m4 -std=gnu11 -g3 -DDEBUG -DUSE_HAL_DRIVER -DSTM32F415xx -c -I../Core/Inc -I../Drivers/STM32F4xx_HAL_Driver/Inc -I../Drivers/STM32F4xx_HAL_Driver/Inc/Legacy -I../Drivers/CMSIS/Device/ST/STM32F4xx/Include -I../Drivers/CMSIS/Include -I../USB_DEVICE/App -I../USB_DEVICE/Target -I../Middlewares/ST/STM32_USB_Device_Library/Core/Inc -I../Middlewares/ST/STM32_USB_Device_Library/Class/CDC/Inc -O0 -ffunction-sections -fdata-sections -Wall -fstack-usage -MMD -MP -MF"Core/Src/icm20948.d" -MT"Core/Src/icm20948.o" --specs=nano.specs -mfpu=fpv4-sp-d16 -mfloat-abi=hard -mthumb -o "Core/Src/icm20948.o"
arm-none-eabi-gcc -o "Sensorkort_Kode.elf" @"objects.list"   -mcpu=cortex-m4 -T"C:\Users\Jurgi\Documents\STM_prosjekter\Sensorkort\Sensorkort_Kode\STM32F415RGTX_FLASH.ld" --specs=nosys.specs -Wl,-Map="Sensorkort_Kode.map" -Wl,--gc-sections -static --specs=nano.specs -mfpu=fpv4-sp-d16 -mfloat-abi=hard -mthumb -Wl,--start-group -lc -lm -Wl,--end-group
Finished building target: Sensorkort_Kode.elf
 
arm-none-eabi-size   Sensorkort_Kode.elf 
arm-none-eabi-objdump -h -S  Sensorkort_Kode.elf  > "Sensorkort_Kode.list"
arm-none-eabi-objcopy  -O binary  Sensorkort_Kode.elf  "Sensorkort_Kode.bin"
   text	   data	    bss	    dec	    hex	filename
  48380	    508	   9136	  58024	   e2a8	Sensorkort_Kode.elf
Finished building: default.size.stdout
 
Finished building: Sensorkort_Kode.bin
 
Finished building: Sensorkort_Kode.list
 
14:37:47 **** Incremental Build of configuration Debug for project Sensorkort_Kode ****
make -j8 all 
arm-none-eabi-size   Sensorkort_Kode.elf 
   text	   data	    bss	    dec	    hex	filename
  48380	    508	   9136	  58024	   e2a8	Sensorkort_Kode.elf
Finished building: default.size.stdout
 
19:35:00 **** Incremental Build of configuration Debug for project Sensorkort_Kode ****
make -j8 all 
arm-none-eabi-gcc "../Core/Src/main.c" -mcpu=cortex-m4 -std=gnu11 -g3 -DDEBUG -DUSE_HAL_DRIVER -DSTM32F415xx -c -I../Core/Inc -I../Drivers/STM32F4xx_HAL_Driver/Inc -I../Drivers/STM32F4xx_HAL_Driver/Inc/Legacy -I../Drivers/CMSIS/Device/ST/STM32F4xx/Include -I../Drivers/CMSIS/Include -I../USB_DEVICE/App -I../USB_DEVICE/Target -I../Middlewares/ST/STM32_USB_Device_Library/Core/Inc -I../Middlewares/ST/STM32_USB_Device_Library/Class/CDC/Inc -O0 -ffunction-sections -fdata-sections -Wall -fstack-usage -MMD -MP -MF"Core/Src/main.d" -MT"Core/Src/main.o" --specs=nano.specs -mfpu=fpv4-sp-d16 -mfloat-abi=hard -mthumb -o "Core/Src/main.o"
arm-none-eabi-gcc -o "Sensorkort_Kode.elf" @"objects.list"   -mcpu=cortex-m4 -T"C:\Users\Jurgi\Documents\STM_prosjekter\Sensorkort\Sensorkort_Kode\STM32F415RGTX_FLASH.ld" --specs=nosys.specs -Wl,-Map="Sensorkort_Kode.map" -Wl,--gc-sections -static --specs=nano.specs -mfpu=fpv4-sp-d16 -mfloat-abi=hard -mthumb -Wl,--start-group -lc -lm -Wl,--end-group
Finished building target: Sensorkort_Kode.elf
 
arm-none-eabi-size   Sensorkort_Kode.elf 
arm-none-eabi-objdump -h -S  Sensorkort_Kode.elf  > "Sensorkort_Kode.list"
arm-none-eabi-objcopy  -O binary  Sensorkort_Kode.elf  "Sensorkort_Kode.bin"
   text	   data	    bss	    dec	    hex	filename
  48412	    508	   9136	  58056	   e2c8	Sensorkort_Kode.elf
Finished building: default.size.stdout
 
Finished building: Sensorkort_Kode.bin
 
Finished building: Sensorkort_Kode.list
 
20:04:30 **** Incremental Build of configuration Debug for project Sensorkort_Kode ****
make -j8 all 
arm-none-eabi-size   Sensorkort_Kode.elf 
   text	   data	    bss	    dec	    hex	filename
  48412	    508	   9136	  58056	   e2c8	Sensorkort_Kode.elf
Finished building: default.size.stdout
 
20:04:36 **** Incremental Build of configuration Debug for project Sensorkort_Kode ****
make -j8 all 
arm-none-eabi-size   Sensorkort_Kode.elf 
   text	   data	    bss	    dec	    hex	filename
  48412	    508	   9136	  58056	   e2c8	Sensorkort_Kode.elf
Finished building: default.size.stdout
 
20:05:01 **** Incremental Build of configuration Debug for project Sensorkort_Kode ****
make -j8 all 
arm-none-eabi-size   Sensorkort_Kode.elf 
   text	   data	    bss	    dec	    hex	filename
  48412	    508	   9136	  58056	   e2c8	Sensorkort_Kode.elf
Finished building: default.size.stdout
 
20:05:12 **** Incremental Build of configuration Debug for project Sensorkort_Kode ****
make -j8 all 
arm-none-eabi-size   Sensorkort_Kode.elf 
   text	   data	    bss	    dec	    hex	filename
  48412	    508	   9136	  58056	   e2c8	Sensorkort_Kode.elf
Finished building: default.size.stdout
 
20:05:45 **** Incremental Build of configuration Debug for project Sensorkort_Kode ****
make -j8 all 
arm-none-eabi-size   Sensorkort_Kode.elf 
   text	   data	    bss	    dec	    hex	filename
  48412	    508	   9136	  58056	   e2c8	Sensorkort_Kode.elf
Finished building: default.size.stdout
 
20:07:29 **** Incremental Build of configuration Debug for project Sensorkort_Kode ****
make -j8 all 
arm-none-eabi-gcc "../Core/Src/main.c" -mcpu=cortex-m4 -std=gnu11 -g3 -DDEBUG -DUSE_HAL_DRIVER -DSTM32F415xx -c -I../Core/Inc -I../Drivers/STM32F4xx_HAL_Driver/Inc -I../Drivers/STM32F4xx_HAL_Driver/Inc/Legacy -I../Drivers/CMSIS/Device/ST/STM32F4xx/Include -I../Drivers/CMSIS/Include -I../USB_DEVICE/App -I../USB_DEVICE/Target -I../Middlewares/ST/STM32_USB_Device_Library/Core/Inc -I../Middlewares/ST/STM32_USB_Device_Library/Class/CDC/Inc -O0 -ffunction-sections -fdata-sections -Wall -fstack-usage -MMD -MP -MF"Core/Src/main.d" -MT"Core/Src/main.o" --specs=nano.specs -mfpu=fpv4-sp-d16 -mfloat-abi=hard -mthumb -o "Core/Src/main.o"
arm-none-eabi-gcc -o "Sensorkort_Kode.elf" @"objects.list"   -mcpu=cortex-m4 -T"C:\Users\Jurgi\Documents\STM_prosjekter\Sensorkort\Sensorkort_Kode\STM32F415RGTX_FLASH.ld" --specs=nosys.specs -Wl,-Map="Sensorkort_Kode.map" -Wl,--gc-sections -static --specs=nano.specs -mfpu=fpv4-sp-d16 -mfloat-abi=hard -mthumb -Wl,--start-group -lc -lm -Wl,--end-group
Finished building target: Sensorkort_Kode.elf
 
arm-none-eabi-size   Sensorkort_Kode.elf 
arm-none-eabi-objdump -h -S  Sensorkort_Kode.elf  > "Sensorkort_Kode.list"
arm-none-eabi-objcopy  -O binary  Sensorkort_Kode.elf  "Sensorkort_Kode.bin"
   text	   data	    bss	    dec	    hex	filename
  48412	    508	   9136	  58056	   e2c8	Sensorkort_Kode.elf
Finished building: default.size.stdout
 
Finished building: Sensorkort_Kode.bin
 
Finished building: Sensorkort_Kode.list
 
20:07:48 **** Incremental Build of configuration Debug for project Sensorkort_Kode ****
make -j8 all 
arm-none-eabi-size   Sensorkort_Kode.elf 
   text	   data	    bss	    dec	    hex	filename
  48412	    508	   9136	  58056	   e2c8	Sensorkort_Kode.elf
Finished building: default.size.stdout
 
20:08:17 **** Incremental Build of configuration Debug for project Sensorkort_Kode ****
make -j8 all 
arm-none-eabi-size   Sensorkort_Kode.elf 
   text	   data	    bss	    dec	    hex	filename
  48412	    508	   9136	  58056	   e2c8	Sensorkort_Kode.elf
Finished building: default.size.stdout
 
20:08:44 **** Incremental Build of configuration Debug for project Sensorkort_Kode ****
make -j8 all 
arm-none-eabi-size   Sensorkort_Kode.elf 
   text	   data	    bss	    dec	    hex	filename
  48412	    508	   9136	  58056	   e2c8	Sensorkort_Kode.elf
Finished building: default.size.stdout
 
20:17:05 **** Incremental Build of configuration Debug for project Sensorkort_Kode ****
make -j8 all 
arm-none-eabi-size   Sensorkort_Kode.elf 
   text	   data	    bss	    dec	    hex	filename
  48412	    508	   9136	  58056	   e2c8	Sensorkort_Kode.elf
Finished building: default.size.stdout
 
20:20:24 **** Incremental Build of configuration Debug for project Sensorkort_Kode ****
make -j8 all 
arm-none-eabi-size   Sensorkort_Kode.elf 
   text	   data	    bss	    dec	    hex	filename
  48412	    508	   9136	  58056	   e2c8	Sensorkort_Kode.elf
Finished building: default.size.stdout
 
20:27:07 **** Incremental Build of configuration Debug for project Sensorkort_Kode ****
make -j8 all 
arm-none-eabi-size   Sensorkort_Kode.elf 
   text	   data	    bss	    dec	    hex	filename
  48412	    508	   9136	  58056	   e2c8	Sensorkort_Kode.elf
Finished building: default.size.stdout
 
20:10:38 **** Incremental Build of configuration Debug for project Sensorkort_Kode ****
make -j8 all 
arm-none-eabi-gcc "../Core/Src/main.c" -mcpu=cortex-m4 -std=gnu11 -g3 -DDEBUG -DUSE_HAL_DRIVER -DSTM32F415xx -c -I../Core/Inc -I../Drivers/STM32F4xx_HAL_Driver/Inc -I../Drivers/STM32F4xx_HAL_Driver/Inc/Legacy -I../Drivers/CMSIS/Device/ST/STM32F4xx/Include -I../Drivers/CMSIS/Include -I../USB_DEVICE/App -I../USB_DEVICE/Target -I../Middlewares/ST/STM32_USB_Device_Library/Core/Inc -I../Middlewares/ST/STM32_USB_Device_Library/Class/CDC/Inc -O0 -ffunction-sections -fdata-sections -Wall -fstack-usage -MMD -MP -MF"Core/Src/main.d" -MT"Core/Src/main.o" --specs=nano.specs -mfpu=fpv4-sp-d16 -mfloat-abi=hard -mthumb -o "Core/Src/main.o"
arm-none-eabi-gcc -o "Sensorkort_Kode.elf" @"objects.list"   -mcpu=cortex-m4 -T"C:\Users\Jurgi\Documents\STM_prosjekter\Sensorkort\Sensorkort_Kode\STM32F415RGTX_FLASH.ld" --specs=nosys.specs -Wl,-Map="Sensorkort_Kode.map" -Wl,--gc-sections -static --specs=nano.specs -mfpu=fpv4-sp-d16 -mfloat-abi=hard -mthumb -Wl,--start-group -lc -lm -Wl,--end-group
Finished building target: Sensorkort_Kode.elf
 
arm-none-eabi-size   Sensorkort_Kode.elf 
arm-none-eabi-objdump -h -S  Sensorkort_Kode.elf  > "Sensorkort_Kode.list"
   text	   data	    bss	    dec	    hex	filename
  55860	    508	   9184	  65552	  10010	Sensorkort_Kode.elf
arm-none-eabi-objcopy  -O binary  Sensorkort_Kode.elf  "Sensorkort_Kode.bin"
Finished building: default.size.stdout
 
Finished building: Sensorkort_Kode.bin
 
Finished building: Sensorkort_Kode.list
 
20:10:50 **** Incremental Build of configuration Debug for project Sensorkort_Kode ****
make -j8 all 
arm-none-eabi-size   Sensorkort_Kode.elf 
   text	   data	    bss	    dec	    hex	filename
  55860	    508	   9184	  65552	  10010	Sensorkort_Kode.elf
Finished building: default.size.stdout
 
